Archive member included because of file (symbol)

c:/freescale/kds_v3/toolchain/bin/../lib/gcc/arm-none-eabi/4.8.4/armv6-m\libgcc.a(_udivsi3.o)
                              ./Generated_Code/DbgTerminal.o (__aeabi_uidiv)
c:/freescale/kds_v3/toolchain/bin/../lib/gcc/arm-none-eabi/4.8.4/armv6-m\libgcc.a(_dvmd_tls.o)
                              c:/freescale/kds_v3/toolchain/bin/../lib/gcc/arm-none-eabi/4.8.4/armv6-m\libgcc.a(_udivsi3.o) (__aeabi_idiv0)
c:/freescale/kds_v3/toolchain/bin/../lib/gcc/arm-none-eabi/4.8.4/armv6-m\libgcc.a(_arm_cmpsf2.o)
                              ./Generated_Code/DbgTerminal.o (__aeabi_fcmplt)
c:/freescale/kds_v3/toolchain/bin/../lib/gcc/arm-none-eabi/4.8.4/armv6-m\libgcc.a(_fixunssfsi.o)
                              ./Generated_Code/DbgTerminal.o (__aeabi_f2uiz)
c:/freescale/kds_v3/toolchain/bin/../lib/gcc/arm-none-eabi/4.8.4/armv6-m\libgcc.a(eqsf2.o)
                              c:/freescale/kds_v3/toolchain/bin/../lib/gcc/arm-none-eabi/4.8.4/armv6-m\libgcc.a(_arm_cmpsf2.o) (__eqsf2)
c:/freescale/kds_v3/toolchain/bin/../lib/gcc/arm-none-eabi/4.8.4/armv6-m\libgcc.a(gesf2.o)
                              c:/freescale/kds_v3/toolchain/bin/../lib/gcc/arm-none-eabi/4.8.4/armv6-m\libgcc.a(_arm_cmpsf2.o) (__gesf2)
c:/freescale/kds_v3/toolchain/bin/../lib/gcc/arm-none-eabi/4.8.4/armv6-m\libgcc.a(lesf2.o)
                              c:/freescale/kds_v3/toolchain/bin/../lib/gcc/arm-none-eabi/4.8.4/armv6-m\libgcc.a(_arm_cmpsf2.o) (__lesf2)
c:/freescale/kds_v3/toolchain/bin/../lib/gcc/arm-none-eabi/4.8.4/armv6-m\libgcc.a(mulsf3.o)
                              ./Generated_Code/DbgTerminal.o (__aeabi_fmul)
c:/freescale/kds_v3/toolchain/bin/../lib/gcc/arm-none-eabi/4.8.4/armv6-m\libgcc.a(subsf3.o)
                              ./Generated_Code/DbgTerminal.o (__aeabi_fsub)
c:/freescale/kds_v3/toolchain/bin/../lib/gcc/arm-none-eabi/4.8.4/armv6-m\libgcc.a(fixsfsi.o)
                              c:/freescale/kds_v3/toolchain/bin/../lib/gcc/arm-none-eabi/4.8.4/armv6-m\libgcc.a(_fixunssfsi.o) (__aeabi_f2iz)
c:/freescale/kds_v3/toolchain/bin/../lib/gcc/arm-none-eabi/4.8.4/armv6-m\libgcc.a(floatunsisf.o)
                              ./Generated_Code/DbgTerminal.o (__aeabi_ui2f)
c:/freescale/kds_v3/toolchain/bin/../lib/gcc/arm-none-eabi/4.8.4/armv6-m\libgcc.a(_clzsi2.o)
                              c:/freescale/kds_v3/toolchain/bin/../lib/gcc/arm-none-eabi/4.8.4/armv6-m\libgcc.a(mulsf3.o) (__clzsi2)
c:/freescale/kds_v3/toolchain/bin/../lib/gcc/arm-none-eabi/4.8.4/../../../../arm-none-eabi/lib/armv6-m\libg_s.a(lib_a-assert.o)
                              ./modules/timer_timeout/timer_timeout.o (__assert_func)
c:/freescale/kds_v3/toolchain/bin/../lib/gcc/arm-none-eabi/4.8.4/../../../../arm-none-eabi/lib/armv6-m\libg_s.a(lib_a-calloc.o)
                              ./modules/queue/fifo.o (calloc)
c:/freescale/kds_v3/toolchain/bin/../lib/gcc/arm-none-eabi/4.8.4/../../../../arm-none-eabi/lib/armv6-m\libg_s.a(lib_a-exit.o)
                              c:/freescale/kds_v3/toolchain/bin/../lib/gcc/arm-none-eabi/4.8.4/../../../../arm-none-eabi/lib/armv6-m/crt0.o (exit)
c:/freescale/kds_v3/toolchain/bin/../lib/gcc/arm-none-eabi/4.8.4/../../../../arm-none-eabi/lib/armv6-m\libg_s.a(lib_a-fprintf.o)
                              c:/freescale/kds_v3/toolchain/bin/../lib/gcc/arm-none-eabi/4.8.4/../../../../arm-none-eabi/lib/armv6-m\libg_s.a(lib_a-assert.o) (fiprintf)
c:/freescale/kds_v3/toolchain/bin/../lib/gcc/arm-none-eabi/4.8.4/../../../../arm-none-eabi/lib/armv6-m\libg_s.a(lib_a-impure.o)
                              c:/freescale/kds_v3/toolchain/bin/../lib/gcc/arm-none-eabi/4.8.4/../../../../arm-none-eabi/lib/armv6-m\libg_s.a(lib_a-exit.o) (_global_impure_ptr)
c:/freescale/kds_v3/toolchain/bin/../lib/gcc/arm-none-eabi/4.8.4/../../../../arm-none-eabi/lib/armv6-m\libg_s.a(lib_a-init.o)
                              c:/freescale/kds_v3/toolchain/bin/../lib/gcc/arm-none-eabi/4.8.4/../../../../arm-none-eabi/lib/armv6-m/crt0.o (__libc_init_array)
c:/freescale/kds_v3/toolchain/bin/../lib/gcc/arm-none-eabi/4.8.4/../../../../arm-none-eabi/lib/armv6-m\libg_s.a(lib_a-malloc.o)
                              ./modules/shell/history_list.o (malloc)
c:/freescale/kds_v3/toolchain/bin/../lib/gcc/arm-none-eabi/4.8.4/../../../../arm-none-eabi/lib/armv6-m\libg_s.a(lib_a-memcpy-stub.o)
                              ./modules/queue/fifo.o (memcpy)
c:/freescale/kds_v3/toolchain/bin/../lib/gcc/arm-none-eabi/4.8.4/../../../../arm-none-eabi/lib/armv6-m\libg_s.a(lib_a-memset.o)
                              c:/freescale/kds_v3/toolchain/bin/../lib/gcc/arm-none-eabi/4.8.4/../../../../arm-none-eabi/lib/armv6-m/crt0.o (memset)
c:/freescale/kds_v3/toolchain/bin/../lib/gcc/arm-none-eabi/4.8.4/../../../../arm-none-eabi/lib/armv6-m\libg_s.a(lib_a-nano-callocr.o)
                              c:/freescale/kds_v3/toolchain/bin/../lib/gcc/arm-none-eabi/4.8.4/../../../../arm-none-eabi/lib/armv6-m\libg_s.a(lib_a-calloc.o) (_calloc_r)
[...]
Memory Configuration

Name             Origin             Length             Attributes
m_interrupts     0x00000000         0x000000c0         xr
m_text           0x00000410         0x0001fbf0         xr
m_data           0x1ffff000         0x00004000         rw
m_cfmprotrom     0x00000400         0x00000010         xr
*default*        0x00000000         0xffffffff

Linker script and memory map

LOAD c:/freescale/kds_v3/toolchain/bin/../lib/gcc/arm-none-eabi/4.8.4/armv6-m/crti.o
LOAD c:/freescale/kds_v3/toolchain/bin/../lib/gcc/arm-none-eabi/4.8.4/armv6-m/crtbegin.o
LOAD c:/freescale/kds_v3/toolchain/bin/../lib/gcc/arm-none-eabi/4.8.4/../../../../arm-none-eabi/lib/armv6-m/crt0.o
LOAD ./modules/timer_timeout/timer_timeout.o
LOAD ./modules/terminal/terminal.o
LOAD ./modules/shell/history_list.o
LOAD ./modules/shell/shell.o
LOAD ./modules/queue/fifo.o
LOAD ./modules/queue/queue.o
LOAD ./modules/hd44780/hd44780.o
LOAD ./modules/can_t/can_t.o
LOAD ./Static_Code/System/CPU_Init.o
LOAD ./Static_Code/System/Peripherals_Init.o
LOAD ./Static_Code/System/Vectors.o
LOAD ./Sources/Events.o
LOAD ./Sources/main.o
LOAD ./Sources/vmain.o
LOAD ./Project_Settings/Startup_Code/startup.o
LOAD ./Generated_Code/ASerialLdd1.o
LOAD ./Generated_Code/BitIoLdd1.o
LOAD ./Generated_Code/BitIoLdd2.o
LOAD ./Generated_Code/BitIoLdd3.o
LOAD ./Generated_Code/BitIoLdd4.o
LOAD ./Generated_Code/BitIoLdd5.o
LOAD ./Generated_Code/BitIoLdd6.o
LOAD ./Generated_Code/BitIoLdd7.o
LOAD ./Generated_Code/BitIoLdd8.o
LOAD ./Generated_Code/BitIoLdd9.o
LOAD ./Generated_Code/BlueLED.o
LOAD ./Generated_Code/CAN1.o
LOAD ./Generated_Code/Cpu.o
LOAD ./Generated_Code/Data_4.o
LOAD ./Generated_Code/Data_5.o
LOAD ./Generated_Code/Data_6.o
LOAD ./Generated_Code/Data_7.o
LOAD ./Generated_Code/DbgTerminal.o
LOAD ./Generated_Code/Enable.o
LOAD ./Generated_Code/GreenLED.o
LOAD ./Generated_Code/Inhr1.o
LOAD ./Generated_Code/PE_LDD.o
LOAD ./Generated_Code/Pins1.o
LOAD ./Generated_Code/R_W.o
LOAD ./Generated_Code/Reg_sel.o
LOAD ./Generated_Code/TU1.o
LOAD c:/freescale/kds_v3/toolchain/bin/../lib/gcc/arm-none-eabi/4.8.4/../../../../arm-none-eabi/lib/armv6-m\libstdc++_s.a
LOAD c:/freescale/kds_v3/toolchain/bin/../lib/gcc/arm-none-eabi/4.8.4/../../../../arm-none-eabi/lib/armv6-m\libm.a
START GROUP
LOAD c:/freescale/kds_v3/toolchain/bin/../lib/gcc/arm-none-eabi/4.8.4/armv6-m\libgcc.a
LOAD c:/freescale/kds_v3/toolchain/bin/../lib/gcc/arm-none-eabi/4.8.4/../../../../arm-none-eabi/lib/armv6-m\libg_s.a
LOAD c:/freescale/kds_v3/toolchain/bin/../lib/gcc/arm-none-eabi/4.8.4/../../../../arm-none-eabi/lib/armv6-m\libc_s.a
END GROUP
START GROUP
LOAD c:/freescale/kds_v3/toolchain/bin/../lib/gcc/arm-none-eabi/4.8.4/armv6-m\libgcc.a
LOAD c:/freescale/kds_v3/toolchain/bin/../lib/gcc/arm-none-eabi/4.8.4/../../../../arm-none-eabi/lib/armv6-m\libc_s.a
LOAD c:/freescale/kds_v3/toolchain/bin/../lib/gcc/arm-none-eabi/4.8.4/../../../../arm-none-eabi/lib/armv6-m\libnosys.a
END GROUP
START GROUP
LOAD c:/freescale/kds_v3/toolchain/bin/../lib/gcc/arm-none-eabi/4.8.4/armv6-m\libgcc.a
LOAD c:/freescale/kds_v3/toolchain/bin/../lib/gcc/arm-none-eabi/4.8.4/../../../../arm-none-eabi/lib/armv6-m\libc_s.a
LOAD c:/freescale/kds_v3/toolchain/bin/../lib/gcc/arm-none-eabi/4.8.4/../../../../arm-none-eabi/lib/armv6-m\libnosys.a
END GROUP
LOAD c:/freescale/kds_v3/toolchain/bin/../lib/gcc/arm-none-eabi/4.8.4/armv6-m/crtend.o
LOAD c:/freescale/kds_v3/toolchain/bin/../lib/gcc/arm-none-eabi/4.8.4/armv6-m/crtn.o
                0x20003000                _estack = 0x20003000
                0x20003000                __SP_INIT = _estack
                0x20003000                __stack = _estack
                0x00000000                __heap_size = 0x0
                0x00000400                __stack_size = 0x400

.interrupts     0x00000000       0xc0
                0x00000000                __vector_table = .
                0x00000000                . = ALIGN (0x4)
 *(.vectortable)
 .vectortable   0x00000000       0xc0 ./Static_Code/System/Vectors.o
                0x00000000                __vect_table
                0x000000c0                . = ALIGN (0x4)

.cfmprotect     0x00000400       0x10
                0x00000400                . = ALIGN (0x4)
 *(.cfmconfig)
 .cfmconfig     0x00000400       0x10 ./Static_Code/System/CPU_Init.o
                0x00000400                _cfm
                0x00000410                . = ALIGN (0x4)

.text           0x00000410     0x508c
                0x00000410                . = ALIGN (0x4)
 *(.text)
 .text          0x00000410       0x60 c:/freescale/kds_v3/toolchain/bin/../lib/gcc/arm-none-eabi/4.8.4/armv6-m/crtbegin.o
 .text          0x00000470       0x78 c:/freescale/kds_v3/toolchain/bin/../lib/gcc/arm-none-eabi/4.8.4/../../../../arm-none-eabi/lib/armv6-m/crt0.o
                0x00000470                _start
                0x00000470                _mainCRTStartup
 .text          0x000004e8       0x9c c:/freescale/kds_v3/toolchain/bin/../lib/gcc/arm-none-eabi/4.8.4/armv6-m\libgcc.a(_udivsi3.o)
                0x000004e8                __aeabi_uidiv
                0x000004e8                __udivsi3
                0x00000570                __aeabi_uidivmod
 .text          0x00000584        0x4 c:/freescale/kds_v3/toolchain/bin/../lib/gcc/arm-none-eabi/4.8.4/armv6-m\libgcc.a(_dvmd_tls.o)
                0x00000584                __aeabi_idiv0
                0x00000584                __aeabi_ldiv0
 *(.text*)
 .text.mtimer_isTimeout
                0x00000588       0x14 ./modules/timer_timeout/timer_timeout.o
                0x00000588                mtimer_isTimeout
 .text.mtimer_reload
                0x0000059c       0x2c ./modules/timer_timeout/timer_timeout.o
                0x0000059c                mtimer_reload
 .text.mtimer_tick
                0x000005c8       0x3c ./modules/timer_timeout/timer_timeout.o
                0x000005c8                mtimer_tick
 .text.mtimer_start
                0x00000604       0x14 ./modules/timer_timeout/timer_timeout.o
                0x00000604                mtimer_start
 .text.mtimer_reset
                0x00000618       0x14 ./modules/timer_timeout/timer_timeout.o
                0x00000618                mtimer_reset
 .text.mtimer_ScanTimers
                0x0000062c       0x48 ./modules/timer_timeout/timer_timeout.o
                0x0000062c                mtimer_ScanTimers
 .text.mtimer_RegisterTimer
                0x00000674       0x98 ./modules/timer_timeout/timer_timeout.o
                0x00000674                mtimer_RegisterTimer
 .text.foo_test
                0x0000070c       0x24 ./modules/terminal/terminal.o
                0x0000070c                foo_test
 .text.terminal_write
                0x00000730       0x50 ./modules/terminal/terminal.o
 .text.terminal_read
                0x00000780       0x30 ./modules/terminal/terminal.o
 .text.terminal_init
                0x000007b0       0xcc ./modules/terminal/terminal.o
                0x000007b0                terminal_init
 .text.terminal_RunPeriodic
                0x0000087c       0x3c ./modules/terminal/terminal.o
                0x0000087c                terminal_RunPeriodic
 .text.shell_Init
                0x000008b8       0x74 ./modules/shell/shell.o
                0x000008b8                shell_Init
 .text.shell_RegisterFunctions
                0x0000092c       0x74 ./modules/shell/shell.o
                0x0000092c                shell_RegisterFunctions
 .text.shell_RegisterCmdTab
                0x000009a0       0xa4 ./modules/shell/shell.o
                0x000009a0                shell_RegisterCmdTab
 .text.shell_RegisterCodes
                0x00000a44       0x6c ./modules/shell/shell.o
                0x00000a44                shell_RegisterCodes
 .text.shell_MngtLineBuff
                0x00000ab0      0x14c ./modules/shell/shell.o
 .text.shell_write_newline
                0x00000bfc       0x4c ./modules/shell/shell.o
 .text.shell_send_escape_sequence
                0x00000c48       0x48 ./modules/shell/shell.o
 .text.shell_RunPeriodic
                0x00000c90      0x1f0 ./modules/shell/shell.o
                0x00000c90                shell_RunPeriodic
 .text.queue_isempty
                0x00000e80       0x1c ./modules/queue/queue.o
                0x00000e80                queue_isempty
 .text.queue_isfull
                0x00000e9c       0x20 ./modules/queue/queue.o
                0x00000e9c                queue_isfull
 .text.queue_init
                0x00000ebc       0x48 ./modules/queue/queue.o
                0x00000ebc                queue_init
 .text.queue_flush
                0x00000f04       0x20 ./modules/queue/queue.o
                0x00000f04                queue_flush
 .text.queue_succ
                0x00000f24       0x24 ./modules/queue/queue.o
 .text.queue_enqueue
                0x00000f48       0x70 ./modules/queue/queue.o
                0x00000f48                queue_enqueue
 .text.queue_front_and_dequeue
                0x00000fb8       0x78 ./modules/queue/queue.o
                0x00000fb8                queue_front_and_dequeue
 .text.hd44780_write
                0x00001030      0x260 ./modules/hd44780/hd44780.o
                0x00001030                hd44780_write
 .text.hd44780_put_string
                0x00001290       0x2c ./modules/hd44780/hd44780.o
                0x00001290                hd44780_put_string
 .text.hd44780_place_cursor
                0x000012bc       0x3c ./modules/hd44780/hd44780.o
                0x000012bc                hd44780_place_cursor
 .text.hd44780_init
                0x000012f8      0x118 ./modules/hd44780/hd44780.o
                0x000012f8                hd44780_init
 .text.bCLR     0x00001410       0xe0 ./modules/hd44780/hd44780.o
                0x00001410                bCLR
 .text.bRAM     0x000014f0      0x148 ./modules/hd44780/hd44780.o
                0x000014f0                bRAM
 .text.hd44780_RunPeriodic
                0x00001638       0x30 ./modules/hd44780/hd44780.o
                0x00001638                hd44780_RunPeriodic
 .text.CANt_init
                0x00001668       0xa8 ./modules/can_t/can_t.o
                0x00001668                CANt_init
 .text.CANt_RunPeriodic
                0x00001710       0x8c ./modules/can_t/can_t.o
                0x00001710                CANt_RunPeriodic
 .text.CANt_ParseFrame
                0x0000179c       0x70 ./modules/can_t/can_t.o
                0x0000179c                CANt_ParseFrame
 .text.CANt_RegisterCallback
                0x0000180c       0x94 ./modules/can_t/can_t.o
                0x0000180c                CANt_RegisterCallback
 .text.CANt_send_string
                0x000018a0       0x90 ./modules/can_t/can_t.o
                0x000018a0                CANt_send_string
 .text.__init_hardware
                0x00001930       0x4c ./Static_Code/System/CPU_Init.o
                0x00001930                __init_hardware
 .text.PE_low_level_init
                0x0000197c       0x44 ./Static_Code/System/CPU_Init.o
                0x0000197c                PE_low_level_init
 .text.CPU_GetClockGenMode
                0x000019c0       0x6c ./Static_Code/System/CPU_Init.o
                0x000019c0                CPU_GetClockGenMode
 .text.CPU_SetClockConfigGenMode
                0x00001a2c      0x280 ./Static_Code/System/CPU_Init.o
                0x00001a2c                CPU_SetClockConfigGenMode
 .text.Unhandled_ivINT_Reserved4
                0x00001cac        0xc ./Static_Code/System/Vectors.o
                0x00001cac                Unhandled_ivINT_Reserved4
 .text.Unhandled_ivINT_Reserved5
                0x00001cb8        0xc ./Static_Code/System/Vectors.o
                0x00001cb8                Unhandled_ivINT_Reserved5
 .text.Unhandled_ivINT_Reserved6
                0x00001cc4        0xc ./Static_Code/System/Vectors.o
                0x00001cc4                Unhandled_ivINT_Reserved6
 .text.Unhandled_ivINT_Reserved7
                0x00001cd0        0xc ./Static_Code/System/Vectors.o
                0x00001cd0                Unhandled_ivINT_Reserved7
 .text.Unhandled_ivINT_Reserved8
                0x00001cdc        0xc ./Static_Code/System/Vectors.o
                0x00001cdc                Unhandled_ivINT_Reserved8
 .text.Unhandled_ivINT_Reserved9
                0x00001ce8        0xc ./Static_Code/System/Vectors.o
                0x00001ce8                Unhandled_ivINT_Reserved9
 .text.Unhandled_ivINT_Reserved10
                0x00001cf4        0xc ./Static_Code/System/Vectors.o
                0x00001cf4                Unhandled_ivINT_Reserved10
 .text.Unhandled_ivINT_Reserved12
                0x00001d00        0xc ./Static_Code/System/Vectors.o
                0x00001d00                Unhandled_ivINT_Reserved12
 .text.Unhandled_ivINT_Reserved13
                0x00001d0c        0xc ./Static_Code/System/Vectors.o
                0x00001d0c                Unhandled_ivINT_Reserved13
 .text.Unhandled_ivINT_Reserved16
                0x00001d18        0xc ./Static_Code/System/Vectors.o
                0x00001d18                Unhandled_ivINT_Reserved16
 .text.Unhandled_ivINT_Reserved17
                0x00001d24        0xc ./Static_Code/System/Vectors.o
                0x00001d24                Unhandled_ivINT_Reserved17
 .text.Unhandled_ivINT_Reserved18
                0x00001d30        0xc ./Static_Code/System/Vectors.o
                0x00001d30                Unhandled_ivINT_Reserved18
 .text.Unhandled_ivINT_Reserved19
                0x00001d3c        0xc ./Static_Code/System/Vectors.o
                0x00001d3c                Unhandled_ivINT_Reserved19
 .text.Unhandled_ivINT_Reserved20
                0x00001d48        0xc ./Static_Code/System/Vectors.o
                0x00001d48                Unhandled_ivINT_Reserved20
 .text.Unhandled_ivINT_FTMRE
                0x00001d54        0xc ./Static_Code/System/Vectors.o
                0x00001d54                Unhandled_ivINT_FTMRE
 .text.Unhandled_ivINT_LVD_LLW
                0x00001d60        0xc ./Static_Code/System/Vectors.o
                0x00001d60                Unhandled_ivINT_LVD_LLW
 .text.Unhandled_ivINT_IRQ
                0x00001d6c        0xc ./Static_Code/System/Vectors.o
                0x00001d6c                Unhandled_ivINT_IRQ
 .text.Unhandled_ivINT_I2C0
                0x00001d78        0xc ./Static_Code/System/Vectors.o
                0x00001d78                Unhandled_ivINT_I2C0
 .text.Unhandled_ivINT_I2C1
                0x00001d84        0xc ./Static_Code/System/Vectors.o
                0x00001d84                Unhandled_ivINT_I2C1
 .text.Unhandled_ivINT_SPI0
                0x00001d90        0xc ./Static_Code/System/Vectors.o
                0x00001d90                Unhandled_ivINT_SPI0
 .text.Unhandled_ivINT_SPI1
                0x00001d9c        0xc ./Static_Code/System/Vectors.o
                0x00001d9c                Unhandled_ivINT_SPI1
 .text.Unhandled_ivINT_UART0
                0x00001da8        0xc ./Static_Code/System/Vectors.o
                0x00001da8                Unhandled_ivINT_UART0
 .text.Unhandled_ivINT_UART1
                0x00001db4        0xc ./Static_Code/System/Vectors.o
                0x00001db4                Unhandled_ivINT_UART1
 .text.Unhandled_ivINT_ADC0
                0x00001dc0        0xc ./Static_Code/System/Vectors.o
                0x00001dc0                Unhandled_ivINT_ADC0
 .text.Unhandled_ivINT_ACMP0
                0x00001dcc        0xc ./Static_Code/System/Vectors.o
                0x00001dcc                Unhandled_ivINT_ACMP0
 .text.Unhandled_ivINT_FTM0
                0x00001dd8        0xc ./Static_Code/System/Vectors.o
                0x00001dd8                Unhandled_ivINT_FTM0
 .text.Unhandled_ivINT_FTM1
                0x00001de4        0xc ./Static_Code/System/Vectors.o
                0x00001de4                Unhandled_ivINT_FTM1
 .text.Unhandled_ivINT_FTM2
                0x00001df0        0xc ./Static_Code/System/Vectors.o
                0x00001df0                Unhandled_ivINT_FTM2
 .text.Unhandled_ivINT_RTC
                0x00001dfc        0xc ./Static_Code/System/Vectors.o
                0x00001dfc                Unhandled_ivINT_RTC
 .text.Unhandled_ivINT_ACMP1
                0x00001e08        0xc ./Static_Code/System/Vectors.o
                0x00001e08                Unhandled_ivINT_ACMP1
 .text.Unhandled_ivINT_PIT_CH0
                0x00001e14        0xc ./Static_Code/System/Vectors.o
                0x00001e14                Unhandled_ivINT_PIT_CH0
 .text.Unhandled_ivINT_PIT_CH1
                0x00001e20        0xc ./Static_Code/System/Vectors.o
                0x00001e20                Unhandled_ivINT_PIT_CH1
 .text.Unhandled_ivINT_KBI0
                0x00001e2c        0xc ./Static_Code/System/Vectors.o
                0x00001e2c                Unhandled_ivINT_KBI0
 .text.Unhandled_ivINT_KBI1
                0x00001e38        0xc ./Static_Code/System/Vectors.o
                0x00001e38                Unhandled_ivINT_KBI1
 .text.Unhandled_ivINT_Reserved42
                0x00001e44        0xc ./Static_Code/System/Vectors.o
                0x00001e44                Unhandled_ivINT_Reserved42
 .text.Unhandled_ivINT_ICS
                0x00001e50        0xc ./Static_Code/System/Vectors.o
                0x00001e50                Unhandled_ivINT_ICS
 .text.Unhandled_ivINT_WDOG_EWM
                0x00001e5c        0xc ./Static_Code/System/Vectors.o
                0x00001e5c                Unhandled_ivINT_WDOG_EWM
 .text.Unhandled_ivINT_PWT
                0x00001e68        0xc ./Static_Code/System/Vectors.o
                0x00001e68                Unhandled_ivINT_PWT
 .text.Cpu_OnNMI
                0x00001e74        0x8 ./Sources/Events.o
                0x00001e74                Cpu_OnNMI
 .text.Cpu_OnHardFault
                0x00001e7c        0x8 ./Sources/Events.o
                0x00001e7c                Cpu_OnHardFault
 .text.Cpu_OnPendableService
                0x00001e84        0x8 ./Sources/Events.o
                0x00001e84                Cpu_OnPendableService
 .text.Cpu_OnSupervisorCall
                0x00001e8c        0x8 ./Sources/Events.o
                0x00001e8c                Cpu_OnSupervisorCall
 .text.TU1_OnCounterRestart
                0x00001e94       0x14 ./Sources/Events.o
                0x00001e94                TU1_OnCounterRestart
 .text.CAN1_OnFreeTxBuffer
                0x00001ea8       0x14 ./Sources/Events.o
                0x00001ea8                CAN1_OnFreeTxBuffer
 .text.CAN1_OnFullRxBuffer
                0x00001ebc       0x48 ./Sources/Events.o
                0x00001ebc                CAN1_OnFullRxBuffer
 .text.Inhr1_OnRxChar
                0x00001f04       0x28 ./Sources/Events.o
                0x00001f04                Inhr1_OnRxChar
 .text.main     0x00001f2c       0x10 ./Sources/main.o
                0x00001f2c                main
 .text.test_foo
                0x00001f3c       0x28 ./Sources/vmain.o
                0x00001f3c                test_foo
 .text.test_foo2
                0x00001f64       0x24 ./Sources/vmain.o
                0x00001f64                test_foo2
 .text.vmain    0x00001f88      0x1d8 ./Sources/vmain.o
                0x00001f88                vmain
 .text.__copy_rom_section
                0x00002160       0xd8 ./Project_Settings/Startup_Code/startup.o
                0x00002160                __copy_rom_section
 .text.__copy_rom_sections_to_ram
                0x00002238       0x98 ./Project_Settings/Startup_Code/startup.o
                0x00002238                __copy_rom_sections_to_ram
 .text.__init_registers
                0x000022d0        0x8 ./Project_Settings/Startup_Code/startup.o
                0x000022d0                __init_registers
 .text.__init_user
                0x000022d8        0x8 ./Project_Settings/Startup_Code/startup.o
                0x000022d8                __init_user
 .text.__thumb_startup
                0x000022e0       0x30 ./Project_Settings/Startup_Code/startup.o
                0x000022e0                __thumb_startup
 .text.ASerialLdd1_Init
                0x00002310      0x14c ./Generated_Code/ASerialLdd1.o
                0x00002310                ASerialLdd1_Init
 .text.ASerialLdd1_ReceiveBlock
                0x0000245c       0x98 ./Generated_Code/ASerialLdd1.o
                0x0000245c                ASerialLdd1_ReceiveBlock
 .text.ASerialLdd1_SendBlock
                0x000024f4       0xc4 ./Generated_Code/ASerialLdd1.o
                0x000024f4                ASerialLdd1_SendBlock
 .text.InterruptRx
                0x000025b8       0x58 ./Generated_Code/ASerialLdd1.o
 .text.InterruptTx
                0x00002610       0x80 ./Generated_Code/ASerialLdd1.o
 .text.ASerialLdd1_Interrupt
                0x00002690       0xe8 ./Generated_Code/ASerialLdd1.o
                0x00002690                ASerialLdd1_Interrupt
 .text.ASerialLdd1_GetError
                0x00002778       0x74 ./Generated_Code/ASerialLdd1.o
                0x00002778                ASerialLdd1_GetError
 .text.BitIoLdd1_Init
                0x000027ec       0x4c ./Generated_Code/BitIoLdd1.o
                0x000027ec                BitIoLdd1_Init
 .text.BitIoLdd1_NegVal
                0x00002838       0x1c ./Generated_Code/BitIoLdd1.o
                0x00002838                BitIoLdd1_NegVal
 .text.BitIoLdd2_Init
                0x00002854       0x4c ./Generated_Code/BitIoLdd2.o
                0x00002854                BitIoLdd2_Init
 .text.BitIoLdd2_NegVal
                0x000028a0       0x1c ./Generated_Code/BitIoLdd2.o
                0x000028a0                BitIoLdd2_NegVal
 .text.BitIoLdd3_Init
                0x000028bc       0x48 ./Generated_Code/BitIoLdd3.o
                0x000028bc                BitIoLdd3_Init
 .text.BitIoLdd3_ClrVal
                0x00002904       0x18 ./Generated_Code/BitIoLdd3.o
                0x00002904                BitIoLdd3_ClrVal
 .text.BitIoLdd3_SetVal
                0x0000291c       0x18 ./Generated_Code/BitIoLdd3.o
                0x0000291c                BitIoLdd3_SetVal
 .text.BitIoLdd4_Init
                0x00002934       0x48 ./Generated_Code/BitIoLdd4.o
                0x00002934                BitIoLdd4_Init
 .text.BitIoLdd4_ClrVal
                0x0000297c       0x18 ./Generated_Code/BitIoLdd4.o
                0x0000297c                BitIoLdd4_ClrVal
 .text.BitIoLdd4_SetVal
                0x00002994       0x18 ./Generated_Code/BitIoLdd4.o
                0x00002994                BitIoLdd4_SetVal
 .text.BitIoLdd5_Init
                0x000029ac       0x48 ./Generated_Code/BitIoLdd5.o
                0x000029ac                BitIoLdd5_Init
 .text.BitIoLdd5_ClrVal
                0x000029f4       0x18 ./Generated_Code/BitIoLdd5.o
                0x000029f4                BitIoLdd5_ClrVal
 .text.BitIoLdd5_SetVal
                0x00002a0c       0x18 ./Generated_Code/BitIoLdd5.o
                0x00002a0c                BitIoLdd5_SetVal
 .text.BitIoLdd6_Init
                0x00002a24       0x48 ./Generated_Code/BitIoLdd6.o
                0x00002a24                BitIoLdd6_Init
 .text.BitIoLdd6_SetDir
                0x00002a6c       0x48 ./Generated_Code/BitIoLdd6.o
                0x00002a6c                BitIoLdd6_SetDir
 .text.BitIoLdd6_GetVal
                0x00002ab4       0x3c ./Generated_Code/BitIoLdd6.o
                0x00002ab4                BitIoLdd6_GetVal
 .text.BitIoLdd6_ClrVal
                0x00002af0       0x18 ./Generated_Code/BitIoLdd6.o
                0x00002af0                BitIoLdd6_ClrVal
 .text.BitIoLdd6_SetVal
                0x00002b08       0x18 ./Generated_Code/BitIoLdd6.o
                0x00002b08                BitIoLdd6_SetVal
 .text.BitIoLdd7_Init
                0x00002b20       0x48 ./Generated_Code/BitIoLdd7.o
                0x00002b20                BitIoLdd7_Init
 .text.BitIoLdd7_SetDir
                0x00002b68       0x48 ./Generated_Code/BitIoLdd7.o
                0x00002b68                BitIoLdd7_SetDir
 .text.BitIoLdd7_ClrVal
                0x00002bb0       0x18 ./Generated_Code/BitIoLdd7.o
                0x00002bb0                BitIoLdd7_ClrVal
 .text.BitIoLdd7_SetVal
                0x00002bc8       0x18 ./Generated_Code/BitIoLdd7.o
                0x00002bc8                BitIoLdd7_SetVal
 .text.BitIoLdd8_Init
                0x00002be0       0x48 ./Generated_Code/BitIoLdd8.o
                0x00002be0                BitIoLdd8_Init
 .text.BitIoLdd8_SetDir
                0x00002c28       0x48 ./Generated_Code/BitIoLdd8.o
                0x00002c28                BitIoLdd8_SetDir
 .text.BitIoLdd8_ClrVal
                0x00002c70       0x18 ./Generated_Code/BitIoLdd8.o
                0x00002c70                BitIoLdd8_ClrVal
 .text.BitIoLdd8_SetVal
                0x00002c88       0x18 ./Generated_Code/BitIoLdd8.o
                0x00002c88                BitIoLdd8_SetVal
 .text.BitIoLdd9_Init
                0x00002ca0       0x48 ./Generated_Code/BitIoLdd9.o
                0x00002ca0                BitIoLdd9_Init
 .text.BitIoLdd9_SetDir
                0x00002ce8       0x48 ./Generated_Code/BitIoLdd9.o
                0x00002ce8                BitIoLdd9_SetDir
 .text.BitIoLdd9_ClrVal
                0x00002d30       0x18 ./Generated_Code/BitIoLdd9.o
                0x00002d30                BitIoLdd9_ClrVal
 .text.BitIoLdd9_SetVal
                0x00002d48       0x18 ./Generated_Code/BitIoLdd9.o
                0x00002d48                BitIoLdd9_SetVal
 .text.CAN1_Init
                0x00002d60      0x1c8 ./Generated_Code/CAN1.o
                0x00002d60                CAN1_Init
 .text.CAN1_SendFrame
                0x00002f28      0x354 ./Generated_Code/CAN1.o
                0x00002f28                CAN1_SendFrame
 .text.CAN1_ReadFrame
                0x0000327c      0x208 ./Generated_Code/CAN1.o
                0x0000327c                CAN1_ReadFrame
 .text.CAN1_TxInterrupt
                0x00003484       0xc4 ./Generated_Code/CAN1.o
                0x00003484                CAN1_TxInterrupt
 .text.CAN1_RxInterrupt
                0x00003548       0x3c ./Generated_Code/CAN1.o
                0x00003548                CAN1_RxInterrupt
 .text.Components_Init
                0x00003584       0x48 ./Generated_Code/Cpu.o
                0x00003584                Components_Init
 .text.Cpu_INT_NMIInterrupt
                0x000035cc        0xc ./Generated_Code/Cpu.o
                0x000035cc                Cpu_INT_NMIInterrupt
 .text.Cpu_INT_Hard_FaultInterrupt
                0x000035d8        0xc ./Generated_Code/Cpu.o
                0x000035d8                Cpu_INT_Hard_FaultInterrupt
 .text.Cpu_INT_SVCallInterrupt
                0x000035e4        0xc ./Generated_Code/Cpu.o
                0x000035e4                Cpu_INT_SVCallInterrupt
 .text.Cpu_INT_PendableSrvReqInterrupt
                0x000035f0        0xc ./Generated_Code/Cpu.o
                0x000035f0                Cpu_INT_PendableSrvReqInterrupt
 .text.DbgTerminal_SendChar
                0x000035fc       0x24 ./Generated_Code/DbgTerminal.o
                0x000035fc                DbgTerminal_SendChar
 .text.SendESCPrefix
                0x00003620       0x24 ./Generated_Code/DbgTerminal.o
 .text.DbgTerminal_SendStr
                0x00003644       0x34 ./Generated_Code/DbgTerminal.o
                0x00003644                DbgTerminal_SendStr
 .text.LongToStr
                0x00003678      0x14c ./Generated_Code/DbgTerminal.o
 .text.DbgTerminal_SendNum
                0x000037c4       0x60 ./Generated_Code/DbgTerminal.o
                0x000037c4                DbgTerminal_SendNum
 .text.DbgTerminal_SetColor
                0x00003824       0x6c ./Generated_Code/DbgTerminal.o
                0x00003824                DbgTerminal_SetColor
 .text.HWEnDi   0x00003890       0x20 ./Generated_Code/Inhr1.o
 .text.Inhr1_RecvChar
                0x000038b0       0xe8 ./Generated_Code/Inhr1.o
                0x000038b0                Inhr1_RecvChar
 .text.Inhr1_SendChar
                0x00003998       0xe8 ./Generated_Code/Inhr1.o
                0x00003998                Inhr1_SendChar
 .text.Inhr1_Init
                0x00003a80       0x64 ./Generated_Code/Inhr1.o
                0x00003a80                Inhr1_Init
 .text.ASerialLdd1_OnBlockReceived
                0x00003ae4       0x90 ./Generated_Code/Inhr1.o
                0x00003ae4                ASerialLdd1_OnBlockReceived
 .text.ASerialLdd1_OnBlockSent
                0x00003b74       0x88 ./Generated_Code/Inhr1.o
                0x00003b74                ASerialLdd1_OnBlockSent
 .text.ASerialLdd1_OnError
                0x00003bfc       0x90 ./Generated_Code/Inhr1.o
                0x00003bfc                ASerialLdd1_OnError
 .text.ASerialLdd1_OnBreak
                0x00003c8c       0x20 ./Generated_Code/Inhr1.o
                0x00003c8c                ASerialLdd1_OnBreak
 .text.TU1_Init
                0x00003cac       0x74 ./Generated_Code/TU1.o
                0x00003cac                TU1_Init
 .text.TU1_Interrupt
                0x00003d20       0x34 ./Generated_Code/TU1.o
                0x00003d20                TU1_Interrupt
 .text.__assert_func
                0x00003d54       0x3c c:/freescale/kds_v3/toolchain/bin/../lib/gcc/arm-none-eabi/4.8.4/../../../../arm-none-eabi/lib/armv6-m\libg_s.a(lib_a-assert.o)
                0x00003d54                __assert_func
 .text.exit     0x00003d90       0x2c c:/freescale/kds_v3/toolchain/bin/../lib/gcc/arm-none-eabi/4.8.4/../../../../arm-none-eabi/lib/armv6-m\libg_s.a(lib_a-exit.o)
                0x00003d90                exit
 .text.fprintf  0x00003dbc       0x24 c:/freescale/kds_v3/toolchain/bin/../lib/gcc/arm-none-eabi/4.8.4/../../../../arm-none-eabi/lib/armv6-m\libg_s.a(lib_a-fprintf.o)
                0x00003dbc                fiprintf
                0x00003dbc                fprintf
 .text.__libc_init_array
                0x00003de0       0x4c c:/freescale/kds_v3/toolchain/bin/../lib/gcc/arm-none-eabi/4.8.4/../../../../arm-none-eabi/lib/armv6-m\libg_s.a(lib_a-init.o)
                0x00003de0                __libc_init_array
 .text.malloc   0x00003e2c       0x14 c:/freescale/kds_v3/toolchain/bin/../lib/gcc/arm-none-eabi/4.8.4/../../../../arm-none-eabi/lib/armv6-m\libg_s.a(lib_a-malloc.o)
                0x00003e2c                malloc
 .text.memcpy   0x00003e40       0x12 c:/freescale/kds_v3/toolchain/bin/../lib/gcc/arm-none-eabi/4.8.4/../../../../arm-none-eabi/lib/armv6-m\libg_s.a(lib_a-memcpy-stub.o)
                0x00003e40                memcpy
 .text.memset   0x00003e52       0x10 c:/freescale/kds_v3/toolchain/bin/../lib/gcc/arm-none-eabi/4.8.4/../../../../arm-none-eabi/lib/armv6-m\libg_s.a(lib_a-memset.o)
                0x00003e52                memset
 *fill*         0x00003e62        0x2 
 .text._free_r  0x00003e64       0x90 c:/freescale/kds_v3/toolchain/bin/../lib/gcc/arm-none-eabi/4.8.4/../../../../arm-none-eabi/lib/armv6-m\libg_s.a(lib_a-nano-freer.o)
                0x00003e64                _free_r
 .text._malloc_r
                0x00003ef4       0xa8 c:/freescale/kds_v3/toolchain/bin/../lib/gcc/arm-none-eabi/4.8.4/../../../../arm-none-eabi/lib/armv6-m\libg_s.a(lib_a-nano-mallocr.o)
                0x00003ef4                _malloc_r
 .text._sbrk_r  0x00003f9c       0x24 c:/freescale/kds_v3/toolchain/bin/../lib/gcc/arm-none-eabi/4.8.4/../../../../arm-none-eabi/lib/armv6-m\libg_s.a(lib_a-sbrkr.o)
                0x00003f9c                _sbrk_r
 .text.sprintf  0x00003fc0       0x44 c:/freescale/kds_v3/toolchain/bin/../lib/gcc/arm-none-eabi/4.8.4/../../../../arm-none-eabi/lib/armv6-m\libg_s.a(lib_a-sprintf.o)
                0x00003fc0                siprintf
                0x00003fc0                sprintf
 .text.strlen   0x00004004        0xe c:/freescale/kds_v3/toolchain/bin/../lib/gcc/arm-none-eabi/4.8.4/../../../../arm-none-eabi/lib/armv6-m\libg_s.a(lib_a-strlen.o)
                0x00004004                strlen
 *fill*         0x00004012        0x2 
 .text.__ssputs_r
                0x00004014       0xc0 c:/freescale/kds_v3/toolchain/bin/../lib/gcc/arm-none-eabi/4.8.4/../../../../arm-none-eabi/lib/armv6-m\libg_s.a(lib_a-svfprintf.o)
                0x00004014                __ssputs_r
 .text._svfprintf_r
                0x000040d4      0x1e0 c:/freescale/kds_v3/toolchain/bin/../lib/gcc/arm-none-eabi/4.8.4/../../../../arm-none-eabi/lib/armv6-m\libg_s.a(lib_a-svfprintf.o)
                0x000040d4                _svfiprintf_r
                0x000040d4                _svfprintf_r
 .text.__sfputc_r
                0x000042b4       0x2a c:/freescale/kds_v3/toolchain/bin/../lib/gcc/arm-none-eabi/4.8.4/../../../../arm-none-eabi/lib/armv6-m\libg_s.a(lib_a-vfprintf.o)
 .text.__sfputs_r
                0x000042de       0x24 c:/freescale/kds_v3/toolchain/bin/../lib/gcc/arm-none-eabi/4.8.4/../../../../arm-none-eabi/lib/armv6-m\libg_s.a(lib_a-vfprintf.o)
                0x000042de                __sfputs_r
 *fill*         0x00004302        0x2 
 .text._vfprintf_r
                0x00004304      0x210 c:/freescale/kds_v3/toolchain/bin/../lib/gcc/arm-none-eabi/4.8.4/../../../../arm-none-eabi/lib/armv6-m\libg_s.a(lib_a-vfprintf.o)
                0x00004304                _vfprintf_r
                0x00004304                _vfiprintf_r
 .text._printf_common
                0x00004514       0xe8 c:/freescale/kds_v3/toolchain/bin/../lib/gcc/arm-none-eabi/4.8.4/../../../../arm-none-eabi/lib/armv6-m\libg_s.a(lib_a-vfprintf_i.o)
                0x00004514                _printf_common
 .text._printf_i
                0x000045fc      0x22c c:/freescale/kds_v3/toolchain/bin/../lib/gcc/arm-none-eabi/4.8.4/../../../../arm-none-eabi/lib/armv6-m\libg_s.a(lib_a-vfprintf_i.o)
                0x000045fc                _printf_i
 .text.__swbuf_r
                0x00004828       0xb0 c:/freescale/kds_v3/toolchain/bin/../lib/gcc/arm-none-eabi/4.8.4/../../../../arm-none-eabi/lib/armv6-m\libg_s.a(lib_a-wbuf.o)
                0x00004828                __swbuf_r
 .text.__swsetup_r
                0x000048d8       0xe4 c:/freescale/kds_v3/toolchain/bin/../lib/gcc/arm-none-eabi/4.8.4/../../../../arm-none-eabi/lib/armv6-m\libg_s.a(lib_a-wsetup.o)
                0x000048d8                __swsetup_r
 .text.abort    0x000049bc        0xe c:/freescale/kds_v3/toolchain/bin/../lib/gcc/arm-none-eabi/4.8.4/../../../../arm-none-eabi/lib/armv6-m\libg_s.a(lib_a-abort.o)
                0x000049bc                abort
 .text.__sflush_r
                0x000049ca      0x112 c:/freescale/kds_v3/toolchain/bin/../lib/gcc/arm-none-eabi/4.8.4/../../../../arm-none-eabi/lib/armv6-m\libg_s.a(lib_a-fflush.o)
                0x000049ca                __sflush_r
 .text._fflush_r
                0x00004adc       0x58 c:/freescale/kds_v3/toolchain/bin/../lib/gcc/arm-none-eabi/4.8.4/../../../../arm-none-eabi/lib/armv6-m\libg_s.a(lib_a-fflush.o)
                0x00004adc                _fflush_r
 .text._cleanup_r
                0x00004b34       0x34 c:/freescale/kds_v3/toolchain/bin/../lib/gcc/arm-none-eabi/4.8.4/../../../../arm-none-eabi/lib/armv6-m\libg_s.a(lib_a-findfp.o)
                0x00004b34                _cleanup_r
 .text.std.isra.0
                0x00004b68       0x48 c:/freescale/kds_v3/toolchain/bin/../lib/gcc/arm-none-eabi/4.8.4/../../../../arm-none-eabi/lib/armv6-m\libg_s.a(lib_a-findfp.o)
 .text.__sfmoreglue
                0x00004bb0       0x2c c:/freescale/kds_v3/toolchain/bin/../lib/gcc/arm-none-eabi/4.8.4/../../../../arm-none-eabi/lib/armv6-m\libg_s.a(lib_a-findfp.o)
                0x00004bb0                __sfmoreglue
 .text.__sinit  0x00004bdc       0x64 c:/freescale/kds_v3/toolchain/bin/../lib/gcc/arm-none-eabi/4.8.4/../../../../arm-none-eabi/lib/armv6-m\libg_s.a(lib_a-findfp.o)
                0x00004bdc                __sinit
 .text.__sfp    0x00004c40       0x7c c:/freescale/kds_v3/toolchain/bin/../lib/gcc/arm-none-eabi/4.8.4/../../../../arm-none-eabi/lib/armv6-m\libg_s.a(lib_a-findfp.o)
                0x00004c40                __sfp
 .text.__smakebuf_r
                0x00004cbc       0xa0 c:/freescale/kds_v3/toolchain/bin/../lib/gcc/arm-none-eabi/4.8.4/../../../../arm-none-eabi/lib/armv6-m\libg_s.a(lib_a-makebuf.o)
                0x00004cbc                __smakebuf_r
 .text.memchr   0x00004d5c       0x16 c:/freescale/kds_v3/toolchain/bin/../lib/gcc/arm-none-eabi/4.8.4/../../../../arm-none-eabi/lib/armv6-m\libg_s.a(lib_a-memchr-stub.o)
                0x00004d5c                memchr
 .text.memmove  0x00004d72       0x32 c:/freescale/kds_v3/toolchain/bin/../lib/gcc/arm-none-eabi/4.8.4/../../../../arm-none-eabi/lib/armv6-m\libg_s.a(lib_a-memmove.o)
                0x00004d72                memmove
 .text._realloc_r
                0x00004da4       0x4c c:/freescale/kds_v3/toolchain/bin/../lib/gcc/arm-none-eabi/4.8.4/../../../../arm-none-eabi/lib/armv6-m\libg_s.a(lib_a-nano-reallocr.o)
                0x00004da4                _realloc_r
 .text._raise_r
                0x00004df0       0x56 c:/freescale/kds_v3/toolchain/bin/../lib/gcc/arm-none-eabi/4.8.4/../../../../arm-none-eabi/lib/armv6-m\libg_s.a(lib_a-signal.o)
                0x00004df0                _raise_r
 *fill*         0x00004e46        0x2 
 .text.raise    0x00004e48       0x14 c:/freescale/kds_v3/toolchain/bin/../lib/gcc/arm-none-eabi/4.8.4/../../../../arm-none-eabi/lib/armv6-m\libg_s.a(lib_a-signal.o)
                0x00004e48                raise
 .text._kill_r  0x00004e5c       0x24 c:/freescale/kds_v3/toolchain/bin/../lib/gcc/arm-none-eabi/4.8.4/../../../../arm-none-eabi/lib/armv6-m\libg_s.a(lib_a-signalr.o)
                0x00004e5c                _kill_r
 .text._getpid_r
                0x00004e80        0x8 c:/freescale/kds_v3/toolchain/bin/../lib/gcc/arm-none-eabi/4.8.4/../../../../arm-none-eabi/lib/armv6-m\libg_s.a(lib_a-signalr.o)
                0x00004e80                _getpid_r
 .text.__sread  0x00004e88       0x28 c:/freescale/kds_v3/toolchain/bin/../lib/gcc/arm-none-eabi/4.8.4/../../../../arm-none-eabi/lib/armv6-m\libg_s.a(lib_a-stdio.o)
                0x00004e88                __sread
 .text.__swrite
                0x00004eb0       0x38 c:/freescale/kds_v3/toolchain/bin/../lib/gcc/arm-none-eabi/4.8.4/../../../../arm-none-eabi/lib/armv6-m\libg_s.a(lib_a-stdio.o)
                0x00004eb0                __swrite
 .text.__sseek  0x00004ee8       0x2c c:/freescale/kds_v3/toolchain/bin/../lib/gcc/arm-none-eabi/4.8.4/../../../../arm-none-eabi/lib/armv6-m\libg_s.a(lib_a-stdio.o)
                0x00004ee8                __sseek
 .text.__sclose
                0x00004f14        0xc c:/freescale/kds_v3/toolchain/bin/../lib/gcc/arm-none-eabi/4.8.4/../../../../arm-none-eabi/lib/armv6-m\libg_s.a(lib_a-stdio.o)
                0x00004f14                __sclose
 .text._write_r
                0x00004f20       0x28 c:/freescale/kds_v3/toolchain/bin/../lib/gcc/arm-none-eabi/4.8.4/../../../../arm-none-eabi/lib/armv6-m\libg_s.a(lib_a-writer.o)
                0x00004f20                _write_r
 .text._close_r
                0x00004f48       0x24 c:/freescale/kds_v3/toolchain/bin/../lib/gcc/arm-none-eabi/4.8.4/../../../../arm-none-eabi/lib/armv6-m\libg_s.a(lib_a-closer.o)
                0x00004f48                _close_r
 .text._fstat_r
                0x00004f6c       0x24 c:/freescale/kds_v3/toolchain/bin/../lib/gcc/arm-none-eabi/4.8.4/../../../../arm-none-eabi/lib/armv6-m\libg_s.a(lib_a-fstatr.o)
                0x00004f6c                _fstat_r
 .text._isatty_r
                0x00004f90       0x24 c:/freescale/kds_v3/toolchain/bin/../lib/gcc/arm-none-eabi/4.8.4/../../../../arm-none-eabi/lib/armv6-m\libg_s.a(lib_a-isattyr.o)
                0x00004f90                _isatty_r
 .text._lseek_r
                0x00004fb4       0x28 c:/freescale/kds_v3/toolchain/bin/../lib/gcc/arm-none-eabi/4.8.4/../../../../arm-none-eabi/lib/armv6-m\libg_s.a(lib_a-lseekr.o)
                0x00004fb4                _lseek_r
 .text._malloc_usable_size_r
                0x00004fdc       0x12 c:/freescale/kds_v3/toolchain/bin/../lib/gcc/arm-none-eabi/4.8.4/../../../../arm-none-eabi/lib/armv6-m\libg_s.a(lib_a-nano-msizer.o)
                0x00004fdc                _malloc_usable_size_r
 *fill*         0x00004fee        0x2 
 .text._read_r  0x00004ff0       0x28 c:/freescale/kds_v3/toolchain/bin/../lib/gcc/arm-none-eabi/4.8.4/../../../../arm-none-eabi/lib/armv6-m\libg_s.a(lib_a-readr.o)
                0x00004ff0                _read_r
 .text._close   0x00005018       0x10 c:/freescale/kds_v3/toolchain/bin/../lib/gcc/arm-none-eabi/4.8.4/../../../../arm-none-eabi/lib/armv6-m\libnosys.a(close.o)
                0x00005018                _close
 .text._fstat   0x00005028       0x10 c:/freescale/kds_v3/toolchain/bin/../lib/gcc/arm-none-eabi/4.8.4/../../../../arm-none-eabi/lib/armv6-m\libnosys.a(fstat.o)
                0x00005028                _fstat
 .text._getpid  0x00005038       0x10 c:/freescale/kds_v3/toolchain/bin/../lib/gcc/arm-none-eabi/4.8.4/../../../../arm-none-eabi/lib/armv6-m\libnosys.a(getpid.o)
                0x00005038                _getpid
 .text._isatty  0x00005048       0x10 c:/freescale/kds_v3/toolchain/bin/../lib/gcc/arm-none-eabi/4.8.4/../../../../arm-none-eabi/lib/armv6-m\libnosys.a(isatty.o)
                0x00005048                _isatty
 .text._kill    0x00005058       0x10 c:/freescale/kds_v3/toolchain/bin/../lib/gcc/arm-none-eabi/4.8.4/../../../../arm-none-eabi/lib/armv6-m\libnosys.a(kill.o)
                0x00005058                _kill
 .text._lseek   0x00005068       0x10 c:/freescale/kds_v3/toolchain/bin/../lib/gcc/arm-none-eabi/4.8.4/../../../../arm-none-eabi/lib/armv6-m\libnosys.a(lseek.o)
                0x00005068                _lseek
 .text._read    0x00005078       0x10 c:/freescale/kds_v3/toolchain/bin/../lib/gcc/arm-none-eabi/4.8.4/../../../../arm-none-eabi/lib/armv6-m\libnosys.a(read.o)
                0x00005078                _read
 .text._sbrk    0x00005088       0x34 c:/freescale/kds_v3/toolchain/bin/../lib/gcc/arm-none-eabi/4.8.4/../../../../arm-none-eabi/lib/armv6-m\libnosys.a(sbrk.o)
                0x00005088                _sbrk
 .text._write   0x000050bc       0x10 c:/freescale/kds_v3/toolchain/bin/../lib/gcc/arm-none-eabi/4.8.4/../../../../arm-none-eabi/lib/armv6-m\libnosys.a(write.o)
                0x000050bc                _write
 .text._exit    0x000050cc        0x4 c:/freescale/kds_v3/toolchain/bin/../lib/gcc/arm-none-eabi/4.8.4/../../../../arm-none-eabi/lib/armv6-m\libnosys.a(_exit.o)
                0x000050cc                _exit
 *(.rodata)
 .rodata        0x000050d0       0x38 ./modules/timer_timeout/timer_timeout.o
 .rodata        0x00005108       0x30 ./modules/terminal/terminal.o
 .rodata        0x00005138       0xbc ./modules/shell/shell.o
 .rodata        0x000051f4       0x48 ./Sources/vmain.o
 *(.rodata*)
 .rodata.__FUNCTION__.5123
                0x0000523c       0x18 ./modules/timer_timeout/timer_timeout.o
 .rodata.terminal_BS
                0x00005254        0x1 ./modules/terminal/terminal.o
 *fill*         0x00005255        0x3 
 .rodata.shell_MngtLineBuff
                0x00005258       0x14 ./modules/shell/shell.o
 .rodata.__FUNCTION__.4938
                0x0000526c        0xc ./modules/shell/shell.o
 .rodata.__FUNCTION__.4947
                0x00005278       0x18 ./modules/shell/shell.o
 .rodata.__FUNCTION__.4954
                0x00005290       0x18 ./modules/shell/shell.o
 .rodata.__FUNCTION__.4983
                0x000052a8       0x14 ./modules/shell/shell.o
 .rodata.__FUNCTION__.5005
                0x000052bc       0x14 ./modules/shell/shell.o
 .rodata.ClockGenModeMatrix
                0x000052d0       0x48 ./Static_Code/System/CPU_Init.o
 .rodata.CPU_ClockConfigDescriptors
                0x00005318       0x10 ./Static_Code/System/CPU_Init.o
 .rodata.CPU_DefaultFEI
                0x00005328        0x8 ./Static_Code/System/CPU_Init.o
 .rodata.CPU_DefaultFBI
                0x00005330        0x8 ./Static_Code/System/CPU_Init.o
 .rodata.CPU_DefaultFBILP
                0x00005338        0x8 ./Static_Code/System/CPU_Init.o
 .rodata.CPU_DefaultFEE
                0x00005340        0x8 ./Static_Code/System/CPU_Init.o
 .rodata.CPU_DefaultFBE
                0x00005348        0x8 ./Static_Code/System/CPU_Init.o
 .rodata.CPU_DefaultFBELP
                0x00005350        0x8 ./Static_Code/System/CPU_Init.o
 .rodata.CPU_ClockGenModeRegs
                0x00005358       0x18 ./Static_Code/System/CPU_Init.o
 .rodata.CPU_SetClockConfigGenMode
                0x00005370       0x30 ./Static_Code/System/CPU_Init.o
 .rodata.RemapBuffersIdxToHw
                0x000053a0        0x4 ./Generated_Code/CAN1.o
 .rodata.RemapHwToTxBuffersIdx
                0x000053a4        0x4 ./Generated_Code/CAN1.o
 .rodata.RemapHwToRxBuffersIdx
                0x000053a8        0x4 ./Generated_Code/CAN1.o
 .rodata.str1.1
                0x000053ac       0x3c c:/freescale/kds_v3/toolchain/bin/../lib/gcc/arm-none-eabi/4.8.4/../../../../arm-none-eabi/lib/armv6-m\libg_s.a(lib_a-assert.o)
                                 0x3d (size before relaxing)
 .rodata.str1.1
                0x000053e8        0x2 c:/freescale/kds_v3/toolchain/bin/../lib/gcc/arm-none-eabi/4.8.4/../../../../arm-none-eabi/lib/armv6-m\libg_s.a(lib_a-impure.o)
 *fill*         0x000053ea        0x2 
 .rodata._global_impure_ptr
                0x000053ec        0x4 c:/freescale/kds_v3/toolchain/bin/../lib/gcc/arm-none-eabi/4.8.4/../../../../arm-none-eabi/lib/armv6-m\libg_s.a(lib_a-impure.o)
                0x000053ec                _global_impure_ptr
 .rodata.str1.1
                0x000053f0       0x11 c:/freescale/kds_v3/toolchain/bin/../lib/gcc/arm-none-eabi/4.8.4/../../../../arm-none-eabi/lib/armv6-m\libg_s.a(lib_a-svfprintf.o)
 .rodata.str1.1
                0x00000000       0x11 c:/freescale/kds_v3/toolchain/bin/../lib/gcc/arm-none-eabi/4.8.4/../../../../arm-none-eabi/lib/armv6-m\libg_s.a(lib_a-vfprintf.o)
 .rodata.str1.1
                0x00005401       0x22 c:/freescale/kds_v3/toolchain/bin/../lib/gcc/arm-none-eabi/4.8.4/../../../../arm-none-eabi/lib/armv6-m\libg_s.a(lib_a-vfprintf_i.o)
 *fill*         0x00005423        0x1 
 .rodata.__sf_fake_stdin
                0x00005424       0x20 c:/freescale/kds_v3/toolchain/bin/../lib/gcc/arm-none-eabi/4.8.4/../../../../arm-none-eabi/lib/armv6-m\libg_s.a(lib_a-findfp.o)
                0x00005424                __sf_fake_stdin
 .rodata.__sf_fake_stdout
                0x00005444       0x20 c:/freescale/kds_v3/toolchain/bin/../lib/gcc/arm-none-eabi/4.8.4/../../../../arm-none-eabi/lib/armv6-m\libg_s.a(lib_a-findfp.o)
                0x00005444                __sf_fake_stdout
 .rodata.__sf_fake_stderr
                0x00005464       0x20 c:/freescale/kds_v3/toolchain/bin/../lib/gcc/arm-none-eabi/4.8.4/../../../../arm-none-eabi/lib/armv6-m\libg_s.a(lib_a-findfp.o)
                0x00005464                __sf_fake_stderr
 *(.glue_7)
 .glue_7        0x00000000        0x0 linker stubs
 *(.glue_7t)
 .glue_7t       0x00000000        0x0 linker stubs
 *(.eh_frame)
 .eh_frame      0x00005484        0x0 c:/freescale/kds_v3/toolchain/bin/../lib/gcc/arm-none-eabi/4.8.4/armv6-m/crtbegin.o
 *(.init)
 .init          0x00005484        0x4 c:/freescale/kds_v3/toolchain/bin/../lib/gcc/arm-none-eabi/4.8.4/armv6-m/crti.o
                0x00005484                _init
 .init          0x00005488        0x8 c:/freescale/kds_v3/toolchain/bin/../lib/gcc/arm-none-eabi/4.8.4/armv6-m/crtn.o
 *(.fini)
 .fini          0x00005490        0x4 c:/freescale/kds_v3/toolchain/bin/../lib/gcc/arm-none-eabi/4.8.4/armv6-m/crti.o
                0x00005490                _fini
 .fini          0x00005494        0x8 c:/freescale/kds_v3/toolchain/bin/../lib/gcc/arm-none-eabi/4.8.4/armv6-m/crtn.o
                0x0000549c                . = ALIGN (0x4)
                0x0000549c                _etext = .

.vfp11_veneer   0x0000549c        0x0
 .vfp11_veneer  0x00000000        0x0 linker stubs

.v4_bx          0x0000549c        0x0
 .v4_bx         0x00000000        0x0 linker stubs

.iplt           0x0000549c        0x0
 .iplt          0x00000000        0x0 c:/freescale/kds_v3/toolchain/bin/../lib/gcc/arm-none-eabi/4.8.4/armv6-m/crtbegin.o

.ARM.extab
 *(.ARM.extab* .gnu.linkonce.armextab.*)

.ARM            0x0000549c        0x8
                0x0000549c                __exidx_start = .
 *(.ARM.exidx*)
 .ARM.exidx     0x0000549c        0x8 c:/freescale/kds_v3/toolchain/bin/../lib/gcc/arm-none-eabi/4.8.4/../../../../arm-none-eabi/lib/armv6-m/crt0.o
                0x000054a4                __exidx_end = .

.rel.dyn        0x000054a4        0x0
 .rel.iplt      0x00000000        0x0 c:/freescale/kds_v3/toolchain/bin/../lib/gcc/arm-none-eabi/4.8.4/armv6-m/crtbegin.o

.ctors          0x000054a4        0x0
                0x000054a4                __CTOR_LIST__ = .
 *crtbegin.o(.ctors)
 *(EXCLUDE_FILE(*crtend.o) .ctors)
 *(SORT(.ctors.*))
 *(.ctors)
                0x000054a4                __CTOR_END__ = .

.dtors          0x000054a4        0x0
                0x000054a4                __DTOR_LIST__ = .
 *crtbegin.o(.dtors)
 *(EXCLUDE_FILE(*crtend.o) .dtors)
 *(SORT(.dtors.*))
 *(.dtors)
                0x000054a4                __DTOR_END__ = .

.preinit_array  0x000054a4        0x0
                0x000054a4                PROVIDE (__preinit_array_start, .)
 *(.preinit_array*)
                0x000054a4                PROVIDE (__preinit_array_end, .)

.init_array     0x000054a4        0x4
                0x000054a4                PROVIDE (__init_array_start, .)
 *(SORT(.init_array.*))
 *(.init_array*)
 .init_array    0x000054a4        0x4 c:/freescale/kds_v3/toolchain/bin/../lib/gcc/arm-none-eabi/4.8.4/armv6-m/crtbegin.o
                0x000054a8                PROVIDE (__init_array_end, .)

.fini_array     0x000054a8        0x4
                0x000054a8                PROVIDE (__fini_array_start, .)
 *(SORT(.fini_array.*))
 *(.fini_array*)
 .fini_array    0x000054a8        0x4 c:/freescale/kds_v3/toolchain/bin/../lib/gcc/arm-none-eabi/4.8.4/armv6-m/crtbegin.o
                0x000054ac                PROVIDE (__fini_array_end, .)
                0x000054ac                ___ROM_AT = .

.mtb            0x1ffff000        0x0
                0x1ffff000                . = ALIGN (0x8)
                0x1ffff000                _mtb_start = .
 *(.mtb_buf)
                0x1ffff000                . = ALIGN (0x8)
                0x1ffff000                _mtb_end = .

.data           0x1ffff000      0x39c load address 0x000054ac
                0x1ffff000                . = ALIGN (0x4)
                0x1ffff000                _sdata = .
 *(.data)
 *(.data*)
 .data.cmd_tab_usart
                0x1ffff000      0x320 ./modules/terminal/terminal.o
                0x1ffff000                cmd_tab_usart
 .data.terminal_NEWLINE
                0x1ffff320        0x4 ./modules/terminal/terminal.o
 .data.terminal_ARROW_LEFT
                0x1ffff324        0x4 ./modules/terminal/terminal.o
 .data.terminal_ARROW_RIGHT
                0x1ffff328        0x4 ./modules/terminal/terminal.o
 .data.terminal_ARROW_UP
                0x1ffff32c        0x4 ./modules/terminal/terminal.o
 .data.terminal_ARROW_DOWN
                0x1ffff330        0x4 ./modules/terminal/terminal.o
 .data.terminal_prefix
                0x1ffff334        0x4 ./modules/terminal/terminal.o
 .data.impure_data
                0x1ffff338       0x60 c:/freescale/kds_v3/toolchain/bin/../lib/gcc/arm-none-eabi/4.8.4/../../../../arm-none-eabi/lib/armv6-m\libg_s.a(lib_a-impure.o)
 .data._impure_ptr
                0x1ffff398        0x4 c:/freescale/kds_v3/toolchain/bin/../lib/gcc/arm-none-eabi/4.8.4/../../../../arm-none-eabi/lib/armv6-m\libg_s.a(lib_a-impure.o)
                0x1ffff398                _impure_ptr
                0x1ffff39c                . = ALIGN (0x4)
                0x1ffff39c                _edata = .
                0x0000039c                ___data_size = (_edata - _sdata)

.jcr            0x1ffff39c        0x0 load address 0x00005848
 .jcr           0x1ffff39c        0x0 c:/freescale/kds_v3/toolchain/bin/../lib/gcc/arm-none-eabi/4.8.4/armv6-m/crtbegin.o

.igot.plt       0x1ffff39c        0x0 load address 0x00005848
 .igot.plt      0x00000000        0x0 c:/freescale/kds_v3/toolchain/bin/../lib/gcc/arm-none-eabi/4.8.4/armv6-m/crtbegin.o
                0x1ffff39c                . = ALIGN (0x4)

.bss            0x1ffff39c      0x384 load address 0x00005848
                0x1ffff39c                __START_BSS = .
                0x1ffff39c                PROVIDE (__bss_start__, __START_BSS)
 *(.bss)
 .bss           0x1ffff39c       0x1c c:/freescale/kds_v3/toolchain/bin/../lib/gcc/arm-none-eabi/4.8.4/armv6-m/crtbegin.o
 *(.bss*)
 .bss.mtimers_list
                0x1ffff3b8       0x50 ./modules/timer_timeout/timer_timeout.o
 .bss.shell_usart
                0x1ffff408       0xfc ./modules/terminal/terminal.o
 .bss.escape_sequence_start.5007
                0x1ffff504        0x1 ./modules/shell/shell.o
 *fill*         0x1ffff505        0x3 
 .bss.can_tx_queue
                0x1ffff508        0x4 ./modules/can_t/can_t.o
 .bss.function_list
                0x1ffff50c       0xc8 ./modules/can_t/can_t.o
 .bss.SR_lock   0x1ffff5d4        0x1 ./Static_Code/System/CPU_Init.o
                0x1ffff5d4                SR_lock
 .bss.cnt.7164  0x1ffff5d5        0x1 ./Sources/vmain.o
 .bss.cnt.7169  0x1ffff5d6        0x1 ./Sources/vmain.o
 *fill*         0x1ffff5d7        0x1 
 .bss.DeviceDataPrv__DEFAULT_RTOS_ALLOC
                0x1ffff5d8       0x20 ./Generated_Code/ASerialLdd1.o
 .bss.INT_UART2__DEFAULT_RTOS_ISRPARAM
                0x1ffff5f8        0x4 ./Generated_Code/ASerialLdd1.o
 .bss.DeviceDataPrv__DEFAULT_RTOS_ALLOC
                0x1ffff5fc        0x4 ./Generated_Code/BitIoLdd1.o
 .bss.DeviceDataPrv__DEFAULT_RTOS_ALLOC
                0x1ffff600        0x4 ./Generated_Code/BitIoLdd2.o
 .bss.DeviceDataPrv__DEFAULT_RTOS_ALLOC
                0x1ffff604        0x4 ./Generated_Code/BitIoLdd3.o
 .bss.DeviceDataPrv__DEFAULT_RTOS_ALLOC
                0x1ffff608        0x4 ./Generated_Code/BitIoLdd4.o
 .bss.DeviceDataPrv__DEFAULT_RTOS_ALLOC
                0x1ffff60c        0x4 ./Generated_Code/BitIoLdd5.o
 .bss.DeviceDataPrv__DEFAULT_RTOS_ALLOC
                0x1ffff610        0x4 ./Generated_Code/BitIoLdd6.o
 .bss.DeviceDataPrv__DEFAULT_RTOS_ALLOC
                0x1ffff614        0x4 ./Generated_Code/BitIoLdd7.o
 .bss.DeviceDataPrv__DEFAULT_RTOS_ALLOC
                0x1ffff618        0x4 ./Generated_Code/BitIoLdd8.o
 .bss.DeviceDataPrv__DEFAULT_RTOS_ALLOC
                0x1ffff61c        0x4 ./Generated_Code/BitIoLdd9.o
 .bss.DeviceDataPrv__DEFAULT_RTOS_ALLOC
                0x1ffff620       0x24 ./Generated_Code/CAN1.o
 .bss.INT_MSCAN_TX__DEFAULT_RTOS_ISRPARAM
                0x1ffff644        0x4 ./Generated_Code/CAN1.o
 .bss.INT_MSCAN_RX__DEFAULT_RTOS_ISRPARAM
                0x1ffff648        0x4 ./Generated_Code/CAN1.o
 .bss.SerFlag   0x1ffff64c        0x2 ./Generated_Code/Inhr1.o
 .bss.Inhr1_InpLen
                0x1ffff64e        0x2 ./Generated_Code/Inhr1.o
 .bss.InpIndexR
                0x1ffff650        0x2 ./Generated_Code/Inhr1.o
 .bss.InpIndexW
                0x1ffff652        0x2 ./Generated_Code/Inhr1.o
 .bss.InpBuffer
                0x1ffff654       0x10 ./Generated_Code/Inhr1.o
 .bss.BufferRead
                0x1ffff664        0x1 ./Generated_Code/Inhr1.o
 *fill*         0x1ffff665        0x1 
 .bss.Inhr1_OutLen
                0x1ffff666        0x2 ./Generated_Code/Inhr1.o
 .bss.OutIndexR
                0x1ffff668        0x2 ./Generated_Code/Inhr1.o
 .bss.OutIndexW
                0x1ffff66a        0x2 ./Generated_Code/Inhr1.o
 .bss.OutBuffer
                0x1ffff66c       0x10 ./Generated_Code/Inhr1.o
 .bss.PE_LDD_DeviceDataList
                0x1ffff67c       0x30 ./Generated_Code/PE_LDD.o
                0x1ffff67c                PE_LDD_DeviceDataList
 .bss.DeviceDataPrv__DEFAULT_RTOS_ALLOC
                0x1ffff6ac        0x4 ./Generated_Code/TU1.o
 .bss.INT_SysTick__DEFAULT_RTOS_ISRPARAM
                0x1ffff6b0        0x4 ./Generated_Code/TU1.o
 .bss.__malloc_sbrk_start
                0x1ffff6b4        0x4 c:/freescale/kds_v3/toolchain/bin/../lib/gcc/arm-none-eabi/4.8.4/../../../../arm-none-eabi/lib/armv6-m\libg_s.a(lib_a-nano-mallocr.o)
                0x1ffff6b4                __malloc_sbrk_start
 .bss.__malloc_free_list
                0x1ffff6b8        0x4 c:/freescale/kds_v3/toolchain/bin/../lib/gcc/arm-none-eabi/4.8.4/../../../../arm-none-eabi/lib/armv6-m\libg_s.a(lib_a-nano-mallocr.o)
                0x1ffff6b8                __malloc_free_list
 .bss.heap_end.4246
                0x1ffff6bc        0x4 c:/freescale/kds_v3/toolchain/bin/../lib/gcc/arm-none-eabi/4.8.4/../../../../arm-none-eabi/lib/armv6-m\libnosys.a(sbrk.o)
 *(COMMON)
 COMMON         0x1ffff6c0        0x8 ./modules/terminal/terminal.o
                0x1ffff6c0                terminal_tx_queue
                0x1ffff6c4                terminal_rx_queue
 COMMON         0x1ffff6c8       0x25 ./modules/hd44780/hd44780.o
                0x1ffff6c8                buffer2
                0x1ffff6d9                tick
                0x1ffff6da                LCD_refresh
                0x1ffff6dc                buffer1
 *fill*         0x1ffff6ed        0x3 
 COMMON         0x1ffff6f0       0x14 ./modules/can_t/can_t.o
                0x1ffff6f0                cant_timer
                0x1ffff6fc                can_inst
                0x1ffff700                can_rx_queue
 COMMON         0x1ffff704        0x1 ./Static_Code/System/CPU_Init.o
                0x1ffff704                SR_reg
 *fill*         0x1ffff705        0x3 
 COMMON         0x1ffff708        0xf ./Sources/vmain.o
                0x1ffff708                napis3
                0x1ffff70c                napis1
                0x1ffff710                napis4
                0x1ffff714                napis2
 *fill*         0x1ffff717        0x1 
 COMMON         0x1ffff718        0x4 ./Generated_Code/Inhr1.o
                0x1ffff718                ASerialLdd1_DeviceDataPtr
 COMMON         0x1ffff71c        0x4 c:/freescale/kds_v3/toolchain/bin/../lib/gcc/arm-none-eabi/4.8.4/../../../../arm-none-eabi/lib/armv6-m\libg_s.a(lib_a-reent.o)
                0x1ffff71c                errno
                0x1ffff720                . = ALIGN (0x4)
                0x1ffff720                __END_BSS = .
                0x1ffff720                PROVIDE (__bss_end__, __END_BSS)
                0x00005848                _romp_at = (___ROM_AT + SIZEOF (.data))

.romp           0x1ffff720       0x18 load address 0x00005848
                0x00005848                __S_romp = _romp_at
                0x1ffff720        0x4 LONG 0x54ac ___ROM_AT
                0x1ffff724        0x4 LONG 0x1ffff000 _sdata
                0x1ffff728        0x4 LONG 0x39c ___data_size
                0x1ffff72c        0x4 LONG 0x0
                0x1ffff730        0x4 LONG 0x0
                0x1ffff734        0x4 LONG 0x0
                0x00020000                text_end = (ORIGIN (m_text) + 0x1fbf0)
                0x00005860                data_init_end = ((___ROM_AT + SIZEOF (.data)) + SIZEOF (.romp))
                0x00000001                ASSERT ((data_init_end <= text_end), region m_text overflowed with text and data)

._user_heap_stack
                0x1ffff738      0x400 load address 0x00005860
                0x1ffff738                . = ALIGN (0x4)
                0x1ffff738                PROVIDE (end, .)
                0x1ffff738                PROVIDE (_end, .)
                0x1ffff738                PROVIDE (__end__, .)
                0x1ffff738                __heap_addr = .
                0x1ffff738                __HeapBase = .
                0x1ffff738                . = (. + __heap_size)
                0x1ffff738                __HeapLimit = .
                0x1ffffb38                . = (. + __stack_size)
 *fill*         0x1ffff738      0x400 
                0x1ffffb38                . = ALIGN (0x4)

.ARM.attributes
                0x00000000       0x28
 *(.ARM.attributes)
 .ARM.attributes
                0x00000000       0x1e c:/freescale/kds_v3/toolchain/bin/../lib/gcc/arm-none-eabi/4.8.4/armv6-m/crti.o
 .ARM.attributes
                0x0000001e       0x2c c:/freescale/kds_v3/toolchain/bin/../lib/gcc/arm-none-eabi/4.8.4/armv6-m/crtbegin.o
 .ARM.attributes
                0x0000004a       0x1b c:/freescale/kds_v3/toolchain/bin/../lib/gcc/arm-none-eabi/4.8.4/../../../../arm-none-eabi/lib/armv6-m/crt0.o
 .ARM.attributes
                0x00000065       0x32 ./modules/timer_timeout/timer_timeout.o
 .ARM.attributes
                0x00000097       0x32 ./modules/terminal/terminal.o
 .ARM.attributes
                0x000000c9       0x32 ./modules/shell/shell.o
 .ARM.attributes
                0x000000fb       0x32 ./modules/queue/queue.o
 .ARM.attributes
                0x0000012d       0x32 ./modules/hd44780/hd44780.o
 .ARM.attributes
                0x0000015f       0x32 ./modules/can_t/can_t.o
 .ARM.attributes
                0x00000191       0x32 ./Static_Code/System/CPU_Init.o
 .ARM.attributes
                0x000001c3       0x32 ./Static_Code/System/Vectors.o
 .ARM.attributes
                0x000001f5       0x32 ./Sources/Events.o
 .ARM.attributes
                0x00000227       0x32 ./Sources/main.o
 .ARM.attributes
                0x00000259       0x32 ./Sources/vmain.o
 .ARM.attributes
                0x0000028b       0x32 ./Project_Settings/Startup_Code/startup.o
 .ARM.attributes
                0x000002bd       0x32 ./Generated_Code/ASerialLdd1.o
 .ARM.attributes
                0x000002ef       0x32 ./Generated_Code/BitIoLdd1.o
 .ARM.attributes
                0x00000321       0x32 ./Generated_Code/BitIoLdd2.o
 .ARM.attributes
                0x00000353       0x32 ./Generated_Code/BitIoLdd3.o
 .ARM.attributes
                0x00000385       0x32 ./Generated_Code/BitIoLdd4.o
 .ARM.attributes
                0x000003b7       0x32 ./Generated_Code/BitIoLdd5.o
 .ARM.attributes
                0x000003e9       0x32 ./Generated_Code/BitIoLdd6.o
 .ARM.attributes
                0x0000041b       0x32 ./Generated_Code/BitIoLdd7.o
 .ARM.attributes
                0x0000044d       0x32 ./Generated_Code/BitIoLdd8.o
 .ARM.attributes
                0x0000047f       0x32 ./Generated_Code/BitIoLdd9.o
 .ARM.attributes
                0x000004b1       0x32 ./Generated_Code/CAN1.o
 .ARM.attributes
                0x000004e3       0x32 ./Generated_Code/Cpu.o
 .ARM.attributes
                0x00000515       0x32 ./Generated_Code/DbgTerminal.o
 .ARM.attributes
                0x00000547       0x32 ./Generated_Code/Inhr1.o
 .ARM.attributes
                0x00000579       0x32 ./Generated_Code/PE_LDD.o
 .ARM.attributes
                0x000005ab       0x32 ./Generated_Code/TU1.o
 .ARM.attributes
                0x000005dd       0x1e c:/freescale/kds_v3/toolchain/bin/../lib/gcc/arm-none-eabi/4.8.4/armv6-m\libgcc.a(_udivsi3.o)
 .ARM.attributes
                0x000005fb       0x1e c:/freescale/kds_v3/toolchain/bin/../lib/gcc/arm-none-eabi/4.8.4/armv6-m\libgcc.a(_dvmd_tls.o)
 .ARM.attributes
                0x00000619       0x2c c:/freescale/kds_v3/toolchain/bin/../lib/gcc/arm-none-eabi/4.8.4/../../../../arm-none-eabi/lib/armv6-m\libg_s.a(lib_a-assert.o)
 .ARM.attributes
                0x00000645       0x2c c:/freescale/kds_v3/toolchain/bin/../lib/gcc/arm-none-eabi/4.8.4/../../../../arm-none-eabi/lib/armv6-m\libg_s.a(lib_a-exit.o)
 .ARM.attributes
                0x00000671       0x2c c:/freescale/kds_v3/toolchain/bin/../lib/gcc/arm-none-eabi/4.8.4/../../../../arm-none-eabi/lib/armv6-m\libg_s.a(lib_a-fprintf.o)
 .ARM.attributes
                0x0000069d       0x2c c:/freescale/kds_v3/toolchain/bin/../lib/gcc/arm-none-eabi/4.8.4/../../../../arm-none-eabi/lib/armv6-m\libg_s.a(lib_a-impure.o)
 .ARM.attributes
                0x000006c9       0x2c c:/freescale/kds_v3/toolchain/bin/../lib/gcc/arm-none-eabi/4.8.4/../../../../arm-none-eabi/lib/armv6-m\libg_s.a(lib_a-init.o)
 .ARM.attributes
                0x000006f5       0x2c c:/freescale/kds_v3/toolchain/bin/../lib/gcc/arm-none-eabi/4.8.4/../../../../arm-none-eabi/lib/armv6-m\libg_s.a(lib_a-malloc.o)
 .ARM.attributes
                0x00000721       0x2c c:/freescale/kds_v3/toolchain/bin/../lib/gcc/arm-none-eabi/4.8.4/../../../../arm-none-eabi/lib/armv6-m\libg_s.a(lib_a-memcpy-stub.o)
 .ARM.attributes
                0x0000074d       0x2c c:/freescale/kds_v3/toolchain/bin/../lib/gcc/arm-none-eabi/4.8.4/../../../../arm-none-eabi/lib/armv6-m\libg_s.a(lib_a-memset.o)
 .ARM.attributes
                0x00000779       0x2c c:/freescale/kds_v3/toolchain/bin/../lib/gcc/arm-none-eabi/4.8.4/../../../../arm-none-eabi/lib/armv6-m\libg_s.a(lib_a-nano-freer.o)
 .ARM.attributes
                0x000007a5       0x2c c:/freescale/kds_v3/toolchain/bin/../lib/gcc/arm-none-eabi/4.8.4/../../../../arm-none-eabi/lib/armv6-m\libg_s.a(lib_a-nano-mallocr.o)
 .ARM.attributes
                0x000007d1       0x2c c:/freescale/kds_v3/toolchain/bin/../lib/gcc/arm-none-eabi/4.8.4/../../../../arm-none-eabi/lib/armv6-m\libg_s.a(lib_a-sbrkr.o)
 .ARM.attributes
                0x000007fd       0x2c c:/freescale/kds_v3/toolchain/bin/../lib/gcc/arm-none-eabi/4.8.4/../../../../arm-none-eabi/lib/armv6-m\libg_s.a(lib_a-sprintf.o)
 .ARM.attributes
                0x00000829       0x2c c:/freescale/kds_v3/toolchain/bin/../lib/gcc/arm-none-eabi/4.8.4/../../../../arm-none-eabi/lib/armv6-m\libg_s.a(lib_a-strlen.o)
 .ARM.attributes
                0x00000855       0x2c c:/freescale/kds_v3/toolchain/bin/../lib/gcc/arm-none-eabi/4.8.4/../../../../arm-none-eabi/lib/armv6-m\libg_s.a(lib_a-svfprintf.o)
 .ARM.attributes
                0x00000881       0x2c c:/freescale/kds_v3/toolchain/bin/../lib/gcc/arm-none-eabi/4.8.4/../../../../arm-none-eabi/lib/armv6-m\libg_s.a(lib_a-vfprintf.o)
 .ARM.attributes
                0x000008ad       0x2c c:/freescale/kds_v3/toolchain/bin/../lib/gcc/arm-none-eabi/4.8.4/../../../../arm-none-eabi/lib/armv6-m\libg_s.a(lib_a-vfprintf_i.o)
 .ARM.attributes
                0x000008d9       0x2c c:/freescale/kds_v3/toolchain/bin/../lib/gcc/arm-none-eabi/4.8.4/../../../../arm-none-eabi/lib/armv6-m\libg_s.a(lib_a-wbuf.o)
 .ARM.attributes
                0x00000905       0x2c c:/freescale/kds_v3/toolchain/bin/../lib/gcc/arm-none-eabi/4.8.4/../../../../arm-none-eabi/lib/armv6-m\libg_s.a(lib_a-wsetup.o)
 .ARM.attributes
                0x00000931       0x2c c:/freescale/kds_v3/toolchain/bin/../lib/gcc/arm-none-eabi/4.8.4/../../../../arm-none-eabi/lib/armv6-m\libg_s.a(lib_a-abort.o)
 .ARM.attributes
                0x0000095d       0x2c c:/freescale/kds_v3/toolchain/bin/../lib/gcc/arm-none-eabi/4.8.4/../../../../arm-none-eabi/lib/armv6-m\libg_s.a(lib_a-fflush.o)
 .ARM.attributes
                0x00000989       0x2c c:/freescale/kds_v3/toolchain/bin/../lib/gcc/arm-none-eabi/4.8.4/../../../../arm-none-eabi/lib/armv6-m\libg_s.a(lib_a-findfp.o)
 .ARM.attributes
                0x000009b5       0x2c c:/freescale/kds_v3/toolchain/bin/../lib/gcc/arm-none-eabi/4.8.4/../../../../arm-none-eabi/lib/armv6-m\libg_s.a(lib_a-makebuf.o)
 .ARM.attributes
                0x000009e1       0x2c c:/freescale/kds_v3/toolchain/bin/../lib/gcc/arm-none-eabi/4.8.4/../../../../arm-none-eabi/lib/armv6-m\libg_s.a(lib_a-memchr-stub.o)
 .ARM.attributes
                0x00000a0d       0x2c c:/freescale/kds_v3/toolchain/bin/../lib/gcc/arm-none-eabi/4.8.4/../../../../arm-none-eabi/lib/armv6-m\libg_s.a(lib_a-memmove.o)
 .ARM.attributes
                0x00000a39       0x2c c:/freescale/kds_v3/toolchain/bin/../lib/gcc/arm-none-eabi/4.8.4/../../../../arm-none-eabi/lib/armv6-m\libg_s.a(lib_a-nano-reallocr.o)
 .ARM.attributes
                0x00000a65       0x2c c:/freescale/kds_v3/toolchain/bin/../lib/gcc/arm-none-eabi/4.8.4/../../../../arm-none-eabi/lib/armv6-m\libg_s.a(lib_a-reent.o)
 .ARM.attributes
                0x00000a91       0x2c c:/freescale/kds_v3/toolchain/bin/../lib/gcc/arm-none-eabi/4.8.4/../../../../arm-none-eabi/lib/armv6-m\libg_s.a(lib_a-signal.o)
 .ARM.attributes
                0x00000abd       0x2c c:/freescale/kds_v3/toolchain/bin/../lib/gcc/arm-none-eabi/4.8.4/../../../../arm-none-eabi/lib/armv6-m\libg_s.a(lib_a-signalr.o)
 .ARM.attributes
                0x00000ae9       0x2c c:/freescale/kds_v3/toolchain/bin/../lib/gcc/arm-none-eabi/4.8.4/../../../../arm-none-eabi/lib/armv6-m\libg_s.a(lib_a-stdio.o)
 .ARM.attributes
                0x00000b15       0x2c c:/freescale/kds_v3/toolchain/bin/../lib/gcc/arm-none-eabi/4.8.4/../../../../arm-none-eabi/lib/armv6-m\libg_s.a(lib_a-writer.o)
 .ARM.attributes
                0x00000b41       0x2c c:/freescale/kds_v3/toolchain/bin/../lib/gcc/arm-none-eabi/4.8.4/../../../../arm-none-eabi/lib/armv6-m\libg_s.a(lib_a-closer.o)
 .ARM.attributes
                0x00000b6d       0x2c c:/freescale/kds_v3/toolchain/bin/../lib/gcc/arm-none-eabi/4.8.4/../../../../arm-none-eabi/lib/armv6-m\libg_s.a(lib_a-fstatr.o)
 .ARM.attributes
                0x00000b99       0x2c c:/freescale/kds_v3/toolchain/bin/../lib/gcc/arm-none-eabi/4.8.4/../../../../arm-none-eabi/lib/armv6-m\libg_s.a(lib_a-isattyr.o)
 .ARM.attributes
                0x00000bc5       0x2c c:/freescale/kds_v3/toolchain/bin/../lib/gcc/arm-none-eabi/4.8.4/../../../../arm-none-eabi/lib/armv6-m\libg_s.a(lib_a-lseekr.o)
 .ARM.attributes
                0x00000bf1       0x2c c:/freescale/kds_v3/toolchain/bin/../lib/gcc/arm-none-eabi/4.8.4/../../../../arm-none-eabi/lib/armv6-m\libg_s.a(lib_a-nano-msizer.o)
 .ARM.attributes
                0x00000c1d       0x2c c:/freescale/kds_v3/toolchain/bin/../lib/gcc/arm-none-eabi/4.8.4/../../../../arm-none-eabi/lib/armv6-m\libg_s.a(lib_a-readr.o)
 .ARM.attributes
                0x00000c49       0x2c c:/freescale/kds_v3/toolchain/bin/../lib/gcc/arm-none-eabi/4.8.4/../../../../arm-none-eabi/lib/armv6-m\libnosys.a(close.o)
 .ARM.attributes
                0x00000c75       0x2c c:/freescale/kds_v3/toolchain/bin/../lib/gcc/arm-none-eabi/4.8.4/../../../../arm-none-eabi/lib/armv6-m\libnosys.a(fstat.o)
 .ARM.attributes
                0x00000ca1       0x2c c:/freescale/kds_v3/toolchain/bin/../lib/gcc/arm-none-eabi/4.8.4/../../../../arm-none-eabi/lib/armv6-m\libnosys.a(getpid.o)
 .ARM.attributes
                0x00000ccd       0x2c c:/freescale/kds_v3/toolchain/bin/../lib/gcc/arm-none-eabi/4.8.4/../../../../arm-none-eabi/lib/armv6-m\libnosys.a(isatty.o)
 .ARM.attributes
                0x00000cf9       0x2c c:/freescale/kds_v3/toolchain/bin/../lib/gcc/arm-none-eabi/4.8.4/../../../../arm-none-eabi/lib/armv6-m\libnosys.a(kill.o)
 .ARM.attributes
                0x00000d25       0x2c c:/freescale/kds_v3/toolchain/bin/../lib/gcc/arm-none-eabi/4.8.4/../../../../arm-none-eabi/lib/armv6-m\libnosys.a(lseek.o)
 .ARM.attributes
                0x00000d51       0x2c c:/freescale/kds_v3/toolchain/bin/../lib/gcc/arm-none-eabi/4.8.4/../../../../arm-none-eabi/lib/armv6-m\libnosys.a(read.o)
 .ARM.attributes
                0x00000d7d       0x2c c:/freescale/kds_v3/toolchain/bin/../lib/gcc/arm-none-eabi/4.8.4/../../../../arm-none-eabi/lib/armv6-m\libnosys.a(sbrk.o)
 .ARM.attributes
                0x00000da9       0x2c c:/freescale/kds_v3/toolchain/bin/../lib/gcc/arm-none-eabi/4.8.4/../../../../arm-none-eabi/lib/armv6-m\libnosys.a(write.o)
 .ARM.attributes
                0x00000dd5       0x2c c:/freescale/kds_v3/toolchain/bin/../lib/gcc/arm-none-eabi/4.8.4/../../../../arm-none-eabi/lib/armv6-m\libnosys.a(_exit.o)
 .ARM.attributes
                0x00000e01       0x1e c:/freescale/kds_v3/toolchain/bin/../lib/gcc/arm-none-eabi/4.8.4/armv6-m/crtn.o
OUTPUT(CAN_FreeRTOS.elf elf32-littlearm)

.debug_info     0x00000000     0x6718
 .debug_info    0x00000000      0x3de ./modules/timer_timeout/timer_timeout.o
 .debug_info    0x000003de      0x46e ./modules/terminal/terminal.o
 .debug_info    0x0000084c      0x669 ./modules/shell/shell.o
 .debug_info    0x00000eb5      0x2e9 ./modules/queue/queue.o
 .debug_info    0x0000119e      0x2b8 ./modules/hd44780/hd44780.o
 .debug_info    0x00001456      0x4fa ./modules/can_t/can_t.o
 .debug_info    0x00001950      0x774 ./Static_Code/System/CPU_Init.o
 .debug_info    0x000020c4      0x459 ./Static_Code/System/Vectors.o
 .debug_info    0x0000251d      0x35e ./Sources/Events.o
 .debug_info    0x0000287b       0xb8 ./Sources/main.o
 .debug_info    0x00002933      0x434 ./Sources/vmain.o
 .debug_info    0x00002d67      0x20a ./Project_Settings/Startup_Code/startup.o
 .debug_info    0x00002f71      0x6b9 ./Generated_Code/ASerialLdd1.o
 .debug_info    0x0000362a      0x2a4 ./Generated_Code/BitIoLdd1.o
 .debug_info    0x000038ce      0x2a4 ./Generated_Code/BitIoLdd2.o
 .debug_info    0x00003b72      0x27e ./Generated_Code/BitIoLdd3.o
 .debug_info    0x00003df0      0x27e ./Generated_Code/BitIoLdd4.o
 .debug_info    0x0000406e      0x2b2 ./Generated_Code/BitIoLdd5.o
 .debug_info    0x00004320      0x2b2 ./Generated_Code/BitIoLdd6.o
 .debug_info    0x000045d2      0x2b2 ./Generated_Code/BitIoLdd7.o
 .debug_info    0x00004884      0x2b2 ./Generated_Code/BitIoLdd8.o
 .debug_info    0x00004b36      0x2b2 ./Generated_Code/BitIoLdd9.o
 .debug_info    0x00004de8      0x99f ./Generated_Code/CAN1.o
 .debug_info    0x00005787       0xda ./Generated_Code/Cpu.o
 .debug_info    0x00005861      0x4ff ./Generated_Code/DbgTerminal.o
 .debug_info    0x00005d60      0x45a ./Generated_Code/Inhr1.o
 .debug_info    0x000061ba      0x251 ./Generated_Code/PE_LDD.o
 .debug_info    0x0000640b      0x30d ./Generated_Code/TU1.o

.debug_abbrev   0x00000000     0x2412
 .debug_abbrev  0x00000000      0x111 ./modules/timer_timeout/timer_timeout.o
 .debug_abbrev  0x00000111      0x16b ./modules/terminal/terminal.o
 .debug_abbrev  0x0000027c      0x163 ./modules/shell/shell.o
 .debug_abbrev  0x000003df      0x131 ./modules/queue/queue.o
 .debug_abbrev  0x00000510      0x157 ./modules/hd44780/hd44780.o
 .debug_abbrev  0x00000667      0x180 ./modules/can_t/can_t.o
 .debug_abbrev  0x000007e7      0x1ed ./Static_Code/System/CPU_Init.o
 .debug_abbrev  0x000009d4       0xd8 ./Static_Code/System/Vectors.o
 .debug_abbrev  0x00000aac      0x14e ./Sources/Events.o
 .debug_abbrev  0x00000bfa       0x6c ./Sources/main.o
 .debug_abbrev  0x00000c66      0x17e ./Sources/vmain.o
 .debug_abbrev  0x00000de4      0x11e ./Project_Settings/Startup_Code/startup.o
 .debug_abbrev  0x00000f02      0x1d2 ./Generated_Code/ASerialLdd1.o
 .debug_abbrev  0x000010d4      0x147 ./Generated_Code/BitIoLdd1.o
 .debug_abbrev  0x0000121b      0x147 ./Generated_Code/BitIoLdd2.o
 .debug_abbrev  0x00001362      0x11e ./Generated_Code/BitIoLdd3.o
 .debug_abbrev  0x00001480      0x11e ./Generated_Code/BitIoLdd4.o
 .debug_abbrev  0x0000159e      0x147 ./Generated_Code/BitIoLdd5.o
 .debug_abbrev  0x000016e5      0x147 ./Generated_Code/BitIoLdd6.o
 .debug_abbrev  0x0000182c      0x147 ./Generated_Code/BitIoLdd7.o
 .debug_abbrev  0x00001973      0x147 ./Generated_Code/BitIoLdd8.o
 .debug_abbrev  0x00001aba      0x147 ./Generated_Code/BitIoLdd9.o
 .debug_abbrev  0x00001c01      0x1e5 ./Generated_Code/CAN1.o
 .debug_abbrev  0x00001de6       0x45 ./Generated_Code/Cpu.o
 .debug_abbrev  0x00001e2b      0x1a7 ./Generated_Code/DbgTerminal.o
 .debug_abbrev  0x00001fd2      0x1d6 ./Generated_Code/Inhr1.o
 .debug_abbrev  0x000021a8      0x10d ./Generated_Code/PE_LDD.o
 .debug_abbrev  0x000022b5      0x15d ./Generated_Code/TU1.o

.debug_aranges  0x00000000      0xa18
 .debug_aranges
                0x00000000       0x90 ./modules/timer_timeout/timer_timeout.o
 .debug_aranges
                0x00000090       0x40 ./modules/terminal/terminal.o
 .debug_aranges
                0x000000d0       0x60 ./modules/shell/shell.o
 .debug_aranges
                0x00000130       0x68 ./modules/queue/queue.o
 .debug_aranges
                0x00000198       0x50 ./modules/hd44780/hd44780.o
 .debug_aranges
                0x000001e8       0x50 ./modules/can_t/can_t.o
 .debug_aranges
                0x00000238       0x48 ./Static_Code/System/CPU_Init.o
 .debug_aranges
                0x00000280      0x190 ./Static_Code/System/Vectors.o
 .debug_aranges
                0x00000410       0x58 ./Sources/Events.o
 .debug_aranges
                0x00000468       0x20 ./Sources/main.o
 .debug_aranges
                0x00000488       0x30 ./Sources/vmain.o
 .debug_aranges
                0x000004b8       0x50 ./Project_Settings/Startup_Code/startup.o
 .debug_aranges
                0x00000508       0x70 ./Generated_Code/ASerialLdd1.o
 .debug_aranges
                0x00000578       0x48 ./Generated_Code/BitIoLdd1.o
 .debug_aranges
                0x000005c0       0x48 ./Generated_Code/BitIoLdd2.o
 .debug_aranges
                0x00000608       0x40 ./Generated_Code/BitIoLdd3.o
 .debug_aranges
                0x00000648       0x40 ./Generated_Code/BitIoLdd4.o
 .debug_aranges
                0x00000688       0x48 ./Generated_Code/BitIoLdd5.o
 .debug_aranges
                0x000006d0       0x48 ./Generated_Code/BitIoLdd6.o
 .debug_aranges
                0x00000718       0x48 ./Generated_Code/BitIoLdd7.o
 .debug_aranges
                0x00000760       0x48 ./Generated_Code/BitIoLdd8.o
 .debug_aranges
                0x000007a8       0x48 ./Generated_Code/BitIoLdd9.o
 .debug_aranges
                0x000007f0       0x48 ./Generated_Code/CAN1.o
 .debug_aranges
                0x00000838       0x40 ./Generated_Code/Cpu.o
 .debug_aranges
                0x00000878       0xb0 ./Generated_Code/DbgTerminal.o
 .debug_aranges
                0x00000928       0x98 ./Generated_Code/Inhr1.o
 .debug_aranges
                0x000009c0       0x30 ./Generated_Code/PE_LDD.o
 .debug_aranges
                0x000009f0       0x28 ./Generated_Code/TU1.o

.debug_ranges   0x00000000      0x858
 .debug_ranges  0x00000000       0x80 ./modules/timer_timeout/timer_timeout.o
 .debug_ranges  0x00000080       0x30 ./modules/terminal/terminal.o
 .debug_ranges  0x000000b0       0x50 ./modules/shell/shell.o
 .debug_ranges  0x00000100       0x58 ./modules/queue/queue.o
 .debug_ranges  0x00000158       0x40 ./modules/hd44780/hd44780.o
 .debug_ranges  0x00000198       0x40 ./modules/can_t/can_t.o
 .debug_ranges  0x000001d8       0x38 ./Static_Code/System/CPU_Init.o
 .debug_ranges  0x00000210      0x180 ./Static_Code/System/Vectors.o
 .debug_ranges  0x00000390       0x48 ./Sources/Events.o
 .debug_ranges  0x000003d8       0x10 ./Sources/main.o
 .debug_ranges  0x000003e8       0x20 ./Sources/vmain.o
 .debug_ranges  0x00000408       0x40 ./Project_Settings/Startup_Code/startup.o
 .debug_ranges  0x00000448       0x60 ./Generated_Code/ASerialLdd1.o
 .debug_ranges  0x000004a8       0x38 ./Generated_Code/BitIoLdd1.o
 .debug_ranges  0x000004e0       0x38 ./Generated_Code/BitIoLdd2.o
 .debug_ranges  0x00000518       0x30 ./Generated_Code/BitIoLdd3.o
 .debug_ranges  0x00000548       0x30 ./Generated_Code/BitIoLdd4.o
 .debug_ranges  0x00000578       0x38 ./Generated_Code/BitIoLdd5.o
 .debug_ranges  0x000005b0       0x38 ./Generated_Code/BitIoLdd6.o
 .debug_ranges  0x000005e8       0x38 ./Generated_Code/BitIoLdd7.o
 .debug_ranges  0x00000620       0x38 ./Generated_Code/BitIoLdd8.o
 .debug_ranges  0x00000658       0x38 ./Generated_Code/BitIoLdd9.o
 .debug_ranges  0x00000690       0x38 ./Generated_Code/CAN1.o
 .debug_ranges  0x000006c8       0x30 ./Generated_Code/Cpu.o
 .debug_ranges  0x000006f8       0xa0 ./Generated_Code/DbgTerminal.o
 .debug_ranges  0x00000798       0x88 ./Generated_Code/Inhr1.o
 .debug_ranges  0x00000820       0x20 ./Generated_Code/PE_LDD.o
 .debug_ranges  0x00000840       0x18 ./Generated_Code/TU1.o

.debug_macro    0x00000000    0x1b4f0
 .debug_macro   0x00000000       0x95 ./modules/timer_timeout/timer_timeout.o
 .debug_macro   0x00000095      0x7f6 ./modules/timer_timeout/timer_timeout.o
 .debug_macro   0x0000088b       0x16 ./modules/timer_timeout/timer_timeout.o
 .debug_macro   0x000008a1       0x44 ./modules/timer_timeout/timer_timeout.o
 .debug_macro   0x000008e5      0x209 ./modules/timer_timeout/timer_timeout.o
 .debug_macro   0x00000aee     0x15de ./modules/timer_timeout/timer_timeout.o
 .debug_macro   0x000020cc       0x58 ./modules/timer_timeout/timer_timeout.o
 .debug_macro   0x00002124       0x35 ./modules/timer_timeout/timer_timeout.o
 .debug_macro   0x00002159       0xa2 ./modules/timer_timeout/timer_timeout.o
 .debug_macro   0x000021fb       0x16 ./modules/timer_timeout/timer_timeout.o
 .debug_macro   0x00002211      0x1e4 ./modules/terminal/terminal.o
 .debug_macro   0x000023f5       0x16 ./modules/terminal/terminal.o
 .debug_macro   0x0000240b       0x97 ./modules/terminal/terminal.o
 .debug_macro   0x000024a2       0x10 ./modules/terminal/terminal.o
 .debug_macro   0x000024b2       0xef ./modules/terminal/terminal.o
 .debug_macro   0x000025a1       0x4a ./modules/terminal/terminal.o
 .debug_macro   0x000025eb       0x52 ./modules/terminal/terminal.o
 .debug_macro   0x0000263d       0x16 ./modules/terminal/terminal.o
 .debug_macro   0x00002653       0x43 ./modules/terminal/terminal.o
 .debug_macro   0x00002696      0x180 ./modules/terminal/terminal.o
 .debug_macro   0x00002816       0x10 ./modules/terminal/terminal.o
 .debug_macro   0x00002826       0x22 ./modules/terminal/terminal.o
 .debug_macro   0x00002848       0xbd ./modules/terminal/terminal.o
 .debug_macro   0x00002905       0x16 ./modules/terminal/terminal.o
 .debug_macro   0x0000291b      0x16c ./modules/terminal/terminal.o
 .debug_macro   0x00002a87       0x16 ./modules/terminal/terminal.o
 .debug_macro   0x00002a9d       0x35 ./modules/terminal/terminal.o
 .debug_macro   0x00002ad2       0x16 ./modules/terminal/terminal.o
 .debug_macro   0x00002ae8       0x29 ./modules/terminal/terminal.o
 .debug_macro   0x00002b11      0x20f ./modules/terminal/terminal.o
 .debug_macro   0x00002d20     0x15d8 ./modules/terminal/terminal.o
 .debug_macro   0x000042f8      0x14e ./modules/terminal/terminal.o
 .debug_macro   0x00004446       0x5e ./modules/terminal/terminal.o
 .debug_macro   0x000044a4     0x539e ./modules/terminal/terminal.o
 .debug_macro   0x00009842      0x2dd ./modules/terminal/terminal.o
 .debug_macro   0x00009b1f       0x16 ./modules/terminal/terminal.o
 .debug_macro   0x00009b35       0x34 ./modules/terminal/terminal.o
 .debug_macro   0x00009b69       0x10 ./modules/terminal/terminal.o
 .debug_macro   0x00009b79       0x10 ./modules/terminal/terminal.o
 .debug_macro   0x00009b89      0x149 ./modules/shell/shell.o
 .debug_macro   0x00009cd2      0x166 ./modules/shell/shell.o
 .debug_macro   0x00009e38      0x2a6 ./modules/shell/shell.o
 .debug_macro   0x0000a0de       0x10 ./modules/shell/shell.o
 .debug_macro   0x0000a0ee       0x1f ./modules/shell/shell.o
 .debug_macro   0x0000a10d      0x177 ./modules/queue/queue.o
 .debug_macro   0x0000a284      0x1a7 ./modules/hd44780/hd44780.o
 .debug_macro   0x0000a42b     0x15d8 ./modules/hd44780/hd44780.o
 .debug_macro   0x0000ba03       0x94 ./modules/hd44780/hd44780.o
 .debug_macro   0x0000ba97      0x12c ./modules/hd44780/hd44780.o
 .debug_macro   0x0000bbc3       0x46 ./modules/hd44780/hd44780.o
 .debug_macro   0x0000bc09       0x26 ./modules/hd44780/hd44780.o
 .debug_macro   0x0000bc2f       0x4c ./modules/hd44780/hd44780.o
 .debug_macro   0x0000bc7b       0x26 ./modules/hd44780/hd44780.o
 .debug_macro   0x0000bca1       0x4c ./modules/hd44780/hd44780.o
 .debug_macro   0x0000bced       0x26 ./modules/hd44780/hd44780.o
 .debug_macro   0x0000bd13       0x4c ./modules/hd44780/hd44780.o
 .debug_macro   0x0000bd5f       0x26 ./modules/hd44780/hd44780.o
 .debug_macro   0x0000bd85       0x46 ./modules/hd44780/hd44780.o
 .debug_macro   0x0000bdcb       0x1f ./modules/hd44780/hd44780.o
 .debug_macro   0x0000bdea       0x46 ./modules/hd44780/hd44780.o
 .debug_macro   0x0000be30       0x1f ./modules/hd44780/hd44780.o
 .debug_macro   0x0000be4f       0x4c ./modules/hd44780/hd44780.o
 .debug_macro   0x0000be9b       0x26 ./modules/hd44780/hd44780.o
 .debug_macro   0x0000bec1       0xd6 ./modules/hd44780/hd44780.o
 .debug_macro   0x0000bf97      0x243 ./modules/can_t/can_t.o
 .debug_macro   0x0000c1da       0x1c ./modules/can_t/can_t.o
 .debug_macro   0x0000c1f6       0x10 ./modules/can_t/can_t.o
 .debug_macro   0x0000c206       0x46 ./modules/can_t/can_t.o
 .debug_macro   0x0000c24c       0x26 ./modules/can_t/can_t.o
 .debug_macro   0x0000c272      0x284 ./Static_Code/System/CPU_Init.o
 .debug_macro   0x0000c4f6       0x46 ./Static_Code/System/CPU_Init.o
 .debug_macro   0x0000c53c       0x26 ./Static_Code/System/CPU_Init.o
 .debug_macro   0x0000c562       0x86 ./Static_Code/System/CPU_Init.o
 .debug_macro   0x0000c5e8       0x52 ./Static_Code/System/CPU_Init.o
 .debug_macro   0x0000c63a       0x12 ./Static_Code/System/CPU_Init.o
 .debug_macro   0x0000c64c       0x4c ./Static_Code/System/CPU_Init.o
 .debug_macro   0x0000c698       0x3a ./Static_Code/System/CPU_Init.o
 .debug_macro   0x0000c6d2       0x81 ./Static_Code/System/CPU_Init.o
 .debug_macro   0x0000c753       0x20 ./Static_Code/System/CPU_Init.o
 .debug_macro   0x0000c773       0x4c ./Static_Code/System/CPU_Init.o
 .debug_macro   0x0000c7bf      0x2b5 ./Static_Code/System/Vectors.o
 .debug_macro   0x0000ca74      0x12f ./Static_Code/System/Vectors.o
 .debug_macro   0x0000cba3      0x43d ./Sources/Events.o
 .debug_macro   0x0000cfe0      0x5cf ./Sources/Events.o
 .debug_macro   0x0000d5af      0x2d3 ./Sources/Events.o
 .debug_macro   0x0000d882      0x109 ./Sources/Events.o
 .debug_macro   0x0000d98b      0x6a6 ./Sources/Events.o
 .debug_macro   0x0000e031      0x223 ./Sources/Events.o
 .debug_macro   0x0000e254      0x299 ./Sources/Events.o
 .debug_macro   0x0000e4ed       0x65 ./Sources/Events.o
 .debug_macro   0x0000e552      0x20f ./Sources/Events.o
 .debug_macro   0x0000e761      0x13f ./Sources/Events.o
 .debug_macro   0x0000e8a0      0x63a ./Sources/Events.o
 .debug_macro   0x0000eeda     0x266f ./Sources/Events.o
 .debug_macro   0x00011549       0xbb ./Sources/Events.o
 .debug_macro   0x00011604       0xe9 ./Sources/Events.o
 .debug_macro   0x000116ed      0x4ea ./Sources/Events.o
 .debug_macro   0x00011bd7      0x13a ./Sources/Events.o
 .debug_macro   0x00011d11       0xb8 ./Sources/Events.o
 .debug_macro   0x00011dc9      0x179 ./Sources/Events.o
 .debug_macro   0x00011f42      0x987 ./Sources/Events.o
 .debug_macro   0x000128c9      0x648 ./Sources/Events.o
 .debug_macro   0x00012f11      0x7b8 ./Sources/Events.o
 .debug_macro   0x000136c9      0x162 ./Sources/Events.o
 .debug_macro   0x0001382b       0x1c ./Sources/Events.o
 .debug_macro   0x00013847      0x346 ./Sources/main.o
 .debug_macro   0x00013b8d      0x2ea ./Sources/vmain.o
 .debug_macro   0x00013e77      0x12f ./Project_Settings/Startup_Code/startup.o
 .debug_macro   0x00013fa6       0x10 ./Project_Settings/Startup_Code/startup.o
 .debug_macro   0x00013fb6     0x5392 ./Project_Settings/Startup_Code/startup.o
 .debug_macro   0x00019348      0x116 ./Generated_Code/ASerialLdd1.o
 .debug_macro   0x0001945e       0x7b ./Generated_Code/ASerialLdd1.o
 .debug_macro   0x000194d9       0x26 ./Generated_Code/ASerialLdd1.o
 .debug_macro   0x000194ff      0x7b2 ./Generated_Code/ASerialLdd1.o
 .debug_macro   0x00019cb1       0xf9 ./Generated_Code/BitIoLdd1.o
 .debug_macro   0x00019daa       0xf9 ./Generated_Code/BitIoLdd2.o
 .debug_macro   0x00019ea3       0xf9 ./Generated_Code/BitIoLdd3.o
 .debug_macro   0x00019f9c       0x40 ./Generated_Code/BitIoLdd3.o
 .debug_macro   0x00019fdc       0xf9 ./Generated_Code/BitIoLdd4.o
 .debug_macro   0x0001a0d5       0x40 ./Generated_Code/BitIoLdd4.o
 .debug_macro   0x0001a115       0xf9 ./Generated_Code/BitIoLdd5.o
 .debug_macro   0x0001a20e       0x46 ./Generated_Code/BitIoLdd5.o
 .debug_macro   0x0001a254       0xf9 ./Generated_Code/BitIoLdd6.o
 .debug_macro   0x0001a34d       0x46 ./Generated_Code/BitIoLdd6.o
 .debug_macro   0x0001a393       0xf9 ./Generated_Code/BitIoLdd7.o
 .debug_macro   0x0001a48c       0x46 ./Generated_Code/BitIoLdd7.o
 .debug_macro   0x0001a4d2       0xf9 ./Generated_Code/BitIoLdd8.o
 .debug_macro   0x0001a5cb       0x46 ./Generated_Code/BitIoLdd8.o
 .debug_macro   0x0001a611       0xf9 ./Generated_Code/BitIoLdd9.o
 .debug_macro   0x0001a70a      0x2ae ./Generated_Code/CAN1.o
 .debug_macro   0x0001a9b8      0x286 ./Generated_Code/Cpu.o
 .debug_macro   0x0001ac3e      0x105 ./Generated_Code/DbgTerminal.o
 .debug_macro   0x0001ad43      0x2fc ./Generated_Code/Inhr1.o
 .debug_macro   0x0001b03f      0x235 ./Generated_Code/PE_LDD.o
 .debug_macro   0x0001b274      0x27c ./Generated_Code/TU1.o

.debug_line     0x00000000     0x8306
 .debug_line    0x00000000      0x335 ./modules/timer_timeout/timer_timeout.o
 .debug_line    0x00000335      0x45d ./modules/terminal/terminal.o
 .debug_line    0x00000792      0x403 ./modules/shell/shell.o
 .debug_line    0x00000b95      0x36b ./modules/queue/queue.o
 .debug_line    0x00000f00      0x5b1 ./modules/hd44780/hd44780.o
 .debug_line    0x000014b1      0x59f ./modules/can_t/can_t.o
 .debug_line    0x00001a50      0x590 ./Static_Code/System/CPU_Init.o
 .debug_line    0x00001fe0      0x7e2 ./Static_Code/System/Vectors.o
 .debug_line    0x000027c2      0x79f ./Sources/Events.o
 .debug_line    0x00002f61      0x59a ./Sources/main.o
 .debug_line    0x000034fb      0x616 ./Sources/vmain.o
 .debug_line    0x00003b11      0x3bc ./Project_Settings/Startup_Code/startup.o
 .debug_line    0x00003ecd      0x467 ./Generated_Code/ASerialLdd1.o
 .debug_line    0x00004334      0x36c ./Generated_Code/BitIoLdd1.o
 .debug_line    0x000046a0      0x36c ./Generated_Code/BitIoLdd2.o
 .debug_line    0x00004a0c      0x35a ./Generated_Code/BitIoLdd3.o
 .debug_line    0x00004d66      0x35a ./Generated_Code/BitIoLdd4.o
 .debug_line    0x000050c0      0x370 ./Generated_Code/BitIoLdd5.o
 .debug_line    0x00005430      0x370 ./Generated_Code/BitIoLdd6.o
 .debug_line    0x000057a0      0x370 ./Generated_Code/BitIoLdd7.o
 .debug_line    0x00005b10      0x370 ./Generated_Code/BitIoLdd8.o
 .debug_line    0x00005e80      0x370 ./Generated_Code/BitIoLdd9.o
 .debug_line    0x000061f0      0x610 ./Generated_Code/CAN1.o
 .debug_line    0x00006800      0x52c ./Generated_Code/Cpu.o
 .debug_line    0x00006d2c      0x5b9 ./Generated_Code/DbgTerminal.o
 .debug_line    0x000072e5      0x6b9 ./Generated_Code/Inhr1.o
 .debug_line    0x0000799e      0x4ad ./Generated_Code/PE_LDD.o
 .debug_line    0x00007e4b      0x4bb ./Generated_Code/TU1.o

.debug_str      0x00000000    0x8dc9e
 .debug_str     0x00000000     0x99ba ./modules/timer_timeout/timer_timeout.o
                               0x9b6f (size before relaxing)
 .debug_str     0x000099ba    0x1eb28 ./modules/terminal/terminal.o
                              0x287d7 (size before relaxing)
 .debug_str     0x000284e2     0x1167 ./modules/shell/shell.o
                               0x57a3 (size before relaxing)
 .debug_str     0x00029649       0xc9 ./modules/queue/queue.o
                               0x600d (size before relaxing)
 .debug_str     0x00029712     0x2795 ./modules/hd44780/hd44780.o
                              0x28e07 (size before relaxing)
 .debug_str     0x0002bea7      0x557 ./modules/can_t/can_t.o
                              0x2a78e (size before relaxing)
 .debug_str     0x0002c3fe     0x13fd ./Static_Code/System/CPU_Init.o
                              0x2a0bb (size before relaxing)
 .debug_str     0x0002d7fb      0x94e ./Static_Code/System/Vectors.o
                              0x2a9a2 (size before relaxing)
 .debug_str     0x0002e149    0x5e583 ./Sources/Events.o
                              0x8a211 (size before relaxing)
 .debug_str     0x0008c6cc       0x12 ./Sources/main.o
                              0x88172 (size before relaxing)
 .debug_str     0x0008c6de       0x5e ./Sources/vmain.o
                              0x2b434 (size before relaxing)
 .debug_str     0x0008c73c       0xe6 ./Project_Settings/Startup_Code/startup.o
                              0x20ebb (size before relaxing)
 .debug_str     0x0008c822      0x2f5 ./Generated_Code/ASerialLdd1.o
                              0x3510b (size before relaxing)
 .debug_str     0x0008cb17       0xfd ./Generated_Code/BitIoLdd1.o
                              0x27776 (size before relaxing)
 .debug_str     0x0008cc14       0xb1 ./Generated_Code/BitIoLdd2.o
                              0x27776 (size before relaxing)
 .debug_str     0x0008ccc5       0xa0 ./Generated_Code/BitIoLdd3.o
                              0x2773e (size before relaxing)
 .debug_str     0x0008cd65       0xa0 ./Generated_Code/BitIoLdd4.o
                              0x2773e (size before relaxing)
 .debug_str     0x0008ce05       0xb1 ./Generated_Code/BitIoLdd5.o
                              0x27770 (size before relaxing)
 .debug_str     0x0008ceb6       0xb1 ./Generated_Code/BitIoLdd6.o
                              0x27770 (size before relaxing)
 .debug_str     0x0008cf67       0xb1 ./Generated_Code/BitIoLdd7.o
                              0x27770 (size before relaxing)
 .debug_str     0x0008d018       0xb1 ./Generated_Code/BitIoLdd8.o
                              0x27770 (size before relaxing)
 .debug_str     0x0008d0c9       0xb1 ./Generated_Code/BitIoLdd9.o
                              0x27770 (size before relaxing)
 .debug_str     0x0008d17a      0x3dd ./Generated_Code/CAN1.o
                              0x30b37 (size before relaxing)
 .debug_str     0x0008d557       0x28 ./Generated_Code/Cpu.o
                              0x29d18 (size before relaxing)
 .debug_str     0x0008d57f      0x211 ./Generated_Code/DbgTerminal.o
                              0x26bf4 (size before relaxing)
 .debug_str     0x0008d790      0x2d8 ./Generated_Code/Inhr1.o
                              0x2a01d (size before relaxing)
 .debug_str     0x0008da68      0x15f ./Generated_Code/PE_LDD.o
                              0x29e5d (size before relaxing)
 .debug_str     0x0008dbc7       0xd7 ./Generated_Code/TU1.o
                              0x29e7a (size before relaxing)

.comment        0x00000000       0x70
 .comment       0x00000000       0x70 ./modules/timer_timeout/timer_timeout.o
                                 0x71 (size before relaxing)
 .comment       0x00000000       0x71 ./modules/terminal/terminal.o
 .comment       0x00000000       0x71 ./modules/shell/shell.o
 .comment       0x00000000       0x71 ./modules/queue/queue.o
 .comment       0x00000000       0x71 ./modules/hd44780/hd44780.o
 .comment       0x00000000       0x71 ./modules/can_t/can_t.o
 .comment       0x00000000       0x71 ./Static_Code/System/CPU_Init.o