Archive member included because of file (symbol)

c:/freescale/kds_v3/toolchain/bin/../lib/gcc/arm-none-eabi/4.8.4/armv6-m\libgcc.a(_udivsi3.o)
                              ./Generated_Code/DbgTerminal.o (__aeabi_uidiv)
c:/freescale/kds_v3/toolchain/bin/../lib/gcc/arm-none-eabi/4.8.4/armv6-m\libgcc.a(_dvmd_tls.o)
                              c:/freescale/kds_v3/toolchain/bin/../lib/gcc/arm-none-eabi/4.8.4/armv6-m\libgcc.a(_udivsi3.o) (__aeabi_idiv0)
c:/freescale/kds_v3/toolchain/bin/../lib/gcc/arm-none-eabi/4.8.4/armv6-m\libgcc.a(_arm_cmpsf2.o)
                              ./Generated_Code/DbgTerminal.o (__aeabi_fcmplt)
c:/freescale/kds_v3/toolchain/bin/../lib/gcc/arm-none-eabi/4.8.4/armv6-m\libgcc.a(_fixunssfsi.o)
                              ./Generated_Code/DbgTerminal.o (__aeabi_f2uiz)
c:/freescale/kds_v3/toolchain/bin/../lib/gcc/arm-none-eabi/4.8.4/armv6-m\libgcc.a(eqsf2.o)
                              c:/freescale/kds_v3/toolchain/bin/../lib/gcc/arm-none-eabi/4.8.4/armv6-m\libgcc.a(_arm_cmpsf2.o) (__eqsf2)
c:/freescale/kds_v3/toolchain/bin/../lib/gcc/arm-none-eabi/4.8.4/armv6-m\libgcc.a(gesf2.o)
                              c:/freescale/kds_v3/toolchain/bin/../lib/gcc/arm-none-eabi/4.8.4/armv6-m\libgcc.a(_arm_cmpsf2.o) (__gesf2)
c:/freescale/kds_v3/toolchain/bin/../lib/gcc/arm-none-eabi/4.8.4/armv6-m\libgcc.a(lesf2.o)
                              c:/freescale/kds_v3/toolchain/bin/../lib/gcc/arm-none-eabi/4.8.4/armv6-m\libgcc.a(_arm_cmpsf2.o) (__lesf2)
c:/freescale/kds_v3/toolchain/bin/../lib/gcc/arm-none-eabi/4.8.4/armv6-m\libgcc.a(mulsf3.o)
                              ./Generated_Code/DbgTerminal.o (__aeabi_fmul)
c:/freescale/kds_v3/toolchain/bin/../lib/gcc/arm-none-eabi/4.8.4/armv6-m\libgcc.a(subsf3.o)
                              ./Generated_Code/DbgTerminal.o (__aeabi_fsub)
c:/freescale/kds_v3/toolchain/bin/../lib/gcc/arm-none-eabi/4.8.4/armv6-m\libgcc.a(fixsfsi.o)
                              c:/freescale/kds_v3/toolchain/bin/../lib/gcc/arm-none-eabi/4.8.4/armv6-m\libgcc.a(_fixunssfsi.o) (__aeabi_f2iz)
c:/freescale/kds_v3/toolchain/bin/../lib/gcc/arm-none-eabi/4.8.4/armv6-m\libgcc.a(floatunsisf.o)
                              ./Generated_Code/DbgTerminal.o (__aeabi_ui2f)
c:/freescale/kds_v3/toolchain/bin/../lib/gcc/arm-none-eabi/4.8.4/armv6-m\libgcc.a(_clzsi2.o)
                              c:/freescale/kds_v3/toolchain/bin/../lib/gcc/arm-none-eabi/4.8.4/armv6-m\libgcc.a(mulsf3.o) (__clzsi2)
c:/freescale/kds_v3/toolchain/bin/../lib/gcc/arm-none-eabi/4.8.4/../../../../arm-none-eabi/lib/armv6-m\libg_s.a(lib_a-assert.o)
                              ./modules/timer_timeout/timer_timeout.o (__assert_func)
c:/freescale/kds_v3/toolchain/bin/../lib/gcc/arm-none-eabi/4.8.4/../../../../arm-none-eabi/lib/armv6-m\libg_s.a(lib_a-calloc.o)
                              ./modules/queue/fifo.o (calloc)
c:/freescale/kds_v3/toolchain/bin/../lib/gcc/arm-none-eabi/4.8.4/../../../../arm-none-eabi/lib/armv6-m\libg_s.a(lib_a-exit.o)
                              c:/freescale/kds_v3/toolchain/bin/../lib/gcc/arm-none-eabi/4.8.4/../../../../arm-none-eabi/lib/armv6-m/crt0.o (exit)
c:/freescale/kds_v3/toolchain/bin/../lib/gcc/arm-none-eabi/4.8.4/../../../../arm-none-eabi/lib/armv6-m\libg_s.a(lib_a-fprintf.o)
                              c:/freescale/kds_v3/toolchain/bin/../lib/gcc/arm-none-eabi/4.8.4/../../../../arm-none-eabi/lib/armv6-m\libg_s.a(lib_a-assert.o) (fiprintf)
c:/freescale/kds_v3/toolchain/bin/../lib/gcc/arm-none-eabi/4.8.4/../../../../arm-none-eabi/lib/armv6-m\libg_s.a(lib_a-impure.o)
                              c:/freescale/kds_v3/toolchain/bin/../lib/gcc/arm-none-eabi/4.8.4/../../../../arm-none-eabi/lib/armv6-m\libg_s.a(lib_a-exit.o) (_global_impure_ptr)
c:/freescale/kds_v3/toolchain/bin/../lib/gcc/arm-none-eabi/4.8.4/../../../../arm-none-eabi/lib/armv6-m\libg_s.a(lib_a-init.o)
                              c:/freescale/kds_v3/toolchain/bin/../lib/gcc/arm-none-eabi/4.8.4/../../../../arm-none-eabi/lib/armv6-m/crt0.o (__libc_init_array)
c:/freescale/kds_v3/toolchain/bin/../lib/gcc/arm-none-eabi/4.8.4/../../../../arm-none-eabi/lib/armv6-m\libg_s.a(lib_a-malloc.o)
                              ./modules/shell/history_list.o (malloc)
c:/freescale/kds_v3/toolchain/bin/../lib/gcc/arm-none-eabi/4.8.4/../../../../arm-none-eabi/lib/armv6-m\libg_s.a(lib_a-memcpy-stub.o)
                              ./modules/queue/fifo.o (memcpy)
c:/freescale/kds_v3/toolchain/bin/../lib/gcc/arm-none-eabi/4.8.4/../../../../arm-none-eabi/lib/armv6-m\libg_s.a(lib_a-memset.o)
                              c:/freescale/kds_v3/toolchain/bin/../lib/gcc/arm-none-eabi/4.8.4/../../../../arm-none-eabi/lib/armv6-m/crt0.o (memset)
c:/freescale/kds_v3/toolchain/bin/../lib/gcc/arm-none-eabi/4.8.4/../../../../arm-none-eabi/lib/armv6-m\libg_s.a(lib_a-nano-callocr.o)
                              c:/freescale/kds_v3/toolchain/bin/../lib/gcc/arm-none-eabi/4.8.4/../../../../arm-none-eabi/lib/armv6-m\libg_s.a(lib_a-calloc.o) (_calloc_r)
[...]
Memory Configuration

Name             Origin             Length             Attributes
m_interrupts     0x00000000         0x000000c0         xr
m_text           0x00000410         0x0001fbf0         xr
m_data           0x1ffff000         0x00004000         rw
m_cfmprotrom     0x00000400         0x00000010         xr
*default*        0x00000000         0xffffffff

Linker script and memory map

LOAD c:/freescale/kds_v3/toolchain/bin/../lib/gcc/arm-none-eabi/4.8.4/armv6-m/crti.o
LOAD c:/freescale/kds_v3/toolchain/bin/../lib/gcc/arm-none-eabi/4.8.4/armv6-m/crtbegin.o
LOAD c:/freescale/kds_v3/toolchain/bin/../lib/gcc/arm-none-eabi/4.8.4/../../../../arm-none-eabi/lib/armv6-m/crt0.o
LOAD ./modules/timer_timeout/timer_timeout.o
LOAD ./modules/terminal/terminal.o
LOAD ./modules/shell/history_list.o
LOAD ./modules/shell/shell.o
LOAD ./modules/queue/fifo.o
LOAD ./modules/queue/queue.o
LOAD ./modules/hd44780/hd44780.o
LOAD ./modules/can_t/can_t.o
LOAD ./Static_Code/System/CPU_Init.o
LOAD ./Static_Code/System/Peripherals_Init.o
LOAD ./Static_Code/System/Vectors.o
LOAD ./Sources/Events.o
LOAD ./Sources/main.o
LOAD ./Sources/vmain.o
LOAD ./Project_Settings/Startup_Code/startup.o
LOAD ./Generated_Code/ASerialLdd1.o
LOAD ./Generated_Code/BitIoLdd1.o
LOAD ./Generated_Code/BitIoLdd2.o
LOAD ./Generated_Code/BitIoLdd3.o
LOAD ./Generated_Code/BitIoLdd4.o
LOAD ./Generated_Code/BitIoLdd5.o
LOAD ./Generated_Code/BitIoLdd6.o
LOAD ./Generated_Code/BitIoLdd7.o
LOAD ./Generated_Code/BitIoLdd8.o
LOAD ./Generated_Code/BitIoLdd9.o
LOAD ./Generated_Code/BlueLED.o
LOAD ./Generated_Code/CAN1.o
LOAD ./Generated_Code/Cpu.o
LOAD ./Generated_Code/Data_4.o
LOAD ./Generated_Code/Data_5.o
LOAD ./Generated_Code/Data_6.o
LOAD ./Generated_Code/Data_7.o
LOAD ./Generated_Code/DbgTerminal.o
LOAD ./Generated_Code/Enable.o
LOAD ./Generated_Code/GreenLED.o
LOAD ./Generated_Code/Inhr1.o
LOAD ./Generated_Code/PE_LDD.o
LOAD ./Generated_Code/Pins1.o
LOAD ./Generated_Code/R_W.o
LOAD ./Generated_Code/Reg_sel.o
LOAD ./Generated_Code/TU1.o
LOAD c:/freescale/kds_v3/toolchain/bin/../lib/gcc/arm-none-eabi/4.8.4/../../../../arm-none-eabi/lib/armv6-m\libstdc++_s.a
LOAD c:/freescale/kds_v3/toolchain/bin/../lib/gcc/arm-none-eabi/4.8.4/../../../../arm-none-eabi/lib/armv6-m\libm.a
START GROUP
LOAD c:/freescale/kds_v3/toolchain/bin/../lib/gcc/arm-none-eabi/4.8.4/armv6-m\libgcc.a
LOAD c:/freescale/kds_v3/toolchain/bin/../lib/gcc/arm-none-eabi/4.8.4/../../../../arm-none-eabi/lib/armv6-m\libg_s.a
LOAD c:/freescale/kds_v3/toolchain/bin/../lib/gcc/arm-none-eabi/4.8.4/../../../../arm-none-eabi/lib/armv6-m\libc_s.a
END GROUP
START GROUP
LOAD c:/freescale/kds_v3/toolchain/bin/../lib/gcc/arm-none-eabi/4.8.4/armv6-m\libgcc.a
LOAD c:/freescale/kds_v3/toolchain/bin/../lib/gcc/arm-none-eabi/4.8.4/../../../../arm-none-eabi/lib/armv6-m\libc_s.a
LOAD c:/freescale/kds_v3/toolchain/bin/../lib/gcc/arm-none-eabi/4.8.4/../../../../arm-none-eabi/lib/armv6-m\libnosys.a
END GROUP
START GROUP
LOAD c:/freescale/kds_v3/toolchain/bin/../lib/gcc/arm-none-eabi/4.8.4/armv6-m\libgcc.a
LOAD c:/freescale/kds_v3/toolchain/bin/../lib/gcc/arm-none-eabi/4.8.4/../../../../arm-none-eabi/lib/armv6-m\libc_s.a
LOAD c:/freescale/kds_v3/toolchain/bin/../lib/gcc/arm-none-eabi/4.8.4/../../../../arm-none-eabi/lib/armv6-m\libnosys.a
END GROUP
LOAD c:/freescale/kds_v3/toolchain/bin/../lib/gcc/arm-none-eabi/4.8.4/armv6-m/crtend.o
LOAD c:/freescale/kds_v3/toolchain/bin/../lib/gcc/arm-none-eabi/4.8.4/armv6-m/crtn.o
                0x20003000                _estack = 0x20003000
                0x20003000                __SP_INIT = _estack
                0x20003000                __stack = _estack
                0x00000000                __heap_size = 0x0
                0x00000400                __stack_size = 0x400

.interrupts     0x00000000       0xc0
                0x00000000                __vector_table = .
                0x00000000                . = ALIGN (0x4)
 *(.vectortable)
 .vectortable   0x00000000       0xc0 ./Static_Code/System/Vectors.o
                0x00000000                __vect_table
                0x000000c0                . = ALIGN (0x4)

.cfmprotect     0x00000400       0x10
                0x00000400                . = ALIGN (0x4)
 *(.cfmconfig)
 .cfmconfig     0x00000400       0x10 ./Static_Code/System/CPU_Init.o
                0x00000400                _cfm
                0x00000410                . = ALIGN (0x4)

.text           0x00000410     0x51c8
                0x00000410                . = ALIGN (0x4)
 *(.text)
 .text          0x00000410       0x60 c:/freescale/kds_v3/toolchain/bin/../lib/gcc/arm-none-eabi/4.8.4/armv6-m/crtbegin.o
 .text          0x00000470       0x78 c:/freescale/kds_v3/toolchain/bin/../lib/gcc/arm-none-eabi/4.8.4/../../../../arm-none-eabi/lib/armv6-m/crt0.o
                0x00000470                _start
                0x00000470                _mainCRTStartup
 .text          0x000004e8       0x9c c:/freescale/kds_v3/toolchain/bin/../lib/gcc/arm-none-eabi/4.8.4/armv6-m\libgcc.a(_udivsi3.o)
                0x000004e8                __aeabi_uidiv
                0x000004e8                __udivsi3
                0x00000570                __aeabi_uidivmod
 .text          0x00000584        0x4 c:/freescale/kds_v3/toolchain/bin/../lib/gcc/arm-none-eabi/4.8.4/armv6-m\libgcc.a(_dvmd_tls.o)
                0x00000584                __aeabi_idiv0
                0x00000584                __aeabi_ldiv0
 *(.text*)
 .text.mtimer_isTimeout
                0x00000588       0x14 ./modules/timer_timeout/timer_timeout.o
                0x00000588                mtimer_isTimeout
 .text.mtimer_reload
                0x0000059c       0x2c ./modules/timer_timeout/timer_timeout.o
                0x0000059c                mtimer_reload
 .text.mtimer_tick
                0x000005c8       0x3c ./modules/timer_timeout/timer_timeout.o
                0x000005c8                mtimer_tick
 .text.mtimer_start
                0x00000604       0x14 ./modules/timer_timeout/timer_timeout.o
                0x00000604                mtimer_start
 .text.mtimer_reset
                0x00000618       0x14 ./modules/timer_timeout/timer_timeout.o
                0x00000618                mtimer_reset
 .text.mtimer_ScanTimers
                0x0000062c       0x48 ./modules/timer_timeout/timer_timeout.o
                0x0000062c                mtimer_ScanTimers
 .text.mtimer_RegisterTimer
                0x00000674       0x98 ./modules/timer_timeout/timer_timeout.o
                0x00000674                mtimer_RegisterTimer
 .text.foo_test
                0x0000070c       0x24 ./modules/terminal/terminal.o
                0x0000070c                foo_test
 .text.terminal_write
                0x00000730       0x50 ./modules/terminal/terminal.o
 .text.terminal_read
                0x00000780       0x30 ./modules/terminal/terminal.o
 .text.terminal_init
                0x000007b0       0xcc ./modules/terminal/terminal.o
                0x000007b0                terminal_init
 .text.terminal_RunPeriodic
                0x0000087c       0x3c ./modules/terminal/terminal.o
                0x0000087c                terminal_RunPeriodic
 .text.shell_Init
                0x000008b8       0x74 ./modules/shell/shell.o
                0x000008b8                shell_Init
 .text.shell_RegisterFunctions
                0x0000092c       0x74 ./modules/shell/shell.o
                0x0000092c                shell_RegisterFunctions
 .text.shell_RegisterCmdTab
                0x000009a0       0xa4 ./modules/shell/shell.o
                0x000009a0                shell_RegisterCmdTab
 .text.shell_RegisterCodes
                0x00000a44       0x6c ./modules/shell/shell.o
                0x00000a44                shell_RegisterCodes
 .text.shell_MngtLineBuff
                0x00000ab0      0x14c ./modules/shell/shell.o
 .text.shell_write_newline
                0x00000bfc       0x4c ./modules/shell/shell.o
 .text.shell_send_escape_sequence
                0x00000c48       0x48 ./modules/shell/shell.o
 .text.shell_RunPeriodic
                0x00000c90      0x1f0 ./modules/shell/shell.o
                0x00000c90                shell_RunPeriodic
 .text.queue_isempty
                0x00000e80       0x1c ./modules/queue/queue.o
                0x00000e80                queue_isempty
 .text.queue_isfull
                0x00000e9c       0x20 ./modules/queue/queue.o
                0x00000e9c                queue_isfull
 .text.queue_init
                0x00000ebc       0x48 ./modules/queue/queue.o
                0x00000ebc                queue_init
 .text.queue_flush
                0x00000f04       0x20 ./modules/queue/queue.o
                0x00000f04                queue_flush
 .text.queue_succ
                0x00000f24       0x24 ./modules/queue/queue.o
 .text.queue_enqueue
                0x00000f48       0x70 ./modules/queue/queue.o
                0x00000f48                queue_enqueue
 .text.queue_front_and_dequeue
                0x00000fb8       0x78 ./modules/queue/queue.o
                0x00000fb8                queue_front_and_dequeue
 .text.hd44780_write
                0x00001030      0x260 ./modules/hd44780/hd44780.o
                0x00001030                hd44780_write
 .text.hd44780_put_string
                0x00001290       0x2c ./modules/hd44780/hd44780.o
                0x00001290                hd44780_put_string
 .text.hd44780_place_cursor
                0x000012bc       0x3c ./modules/hd44780/hd44780.o
                0x000012bc                hd44780_place_cursor
 .text.hd44780_init
                0x000012f8      0x1a0 ./modules/hd44780/hd44780.o
                0x000012f8                hd44780_init
 .text.hd44780_clear_row_buff
                0x00001498       0xb0 ./modules/hd44780/hd44780.o
                0x00001498                hd44780_clear_row_buff
 .text.hd44780_write_to_buff
                0x00001548      0x124 ./modules/hd44780/hd44780.o
                0x00001548                hd44780_write_to_buff
 .text.hd44780_RunPeriodic
                0x0000166c       0x3c ./modules/hd44780/hd44780.o
                0x0000166c                hd44780_RunPeriodic
 .text.hd44780_put_on_LCD
                0x000016a8       0x60 ./modules/hd44780/hd44780.o
 .text.CANt_init
                0x00001708       0xa8 ./modules/can_t/can_t.o
                0x00001708                CANt_init
 .text.CANt_RunPeriodic
                0x000017b0       0x8c ./modules/can_t/can_t.o
                0x000017b0                CANt_RunPeriodic
 .text.CANt_ParseFrame
                0x0000183c       0x70 ./modules/can_t/can_t.o
                0x0000183c                CANt_ParseFrame
 .text.CANt_RegisterCallback
                0x000018ac       0x94 ./modules/can_t/can_t.o
                0x000018ac                CANt_RegisterCallback
 .text.CANt_send_string
                0x00001940       0x90 ./modules/can_t/can_t.o
                0x00001940                CANt_send_string
 .text.__init_hardware
                0x000019d0       0x4c ./Static_Code/System/CPU_Init.o
                0x000019d0                __init_hardware
 .text.PE_low_level_init
                0x00001a1c       0x44 ./Static_Code/System/CPU_Init.o
                0x00001a1c                PE_low_level_init
 .text.CPU_GetClockGenMode
                0x00001a60       0x6c ./Static_Code/System/CPU_Init.o
                0x00001a60                CPU_GetClockGenMode
 .text.CPU_SetClockConfigGenMode
                0x00001acc      0x280 ./Static_Code/System/CPU_Init.o
                0x00001acc                CPU_SetClockConfigGenMode
 .text.Unhandled_ivINT_Reserved4
                0x00001d4c        0xc ./Static_Code/System/Vectors.o
                0x00001d4c                Unhandled_ivINT_Reserved4
 .text.Unhandled_ivINT_Reserved5
                0x00001d58        0xc ./Static_Code/System/Vectors.o
                0x00001d58                Unhandled_ivINT_Reserved5
 .text.Unhandled_ivINT_Reserved6
                0x00001d64        0xc ./Static_Code/System/Vectors.o
                0x00001d64                Unhandled_ivINT_Reserved6
 .text.Unhandled_ivINT_Reserved7
                0x00001d70        0xc ./Static_Code/System/Vectors.o
                0x00001d70                Unhandled_ivINT_Reserved7
 .text.Unhandled_ivINT_Reserved8
                0x00001d7c        0xc ./Static_Code/System/Vectors.o
                0x00001d7c                Unhandled_ivINT_Reserved8
 .text.Unhandled_ivINT_Reserved9
                0x00001d88        0xc ./Static_Code/System/Vectors.o
                0x00001d88                Unhandled_ivINT_Reserved9
 .text.Unhandled_ivINT_Reserved10
                0x00001d94        0xc ./Static_Code/System/Vectors.o
                0x00001d94                Unhandled_ivINT_Reserved10
 .text.Unhandled_ivINT_Reserved12
                0x00001da0        0xc ./Static_Code/System/Vectors.o
                0x00001da0                Unhandled_ivINT_Reserved12
 .text.Unhandled_ivINT_Reserved13
                0x00001dac        0xc ./Static_Code/System/Vectors.o
                0x00001dac                Unhandled_ivINT_Reserved13
 .text.Unhandled_ivINT_Reserved16
                0x00001db8        0xc ./Static_Code/System/Vectors.o
                0x00001db8                Unhandled_ivINT_Reserved16
 .text.Unhandled_ivINT_Reserved17
                0x00001dc4        0xc ./Static_Code/System/Vectors.o
                0x00001dc4                Unhandled_ivINT_Reserved17
 .text.Unhandled_ivINT_Reserved18
                0x00001dd0        0xc ./Static_Code/System/Vectors.o
                0x00001dd0                Unhandled_ivINT_Reserved18
 .text.Unhandled_ivINT_Reserved19
                0x00001ddc        0xc ./Static_Code/System/Vectors.o
                0x00001ddc                Unhandled_ivINT_Reserved19
 .text.Unhandled_ivINT_Reserved20
                0x00001de8        0xc ./Static_Code/System/Vectors.o
                0x00001de8                Unhandled_ivINT_Reserved20
 .text.Unhandled_ivINT_FTMRE
                0x00001df4        0xc ./Static_Code/System/Vectors.o
                0x00001df4                Unhandled_ivINT_FTMRE
 .text.Unhandled_ivINT_LVD_LLW
                0x00001e00        0xc ./Static_Code/System/Vectors.o
                0x00001e00                Unhandled_ivINT_LVD_LLW
 .text.Unhandled_ivINT_IRQ
                0x00001e0c        0xc ./Static_Code/System/Vectors.o
                0x00001e0c                Unhandled_ivINT_IRQ
 .text.Unhandled_ivINT_I2C0
                0x00001e18        0xc ./Static_Code/System/Vectors.o
                0x00001e18                Unhandled_ivINT_I2C0
 .text.Unhandled_ivINT_I2C1
                0x00001e24        0xc ./Static_Code/System/Vectors.o
                0x00001e24                Unhandled_ivINT_I2C1
 .text.Unhandled_ivINT_SPI0
                0x00001e30        0xc ./Static_Code/System/Vectors.o
                0x00001e30                Unhandled_ivINT_SPI0
 .text.Unhandled_ivINT_SPI1
                0x00001e3c        0xc ./Static_Code/System/Vectors.o
                0x00001e3c                Unhandled_ivINT_SPI1
 .text.Unhandled_ivINT_UART0
                0x00001e48        0xc ./Static_Code/System/Vectors.o
                0x00001e48                Unhandled_ivINT_UART0
 .text.Unhandled_ivINT_UART1
                0x00001e54        0xc ./Static_Code/System/Vectors.o
                0x00001e54                Unhandled_ivINT_UART1
 .text.Unhandled_ivINT_ADC0
                0x00001e60        0xc ./Static_Code/System/Vectors.o
                0x00001e60                Unhandled_ivINT_ADC0
 .text.Unhandled_ivINT_ACMP0
                0x00001e6c        0xc ./Static_Code/System/Vectors.o
                0x00001e6c                Unhandled_ivINT_ACMP0
 .text.Unhandled_ivINT_FTM0
                0x00001e78        0xc ./Static_Code/System/Vectors.o
                0x00001e78                Unhandled_ivINT_FTM0
 .text.Unhandled_ivINT_FTM1
                0x00001e84        0xc ./Static_Code/System/Vectors.o
                0x00001e84                Unhandled_ivINT_FTM1
 .text.Unhandled_ivINT_FTM2
                0x00001e90        0xc ./Static_Code/System/Vectors.o
                0x00001e90                Unhandled_ivINT_FTM2
 .text.Unhandled_ivINT_RTC
                0x00001e9c        0xc ./Static_Code/System/Vectors.o
                0x00001e9c                Unhandled_ivINT_RTC
 .text.Unhandled_ivINT_ACMP1
                0x00001ea8        0xc ./Static_Code/System/Vectors.o
                0x00001ea8                Unhandled_ivINT_ACMP1
 .text.Unhandled_ivINT_PIT_CH0
                0x00001eb4        0xc ./Static_Code/System/Vectors.o
                0x00001eb4                Unhandled_ivINT_PIT_CH0
 .text.Unhandled_ivINT_PIT_CH1
                0x00001ec0        0xc ./Static_Code/System/Vectors.o
                0x00001ec0                Unhandled_ivINT_PIT_CH1
 .text.Unhandled_ivINT_KBI0
                0x00001ecc        0xc ./Static_Code/System/Vectors.o
                0x00001ecc                Unhandled_ivINT_KBI0
 .text.Unhandled_ivINT_KBI1
                0x00001ed8        0xc ./Static_Code/System/Vectors.o
                0x00001ed8                Unhandled_ivINT_KBI1
 .text.Unhandled_ivINT_Reserved42
                0x00001ee4        0xc ./Static_Code/System/Vectors.o
                0x00001ee4                Unhandled_ivINT_Reserved42
 .text.Unhandled_ivINT_ICS
                0x00001ef0        0xc ./Static_Code/System/Vectors.o
                0x00001ef0                Unhandled_ivINT_ICS
 .text.Unhandled_ivINT_WDOG_EWM
                0x00001efc        0xc ./Static_Code/System/Vectors.o
                0x00001efc                Unhandled_ivINT_WDOG_EWM
 .text.Unhandled_ivINT_PWT
                0x00001f08        0xc ./Static_Code/System/Vectors.o
                0x00001f08                Unhandled_ivINT_PWT
 .text.Cpu_OnNMI
                0x00001f14        0x8 ./Sources/Events.o
                0x00001f14                Cpu_OnNMI
 .text.Cpu_OnHardFault
                0x00001f1c        0x8 ./Sources/Events.o
                0x00001f1c                Cpu_OnHardFault
 .text.Cpu_OnPendableService
                0x00001f24        0x8 ./Sources/Events.o
                0x00001f24                Cpu_OnPendableService
 .text.Cpu_OnSupervisorCall
                0x00001f2c        0x8 ./Sources/Events.o
                0x00001f2c                Cpu_OnSupervisorCall
 .text.TU1_OnCounterRestart
                0x00001f34       0x14 ./Sources/Events.o
                0x00001f34                TU1_OnCounterRestart
 .text.CAN1_OnFreeTxBuffer
                0x00001f48       0x14 ./Sources/Events.o
                0x00001f48                CAN1_OnFreeTxBuffer
 .text.CAN1_OnFullRxBuffer
                0x00001f5c       0x48 ./Sources/Events.o
                0x00001f5c                CAN1_OnFullRxBuffer
 .text.Inhr1_OnRxChar
                0x00001fa4       0x28 ./Sources/Events.o
                0x00001fa4                Inhr1_OnRxChar
 .text.main     0x00001fcc       0x10 ./Sources/main.o
                0x00001fcc                main
 .text.test_foo
                0x00001fdc       0x28 ./Sources/vmain.o
                0x00001fdc                test_foo
 .text.test_foo2
                0x00002004       0x24 ./Sources/vmain.o
                0x00002004                test_foo2
 .text.vmain    0x00002028      0x1f8 ./Sources/vmain.o
                0x00002028                vmain
 .text.__copy_rom_section
                0x00002220       0xd8 ./Project_Settings/Startup_Code/startup.o
                0x00002220                __copy_rom_section
 .text.__copy_rom_sections_to_ram
                0x000022f8       0x98 ./Project_Settings/Startup_Code/startup.o
                0x000022f8                __copy_rom_sections_to_ram
 .text.__init_registers
                0x00002390        0x8 ./Project_Settings/Startup_Code/startup.o
                0x00002390                __init_registers
 .text.__init_user
                0x00002398        0x8 ./Project_Settings/Startup_Code/startup.o
                0x00002398                __init_user
 .text.__thumb_startup
                0x000023a0       0x30 ./Project_Settings/Startup_Code/startup.o
                0x000023a0                __thumb_startup
 .text.ASerialLdd1_Init
                0x000023d0      0x14c ./Generated_Code/ASerialLdd1.o
                0x000023d0                ASerialLdd1_Init
 .text.ASerialLdd1_ReceiveBlock
                0x0000251c       0x98 ./Generated_Code/ASerialLdd1.o
                0x0000251c                ASerialLdd1_ReceiveBlock
 .text.ASerialLdd1_SendBlock
                0x000025b4       0xc4 ./Generated_Code/ASerialLdd1.o
                0x000025b4                ASerialLdd1_SendBlock
 .text.InterruptRx
                0x00002678       0x58 ./Generated_Code/ASerialLdd1.o
 .text.InterruptTx
                0x000026d0       0x80 ./Generated_Code/ASerialLdd1.o
 .text.ASerialLdd1_Interrupt
                0x00002750       0xe8 ./Generated_Code/ASerialLdd1.o
                0x00002750                ASerialLdd1_Interrupt
 .text.ASerialLdd1_GetError
                0x00002838       0x74 ./Generated_Code/ASerialLdd1.o
                0x00002838                ASerialLdd1_GetError
 .text.BitIoLdd1_Init
                0x000028ac       0x4c ./Generated_Code/BitIoLdd1.o
                0x000028ac                BitIoLdd1_Init
 .text.BitIoLdd1_NegVal
                0x000028f8       0x1c ./Generated_Code/BitIoLdd1.o
                0x000028f8                BitIoLdd1_NegVal
 .text.BitIoLdd2_Init
                0x00002914       0x4c ./Generated_Code/BitIoLdd2.o
                0x00002914                BitIoLdd2_Init
 .text.BitIoLdd2_NegVal
                0x00002960       0x1c ./Generated_Code/BitIoLdd2.o
                0x00002960                BitIoLdd2_NegVal
 .text.BitIoLdd3_Init
                0x0000297c       0x48 ./Generated_Code/BitIoLdd3.o
                0x0000297c                BitIoLdd3_Init
 .text.BitIoLdd3_ClrVal
                0x000029c4       0x18 ./Generated_Code/BitIoLdd3.o
                0x000029c4                BitIoLdd3_ClrVal
 .text.BitIoLdd3_SetVal
                0x000029dc       0x18 ./Generated_Code/BitIoLdd3.o
                0x000029dc                BitIoLdd3_SetVal
 .text.BitIoLdd4_Init
                0x000029f4       0x48 ./Generated_Code/BitIoLdd4.o
                0x000029f4                BitIoLdd4_Init
 .text.BitIoLdd4_ClrVal
                0x00002a3c       0x18 ./Generated_Code/BitIoLdd4.o
                0x00002a3c                BitIoLdd4_ClrVal
 .text.BitIoLdd4_SetVal
                0x00002a54       0x18 ./Generated_Code/BitIoLdd4.o
                0x00002a54                BitIoLdd4_SetVal
 .text.BitIoLdd5_Init
                0x00002a6c       0x48 ./Generated_Code/BitIoLdd5.o
                0x00002a6c                BitIoLdd5_Init
 .text.BitIoLdd5_ClrVal
                0x00002ab4       0x18 ./Generated_Code/BitIoLdd5.o
                0x00002ab4                BitIoLdd5_ClrVal
 .text.BitIoLdd5_SetVal
                0x00002acc       0x18 ./Generated_Code/BitIoLdd5.o
                0x00002acc                BitIoLdd5_SetVal
 .text.BitIoLdd6_Init
                0x00002ae4       0x48 ./Generated_Code/BitIoLdd6.o
                0x00002ae4                BitIoLdd6_Init
 .text.BitIoLdd6_SetDir
                0x00002b2c       0x48 ./Generated_Code/BitIoLdd6.o
                0x00002b2c                BitIoLdd6_SetDir
 .text.BitIoLdd6_GetVal
                0x00002b74       0x3c ./Generated_Code/BitIoLdd6.o
                0x00002b74                BitIoLdd6_GetVal
 .text.BitIoLdd6_ClrVal
                0x00002bb0       0x18 ./Generated_Code/BitIoLdd6.o
                0x00002bb0                BitIoLdd6_ClrVal
 .text.BitIoLdd6_SetVal
                0x00002bc8       0x18 ./Generated_Code/BitIoLdd6.o
                0x00002bc8                BitIoLdd6_SetVal
 .text.BitIoLdd7_Init
                0x00002be0       0x48 ./Generated_Code/BitIoLdd7.o
                0x00002be0                BitIoLdd7_Init
 .text.BitIoLdd7_SetDir
                0x00002c28       0x48 ./Generated_Code/BitIoLdd7.o
                0x00002c28                BitIoLdd7_SetDir
 .text.BitIoLdd7_ClrVal
                0x00002c70       0x18 ./Generated_Code/BitIoLdd7.o
                0x00002c70                BitIoLdd7_ClrVal
 .text.BitIoLdd7_SetVal
                0x00002c88       0x18 ./Generated_Code/BitIoLdd7.o
                0x00002c88                BitIoLdd7_SetVal
 .text.BitIoLdd8_Init
                0x00002ca0       0x48 ./Generated_Code/BitIoLdd8.o
                0x00002ca0                BitIoLdd8_Init
 .text.BitIoLdd8_SetDir
                0x00002ce8       0x48 ./Generated_Code/BitIoLdd8.o
                0x00002ce8                BitIoLdd8_SetDir
 .text.BitIoLdd8_ClrVal
                0x00002d30       0x18 ./Generated_Code/BitIoLdd8.o
                0x00002d30                BitIoLdd8_ClrVal
 .text.BitIoLdd8_SetVal
                0x00002d48       0x18 ./Generated_Code/BitIoLdd8.o
                0x00002d48                BitIoLdd8_SetVal
 .text.BitIoLdd9_Init
                0x00002d60       0x48 ./Generated_Code/BitIoLdd9.o
                0x00002d60                BitIoLdd9_Init
 .text.BitIoLdd9_SetDir
                0x00002da8       0x48 ./Generated_Code/BitIoLdd9.o
                0x00002da8                BitIoLdd9_SetDir
 .text.BitIoLdd9_ClrVal
                0x00002df0       0x18 ./Generated_Code/BitIoLdd9.o
                0x00002df0                BitIoLdd9_ClrVal
 .text.BitIoLdd9_SetVal
                0x00002e08       0x18 ./Generated_Code/BitIoLdd9.o
                0x00002e08                BitIoLdd9_SetVal
 .text.CAN1_Init
                0x00002e20      0x1c8 ./Generated_Code/CAN1.o
                0x00002e20                CAN1_Init
 .text.CAN1_SendFrame
                0x00002fe8      0x354 ./Generated_Code/CAN1.o
                0x00002fe8                CAN1_SendFrame
 .text.CAN1_ReadFrame
                0x0000333c      0x208 ./Generated_Code/CAN1.o
                0x0000333c                CAN1_ReadFrame
 .text.CAN1_TxInterrupt
                0x00003544       0xc4 ./Generated_Code/CAN1.o
                0x00003544                CAN1_TxInterrupt
 .text.CAN1_RxInterrupt
                0x00003608       0x3c ./Generated_Code/CAN1.o
                0x00003608                CAN1_RxInterrupt
 .text.Components_Init
                0x00003644       0x48 ./Generated_Code/Cpu.o
                0x00003644                Components_Init
 .text.Cpu_INT_NMIInterrupt
                0x0000368c        0xc ./Generated_Code/Cpu.o
                0x0000368c                Cpu_INT_NMIInterrupt
 .text.Cpu_INT_Hard_FaultInterrupt
                0x00003698        0xc ./Generated_Code/Cpu.o
                0x00003698                Cpu_INT_Hard_FaultInterrupt
 .text.Cpu_INT_SVCallInterrupt
                0x000036a4        0xc ./Generated_Code/Cpu.o
                0x000036a4                Cpu_INT_SVCallInterrupt
 .text.Cpu_INT_PendableSrvReqInterrupt
                0x000036b0        0xc ./Generated_Code/Cpu.o
                0x000036b0                Cpu_INT_PendableSrvReqInterrupt
 .text.DbgTerminal_SendChar
                0x000036bc       0x24 ./Generated_Code/DbgTerminal.o
                0x000036bc                DbgTerminal_SendChar
 .text.SendESCPrefix
                0x000036e0       0x24 ./Generated_Code/DbgTerminal.o
 .text.DbgTerminal_SendStr
                0x00003704       0x34 ./Generated_Code/DbgTerminal.o
                0x00003704                DbgTerminal_SendStr
 .text.LongToStr
                0x00003738      0x14c ./Generated_Code/DbgTerminal.o
 .text.DbgTerminal_SendNum
                0x00003884       0x60 ./Generated_Code/DbgTerminal.o
                0x00003884                DbgTerminal_SendNum
 .text.DbgTerminal_SetColor
                0x000038e4       0x6c ./Generated_Code/DbgTerminal.o
                0x000038e4                DbgTerminal_SetColor
 .text.HWEnDi   0x00003950       0x20 ./Generated_Code/Inhr1.o
 .text.Inhr1_RecvChar
                0x00003970       0xe8 ./Generated_Code/Inhr1.o
                0x00003970                Inhr1_RecvChar
 .text.Inhr1_SendChar
                0x00003a58       0xe8 ./Generated_Code/Inhr1.o
                0x00003a58                Inhr1_SendChar
 .text.Inhr1_Init
                0x00003b40       0x64 ./Generated_Code/Inhr1.o
                0x00003b40                Inhr1_Init
 .text.ASerialLdd1_OnBlockReceived
                0x00003ba4       0x90 ./Generated_Code/Inhr1.o
                0x00003ba4                ASerialLdd1_OnBlockReceived
 .text.ASerialLdd1_OnBlockSent
                0x00003c34       0x88 ./Generated_Code/Inhr1.o
                0x00003c34                ASerialLdd1_OnBlockSent
 .text.ASerialLdd1_OnError
                0x00003cbc       0x90 ./Generated_Code/Inhr1.o
                0x00003cbc                ASerialLdd1_OnError
 .text.ASerialLdd1_OnBreak
                0x00003d4c       0x20 ./Generated_Code/Inhr1.o
                0x00003d4c                ASerialLdd1_OnBreak
 .text.TU1_Init
                0x00003d6c       0x74 ./Generated_Code/TU1.o
                0x00003d6c                TU1_Init
 .text.TU1_Interrupt
                0x00003de0       0x34 ./Generated_Code/TU1.o
                0x00003de0                TU1_Interrupt
 .text.__assert_func
                0x00003e14       0x3c c:/freescale/kds_v3/toolchain/bin/../lib/gcc/arm-none-eabi/4.8.4/../../../../arm-none-eabi/lib/armv6-m\libg_s.a(lib_a-assert.o)
                0x00003e14                __assert_func
 .text.exit     0x00003e50       0x2c c:/freescale/kds_v3/toolchain/bin/../lib/gcc/arm-none-eabi/4.8.4/../../../../arm-none-eabi/lib/armv6-m\libg_s.a(lib_a-exit.o)
                0x00003e50                exit
 .text.fprintf  0x00003e7c       0x24 c:/freescale/kds_v3/toolchain/bin/../lib/gcc/arm-none-eabi/4.8.4/../../../../arm-none-eabi/lib/armv6-m\libg_s.a(lib_a-fprintf.o)
                0x00003e7c                fiprintf
                0x00003e7c                fprintf
 .text.__libc_init_array
                0x00003ea0       0x4c c:/freescale/kds_v3/toolchain/bin/../lib/gcc/arm-none-eabi/4.8.4/../../../../arm-none-eabi/lib/armv6-m\libg_s.a(lib_a-init.o)
                0x00003ea0                __libc_init_array
 .text.malloc   0x00003eec       0x14 c:/freescale/kds_v3/toolchain/bin/../lib/gcc/arm-none-eabi/4.8.4/../../../../arm-none-eabi/lib/armv6-m\libg_s.a(lib_a-malloc.o)
                0x00003eec                malloc
 .text.memcpy   0x00003f00       0x12 c:/freescale/kds_v3/toolchain/bin/../lib/gcc/arm-none-eabi/4.8.4/../../../../arm-none-eabi/lib/armv6-m\libg_s.a(lib_a-memcpy-stub.o)
                0x00003f00                memcpy
 .text.memset   0x00003f12       0x10 c:/freescale/kds_v3/toolchain/bin/../lib/gcc/arm-none-eabi/4.8.4/../../../../arm-none-eabi/lib/armv6-m\libg_s.a(lib_a-memset.o)
                0x00003f12                memset
 *fill*         0x00003f22        0x2 
 .text._free_r  0x00003f24       0x90 c:/freescale/kds_v3/toolchain/bin/../lib/gcc/arm-none-eabi/4.8.4/../../../../arm-none-eabi/lib/armv6-m\libg_s.a(lib_a-nano-freer.o)
                0x00003f24                _free_r
 .text._malloc_r
                0x00003fb4       0xa8 c:/freescale/kds_v3/toolchain/bin/../lib/gcc/arm-none-eabi/4.8.4/../../../../arm-none-eabi/lib/armv6-m\libg_s.a(lib_a-nano-mallocr.o)
                0x00003fb4                _malloc_r
 .text._sbrk_r  0x0000405c       0x24 c:/freescale/kds_v3/toolchain/bin/../lib/gcc/arm-none-eabi/4.8.4/../../../../arm-none-eabi/lib/armv6-m\libg_s.a(lib_a-sbrkr.o)
                0x0000405c                _sbrk_r
 .text.sprintf  0x00004080       0x44 c:/freescale/kds_v3/toolchain/bin/../lib/gcc/arm-none-eabi/4.8.4/../../../../arm-none-eabi/lib/armv6-m\libg_s.a(lib_a-sprintf.o)
                0x00004080                siprintf
                0x00004080                sprintf
 .text.strlen   0x000040c4        0xe c:/freescale/kds_v3/toolchain/bin/../lib/gcc/arm-none-eabi/4.8.4/../../../../arm-none-eabi/lib/armv6-m\libg_s.a(lib_a-strlen.o)
                0x000040c4                strlen
 *fill*         0x000040d2        0x2 
 .text.__ssputs_r
                0x000040d4       0xc0 c:/freescale/kds_v3/toolchain/bin/../lib/gcc/arm-none-eabi/4.8.4/../../../../arm-none-eabi/lib/armv6-m\libg_s.a(lib_a-svfprintf.o)
                0x000040d4                __ssputs_r
 .text._svfprintf_r
                0x00004194      0x1e0 c:/freescale/kds_v3/toolchain/bin/../lib/gcc/arm-none-eabi/4.8.4/../../../../arm-none-eabi/lib/armv6-m\libg_s.a(lib_a-svfprintf.o)
                0x00004194                _svfiprintf_r
                0x00004194                _svfprintf_r
 .text.__sfputc_r
                0x00004374       0x2a c:/freescale/kds_v3/toolchain/bin/../lib/gcc/arm-none-eabi/4.8.4/../../../../arm-none-eabi/lib/armv6-m\libg_s.a(lib_a-vfprintf.o)
 .text.__sfputs_r
                0x0000439e       0x24 c:/freescale/kds_v3/toolchain/bin/../lib/gcc/arm-none-eabi/4.8.4/../../../../arm-none-eabi/lib/armv6-m\libg_s.a(lib_a-vfprintf.o)
                0x0000439e                __sfputs_r
 *fill*         0x000043c2        0x2 
 .text._vfprintf_r
                0x000043c4      0x210 c:/freescale/kds_v3/toolchain/bin/../lib/gcc/arm-none-eabi/4.8.4/../../../../arm-none-eabi/lib/armv6-m\libg_s.a(lib_a-vfprintf.o)
                0x000043c4                _vfprintf_r
                0x000043c4                _vfiprintf_r
 .text._printf_common
                0x000045d4       0xe8 c:/freescale/kds_v3/toolchain/bin/../lib/gcc/arm-none-eabi/4.8.4/../../../../arm-none-eabi/lib/armv6-m\libg_s.a(lib_a-vfprintf_i.o)
                0x000045d4                _printf_common
 .text._printf_i
                0x000046bc      0x22c c:/freescale/kds_v3/toolchain/bin/../lib/gcc/arm-none-eabi/4.8.4/../../../../arm-none-eabi/lib/armv6-m\libg_s.a(lib_a-vfprintf_i.o)
                0x000046bc                _printf_i
 .text.__swbuf_r
                0x000048e8       0xb0 c:/freescale/kds_v3/toolchain/bin/../lib/gcc/arm-none-eabi/4.8.4/../../../../arm-none-eabi/lib/armv6-m\libg_s.a(lib_a-wbuf.o)
                0x000048e8                __swbuf_r
 .text.__swsetup_r
                0x00004998       0xe4 c:/freescale/kds_v3/toolchain/bin/../lib/gcc/arm-none-eabi/4.8.4/../../../../arm-none-eabi/lib/armv6-m\libg_s.a(lib_a-wsetup.o)
                0x00004998                __swsetup_r
 .text.abort    0x00004a7c        0xe c:/freescale/kds_v3/toolchain/bin/../lib/gcc/arm-none-eabi/4.8.4/../../../../arm-none-eabi/lib/armv6-m\libg_s.a(lib_a-abort.o)
                0x00004a7c                abort
 .text.__sflush_r
                0x00004a8a      0x112 c:/freescale/kds_v3/toolchain/bin/../lib/gcc/arm-none-eabi/4.8.4/../../../../arm-none-eabi/lib/armv6-m\libg_s.a(lib_a-fflush.o)
                0x00004a8a                __sflush_r
 .text._fflush_r
                0x00004b9c       0x58 c:/freescale/kds_v3/toolchain/bin/../lib/gcc/arm-none-eabi/4.8.4/../../../../arm-none-eabi/lib/armv6-m\libg_s.a(lib_a-fflush.o)
                0x00004b9c                _fflush_r
 .text._cleanup_r
                0x00004bf4       0x34 c:/freescale/kds_v3/toolchain/bin/../lib/gcc/arm-none-eabi/4.8.4/../../../../arm-none-eabi/lib/armv6-m\libg_s.a(lib_a-findfp.o)
                0x00004bf4                _cleanup_r
 .text.std.isra.0
                0x00004c28       0x48 c:/freescale/kds_v3/toolchain/bin/../lib/gcc/arm-none-eabi/4.8.4/../../../../arm-none-eabi/lib/armv6-m\libg_s.a(lib_a-findfp.o)
 .text.__sfmoreglue
                0x00004c70       0x2c c:/freescale/kds_v3/toolchain/bin/../lib/gcc/arm-none-eabi/4.8.4/../../../../arm-none-eabi/lib/armv6-m\libg_s.a(lib_a-findfp.o)
                0x00004c70                __sfmoreglue
 .text.__sinit  0x00004c9c       0x64 c:/freescale/kds_v3/toolchain/bin/../lib/gcc/arm-none-eabi/4.8.4/../../../../arm-none-eabi/lib/armv6-m\libg_s.a(lib_a-findfp.o)
                0x00004c9c                __sinit
 .text.__sfp    0x00004d00       0x7c c:/freescale/kds_v3/toolchain/bin/../lib/gcc/arm-none-eabi/4.8.4/../../../../arm-none-eabi/lib/armv6-m\libg_s.a(lib_a-findfp.o)
                0x00004d00                __sfp
 .text.__smakebuf_r
                0x00004d7c       0xa0 c:/freescale/kds_v3/toolchain/bin/../lib/gcc/arm-none-eabi/4.8.4/../../../../arm-none-eabi/lib/armv6-m\libg_s.a(lib_a-makebuf.o)
                0x00004d7c                __smakebuf_r
 .text.memchr   0x00004e1c       0x16 c:/freescale/kds_v3/toolchain/bin/../lib/gcc/arm-none-eabi/4.8.4/../../../../arm-none-eabi/lib/armv6-m\libg_s.a(lib_a-memchr-stub.o)
                0x00004e1c                memchr
 .text.memmove  0x00004e32       0x32 c:/freescale/kds_v3/toolchain/bin/../lib/gcc/arm-none-eabi/4.8.4/../../../../arm-none-eabi/lib/armv6-m\libg_s.a(lib_a-memmove.o)
                0x00004e32                memmove
 .text._realloc_r
                0x00004e64       0x4c c:/freescale/kds_v3/toolchain/bin/../lib/gcc/arm-none-eabi/4.8.4/../../../../arm-none-eabi/lib/armv6-m\libg_s.a(lib_a-nano-reallocr.o)
                0x00004e64                _realloc_r
 .text._raise_r
                0x00004eb0       0x56 c:/freescale/kds_v3/toolchain/bin/../lib/gcc/arm-none-eabi/4.8.4/../../../../arm-none-eabi/lib/armv6-m\libg_s.a(lib_a-signal.o)
                0x00004eb0                _raise_r
 *fill*         0x00004f06        0x2 
 .text.raise    0x00004f08       0x14 c:/freescale/kds_v3/toolchain/bin/../lib/gcc/arm-none-eabi/4.8.4/../../../../arm-none-eabi/lib/armv6-m\libg_s.a(lib_a-signal.o)
                0x00004f08                raise
 .text._kill_r  0x00004f1c       0x24 c:/freescale/kds_v3/toolchain/bin/../lib/gcc/arm-none-eabi/4.8.4/../../../../arm-none-eabi/lib/armv6-m\libg_s.a(lib_a-signalr.o)
                0x00004f1c                _kill_r
 .text._getpid_r
                0x00004f40        0x8 c:/freescale/kds_v3/toolchain/bin/../lib/gcc/arm-none-eabi/4.8.4/../../../../arm-none-eabi/lib/armv6-m\libg_s.a(lib_a-signalr.o)
                0x00004f40                _getpid_r
 .text.__sread  0x00004f48       0x28 c:/freescale/kds_v3/toolchain/bin/../lib/gcc/arm-none-eabi/4.8.4/../../../../arm-none-eabi/lib/armv6-m\libg_s.a(lib_a-stdio.o)
                0x00004f48                __sread
 .text.__swrite
                0x00004f70       0x38 c:/freescale/kds_v3/toolchain/bin/../lib/gcc/arm-none-eabi/4.8.4/../../../../arm-none-eabi/lib/armv6-m\libg_s.a(lib_a-stdio.o)
                0x00004f70                __swrite
 .text.__sseek  0x00004fa8       0x2c c:/freescale/kds_v3/toolchain/bin/../lib/gcc/arm-none-eabi/4.8.4/../../../../arm-none-eabi/lib/armv6-m\libg_s.a(lib_a-stdio.o)
                0x00004fa8                __sseek
 .text.__sclose
                0x00004fd4        0xc c:/freescale/kds_v3/toolchain/bin/../lib/gcc/arm-none-eabi/4.8.4/../../../../arm-none-eabi/lib/armv6-m\libg_s.a(lib_a-stdio.o)
                0x00004fd4                __sclose
 .text._write_r
                0x00004fe0       0x28 c:/freescale/kds_v3/toolchain/bin/../lib/gcc/arm-none-eabi/4.8.4/../../../../arm-none-eabi/lib/armv6-m\libg_s.a(lib_a-writer.o)
                0x00004fe0                _write_r
 .text._close_r
                0x00005008       0x24 c:/freescale/kds_v3/toolchain/bin/../lib/gcc/arm-none-eabi/4.8.4/../../../../arm-none-eabi/lib/armv6-m\libg_s.a(lib_a-closer.o)
                0x00005008                _close_r
 .text._fstat_r
                0x0000502c       0x24 c:/freescale/kds_v3/toolchain/bin/../lib/gcc/arm-none-eabi/4.8.4/../../../../arm-none-eabi/lib/armv6-m\libg_s.a(lib_a-fstatr.o)
                0x0000502c                _fstat_r
 .text._isatty_r
                0x00005050       0x24 c:/freescale/kds_v3/toolchain/bin/../lib/gcc/arm-none-eabi/4.8.4/../../../../arm-none-eabi/lib/armv6-m\libg_s.a(lib_a-isattyr.o)
                0x00005050                _isatty_r
 .text._lseek_r
                0x00005074       0x28 c:/freescale/kds_v3/toolchain/bin/../lib/gcc/arm-none-eabi/4.8.4/../../../../arm-none-eabi/lib/armv6-m\libg_s.a(lib_a-lseekr.o)
                0x00005074                _lseek_r
 .text._malloc_usable_size_r
                0x0000509c       0x12 c:/freescale/kds_v3/toolchain/bin/../lib/gcc/arm-none-eabi/4.8.4/../../../../arm-none-eabi/lib/armv6-m\libg_s.a(lib_a-nano-msizer.o)
                0x0000509c                _malloc_usable_size_r
 *fill*         0x000050ae        0x2 
 .text._read_r  0x000050b0       0x28 c:/freescale/kds_v3/toolchain/bin/../lib/gcc/arm-none-eabi/4.8.4/../../../../arm-none-eabi/lib/armv6-m\libg_s.a(lib_a-readr.o)
                0x000050b0                _read_r
 .text._close   0x000050d8       0x10 c:/freescale/kds_v3/toolchain/bin/../lib/gcc/arm-none-eabi/4.8.4/../../../../arm-none-eabi/lib/armv6-m\libnosys.a(close.o)
                0x000050d8                _close
 .text._fstat   0x000050e8       0x10 c:/freescale/kds_v3/toolchain/bin/../lib/gcc/arm-none-eabi/4.8.4/../../../../arm-none-eabi/lib/armv6-m\libnosys.a(fstat.o)
                0x000050e8                _fstat
 .text._getpid  0x000050f8       0x10 c:/freescale/kds_v3/toolchain/bin/../lib/gcc/arm-none-eabi/4.8.4/../../../../arm-none-eabi/lib/armv6-m\libnosys.a(getpid.o)
                0x000050f8                _getpid
 .text._isatty  0x00005108       0x10 c:/freescale/kds_v3/toolchain/bin/../lib/gcc/arm-none-eabi/4.8.4/../../../../arm-none-eabi/lib/armv6-m\libnosys.a(isatty.o)
                0x00005108                _isatty
 .text._kill    0x00005118       0x10 c:/freescale/kds_v3/toolchain/bin/../lib/gcc/arm-none-eabi/4.8.4/../../../../arm-none-eabi/lib/armv6-m\libnosys.a(kill.o)
                0x00005118                _kill
 .text._lseek   0x00005128       0x10 c:/freescale/kds_v3/toolchain/bin/../lib/gcc/arm-none-eabi/4.8.4/../../../../arm-none-eabi/lib/armv6-m\libnosys.a(lseek.o)
                0x00005128                _lseek
 .text._read    0x00005138       0x10 c:/freescale/kds_v3/toolchain/bin/../lib/gcc/arm-none-eabi/4.8.4/../../../../arm-none-eabi/lib/armv6-m\libnosys.a(read.o)
                0x00005138                _read
 .text._sbrk    0x00005148       0x34 c:/freescale/kds_v3/toolchain/bin/../lib/gcc/arm-none-eabi/4.8.4/../../../../arm-none-eabi/lib/armv6-m\libnosys.a(sbrk.o)
                0x00005148                _sbrk
 .text._write   0x0000517c       0x10 c:/freescale/kds_v3/toolchain/bin/../lib/gcc/arm-none-eabi/4.8.4/../../../../arm-none-eabi/lib/armv6-m\libnosys.a(write.o)
                0x0000517c                _write
 .text._exit    0x0000518c        0x4 c:/freescale/kds_v3/toolchain/bin/../lib/gcc/arm-none-eabi/4.8.4/../../../../arm-none-eabi/lib/armv6-m\libnosys.a(_exit.o)
                0x0000518c                _exit
 *(.rodata)
 .rodata        0x00005190       0x38 ./modules/timer_timeout/timer_timeout.o
 .rodata        0x000051c8       0x30 ./modules/terminal/terminal.o
 .rodata        0x000051f8       0xbc ./modules/shell/shell.o
 .rodata        0x000052b4       0x68 ./modules/hd44780/hd44780.o
 .rodata        0x0000531c       0x44 ./Sources/vmain.o
 *(.rodata*)
 .rodata.__FUNCTION__.5123
                0x00005360       0x18 ./modules/timer_timeout/timer_timeout.o
 .rodata.terminal_BS
                0x00005378        0x1 ./modules/terminal/terminal.o
 *fill*         0x00005379        0x3 
 .rodata.shell_MngtLineBuff
                0x0000537c       0x14 ./modules/shell/shell.o
 .rodata.__FUNCTION__.4938
                0x00005390        0xc ./modules/shell/shell.o
 .rodata.__FUNCTION__.4947
                0x0000539c       0x18 ./modules/shell/shell.o
 .rodata.__FUNCTION__.4954
                0x000053b4       0x18 ./modules/shell/shell.o
 .rodata.__FUNCTION__.4983
                0x000053cc       0x14 ./modules/shell/shell.o
 .rodata.__FUNCTION__.5005
                0x000053e0       0x14 ./modules/shell/shell.o
 .rodata.__FUNCTION__.6445
                0x000053f4       0x18 ./modules/hd44780/hd44780.o
 .rodata.ClockGenModeMatrix
                0x0000540c       0x48 ./Static_Code/System/CPU_Init.o
 .rodata.CPU_ClockConfigDescriptors
                0x00005454       0x10 ./Static_Code/System/CPU_Init.o
 .rodata.CPU_DefaultFEI
                0x00005464        0x8 ./Static_Code/System/CPU_Init.o
 .rodata.CPU_DefaultFBI
                0x0000546c        0x8 ./Static_Code/System/CPU_Init.o
 .rodata.CPU_DefaultFBILP
                0x00005474        0x8 ./Static_Code/System/CPU_Init.o
 .rodata.CPU_DefaultFEE
                0x0000547c        0x8 ./Static_Code/System/CPU_Init.o
 .rodata.CPU_DefaultFBE
                0x00005484        0x8 ./Static_Code/System/CPU_Init.o
 .rodata.CPU_DefaultFBELP
                0x0000548c        0x8 ./Static_Code/System/CPU_Init.o
 .rodata.CPU_ClockGenModeRegs
                0x00005494       0x18 ./Static_Code/System/CPU_Init.o
 .rodata.CPU_SetClockConfigGenMode
                0x000054ac       0x30 ./Static_Code/System/CPU_Init.o
 .rodata.RemapBuffersIdxToHw
                0x000054dc        0x4 ./Generated_Code/CAN1.o
 .rodata.RemapHwToTxBuffersIdx
                0x000054e0        0x4 ./Generated_Code/CAN1.o
 .rodata.RemapHwToRxBuffersIdx
                0x000054e4        0x4 ./Generated_Code/CAN1.o
 .rodata.str1.1
                0x000054e8       0x3c c:/freescale/kds_v3/toolchain/bin/../lib/gcc/arm-none-eabi/4.8.4/../../../../arm-none-eabi/lib/armv6-m\libg_s.a(lib_a-assert.o)
                                 0x3d (size before relaxing)
 .rodata.str1.1
                0x00005524        0x2 c:/freescale/kds_v3/toolchain/bin/../lib/gcc/arm-none-eabi/4.8.4/../../../../arm-none-eabi/lib/armv6-m\libg_s.a(lib_a-impure.o)
 *fill*         0x00005526        0x2 
 .rodata._global_impure_ptr
                0x00005528        0x4 c:/freescale/kds_v3/toolchain/bin/../lib/gcc/arm-none-eabi/4.8.4/../../../../arm-none-eabi/lib/armv6-m\libg_s.a(lib_a-impure.o)
                0x00005528                _global_impure_ptr
 .rodata.str1.1
                0x0000552c       0x11 c:/freescale/kds_v3/toolchain/bin/../lib/gcc/arm-none-eabi/4.8.4/../../../../arm-none-eabi/lib/armv6-m\libg_s.a(lib_a-svfprintf.o)
 .rodata.str1.1
                0x00000000       0x11 c:/freescale/kds_v3/toolchain/bin/../lib/gcc/arm-none-eabi/4.8.4/../../../../arm-none-eabi/lib/armv6-m\libg_s.a(lib_a-vfprintf.o)
 .rodata.str1.1
                0x0000553d       0x22 c:/freescale/kds_v3/toolchain/bin/../lib/gcc/arm-none-eabi/4.8.4/../../../../arm-none-eabi/lib/armv6-m\libg_s.a(lib_a-vfprintf_i.o)
 *fill*         0x0000555f        0x1 
 .rodata.__sf_fake_stdin
                0x00005560       0x20 c:/freescale/kds_v3/toolchain/bin/../lib/gcc/arm-none-eabi/4.8.4/../../../../arm-none-eabi/lib/armv6-m\libg_s.a(lib_a-findfp.o)
                0x00005560                __sf_fake_stdin
 .rodata.__sf_fake_stdout
                0x00005580       0x20 c:/freescale/kds_v3/toolchain/bin/../lib/gcc/arm-none-eabi/4.8.4/../../../../arm-none-eabi/lib/armv6-m\libg_s.a(lib_a-findfp.o)
                0x00005580                __sf_fake_stdout
 .rodata.__sf_fake_stderr
                0x000055a0       0x20 c:/freescale/kds_v3/toolchain/bin/../lib/gcc/arm-none-eabi/4.8.4/../../../../arm-none-eabi/lib/armv6-m\libg_s.a(lib_a-findfp.o)
                0x000055a0                __sf_fake_stderr
 *(.glue_7)
 .glue_7        0x00000000        0x0 linker stubs
 *(.glue_7t)
 .glue_7t       0x00000000        0x0 linker stubs
 *(.eh_frame)
 .eh_frame      0x000055c0        0x0 c:/freescale/kds_v3/toolchain/bin/../lib/gcc/arm-none-eabi/4.8.4/armv6-m/crtbegin.o
 *(.init)
 .init          0x000055c0        0x4 c:/freescale/kds_v3/toolchain/bin/../lib/gcc/arm-none-eabi/4.8.4/armv6-m/crti.o
                0x000055c0                _init
 .init          0x000055c4        0x8 c:/freescale/kds_v3/toolchain/bin/../lib/gcc/arm-none-eabi/4.8.4/armv6-m/crtn.o
 *(.fini)
 .fini          0x000055cc        0x4 c:/freescale/kds_v3/toolchain/bin/../lib/gcc/arm-none-eabi/4.8.4/armv6-m/crti.o
                0x000055cc                _fini
 .fini          0x000055d0        0x8 c:/freescale/kds_v3/toolchain/bin/../lib/gcc/arm-none-eabi/4.8.4/armv6-m/crtn.o
                0x000055d8                . = ALIGN (0x4)
                0x000055d8                _etext = .

.vfp11_veneer   0x000055d8        0x0
 .vfp11_veneer  0x00000000        0x0 linker stubs

.v4_bx          0x000055d8        0x0
 .v4_bx         0x00000000        0x0 linker stubs

.iplt           0x000055d8        0x0
 .iplt          0x00000000        0x0 c:/freescale/kds_v3/toolchain/bin/../lib/gcc/arm-none-eabi/4.8.4/armv6-m/crtbegin.o

.ARM.extab
 *(.ARM.extab* .gnu.linkonce.armextab.*)

.ARM            0x000055d8        0x8
                0x000055d8                __exidx_start = .
 *(.ARM.exidx*)
 .ARM.exidx     0x000055d8        0x8 c:/freescale/kds_v3/toolchain/bin/../lib/gcc/arm-none-eabi/4.8.4/../../../../arm-none-eabi/lib/armv6-m/crt0.o
                0x000055e0                __exidx_end = .

.rel.dyn        0x000055e0        0x0
 .rel.iplt      0x00000000        0x0 c:/freescale/kds_v3/toolchain/bin/../lib/gcc/arm-none-eabi/4.8.4/armv6-m/crtbegin.o

.ctors          0x000055e0        0x0
                0x000055e0                __CTOR_LIST__ = .
 *crtbegin.o(.ctors)
 *(EXCLUDE_FILE(*crtend.o) .ctors)
 *(SORT(.ctors.*))
 *(.ctors)
                0x000055e0                __CTOR_END__ = .

.dtors          0x000055e0        0x0
                0x000055e0                __DTOR_LIST__ = .
 *crtbegin.o(.dtors)
 *(EXCLUDE_FILE(*crtend.o) .dtors)
 *(SORT(.dtors.*))
 *(.dtors)
                0x000055e0                __DTOR_END__ = .

.preinit_array  0x000055e0        0x0
                0x000055e0                PROVIDE (__preinit_array_start, .)
 *(.preinit_array*)
                0x000055e0                PROVIDE (__preinit_array_end, .)

.init_array     0x000055e0        0x4
                0x000055e0                PROVIDE (__init_array_start, .)
 *(SORT(.init_array.*))
 *(.init_array*)
 .init_array    0x000055e0        0x4 c:/freescale/kds_v3/toolchain/bin/../lib/gcc/arm-none-eabi/4.8.4/armv6-m/crtbegin.o
                0x000055e4                PROVIDE (__init_array_end, .)

.fini_array     0x000055e4        0x4
                0x000055e4                PROVIDE (__fini_array_start, .)
 *(SORT(.fini_array.*))
 *(.fini_array*)
 .fini_array    0x000055e4        0x4 c:/freescale/kds_v3/toolchain/bin/../lib/gcc/arm-none-eabi/4.8.4/armv6-m/crtbegin.o
                0x000055e8                PROVIDE (__fini_array_end, .)
                0x000055e8                ___ROM_AT = .

.mtb            0x1ffff000        0x0
                0x1ffff000                . = ALIGN (0x8)
                0x1ffff000                _mtb_start = .
 *(.mtb_buf)
                0x1ffff000                . = ALIGN (0x8)
                0x1ffff000                _mtb_end = .

.data           0x1ffff000      0x39c load address 0x000055e8
                0x1ffff000                . = ALIGN (0x4)
                0x1ffff000                _sdata = .
 *(.data)
 *(.data*)
 .data.cmd_tab_usart
                0x1ffff000      0x320 ./modules/terminal/terminal.o
                0x1ffff000                cmd_tab_usart
 .data.terminal_NEWLINE
                0x1ffff320        0x4 ./modules/terminal/terminal.o
 .data.terminal_ARROW_LEFT
                0x1ffff324        0x4 ./modules/terminal/terminal.o
 .data.terminal_ARROW_RIGHT
                0x1ffff328        0x4 ./modules/terminal/terminal.o
 .data.terminal_ARROW_UP
                0x1ffff32c        0x4 ./modules/terminal/terminal.o
 .data.terminal_ARROW_DOWN
                0x1ffff330        0x4 ./modules/terminal/terminal.o
 .data.terminal_prefix
                0x1ffff334        0x4 ./modules/terminal/terminal.o
 .data.impure_data
                0x1ffff338       0x60 c:/freescale/kds_v3/toolchain/bin/../lib/gcc/arm-none-eabi/4.8.4/../../../../arm-none-eabi/lib/armv6-m\libg_s.a(lib_a-impure.o)
 .data._impure_ptr
                0x1ffff398        0x4 c:/freescale/kds_v3/toolchain/bin/../lib/gcc/arm-none-eabi/4.8.4/../../../../arm-none-eabi/lib/armv6-m\libg_s.a(lib_a-impure.o)
                0x1ffff398                _impure_ptr
                0x1ffff39c                . = ALIGN (0x4)
                0x1ffff39c                _edata = .
                0x0000039c                ___data_size = (_edata - _sdata)

.jcr            0x1ffff39c        0x0 load address 0x00005984
 .jcr           0x1ffff39c        0x0 c:/freescale/kds_v3/toolchain/bin/../lib/gcc/arm-none-eabi/4.8.4/armv6-m/crtbegin.o

.igot.plt       0x1ffff39c        0x0 load address 0x00005984
 .igot.plt      0x00000000        0x0 c:/freescale/kds_v3/toolchain/bin/../lib/gcc/arm-none-eabi/4.8.4/armv6-m/crtbegin.o
                0x1ffff39c                . = ALIGN (0x4)

.bss            0x1ffff39c      0x38c load address 0x00005984
                0x1ffff39c                __START_BSS = .
                0x1ffff39c                PROVIDE (__bss_start__, __START_BSS)
 *(.bss)
 .bss           0x1ffff39c       0x1c c:/freescale/kds_v3/toolchain/bin/../lib/gcc/arm-none-eabi/4.8.4/armv6-m/crtbegin.o
 *(.bss*)
 .bss.mtimers_list
                0x1ffff3b8       0x50 ./modules/timer_timeout/timer_timeout.o
 .bss.shell_usart
                0x1ffff408       0xfc ./modules/terminal/terminal.o
 .bss.escape_sequence_start.5007
                0x1ffff504        0x1 ./modules/shell/shell.o
 *fill*         0x1ffff505        0x3 
 .bss.row_buff  0x1ffff508       0x24 ./modules/hd44780/hd44780.o
 .bss.can_tx_queue
                0x1ffff52c        0x4 ./modules/can_t/can_t.o
 .bss.function_list
                0x1ffff530       0xc8 ./modules/can_t/can_t.o
 .bss.SR_lock   0x1ffff5f8        0x1 ./Static_Code/System/CPU_Init.o
                0x1ffff5f8                SR_lock
 *fill*         0x1ffff5f9        0x3 
 .bss.DeviceDataPrv__DEFAULT_RTOS_ALLOC
                0x1ffff5fc       0x20 ./Generated_Code/ASerialLdd1.o
 .bss.INT_UART2__DEFAULT_RTOS_ISRPARAM
                0x1ffff61c        0x4 ./Generated_Code/ASerialLdd1.o
 .bss.DeviceDataPrv__DEFAULT_RTOS_ALLOC
                0x1ffff620        0x4 ./Generated_Code/BitIoLdd1.o
 .bss.DeviceDataPrv__DEFAULT_RTOS_ALLOC
                0x1ffff624        0x4 ./Generated_Code/BitIoLdd2.o
 .bss.DeviceDataPrv__DEFAULT_RTOS_ALLOC
                0x1ffff628        0x4 ./Generated_Code/BitIoLdd3.o
 .bss.DeviceDataPrv__DEFAULT_RTOS_ALLOC
                0x1ffff62c        0x4 ./Generated_Code/BitIoLdd4.o
 .bss.DeviceDataPrv__DEFAULT_RTOS_ALLOC
                0x1ffff630        0x4 ./Generated_Code/BitIoLdd5.o
 .bss.DeviceDataPrv__DEFAULT_RTOS_ALLOC
                0x1ffff634        0x4 ./Generated_Code/BitIoLdd6.o
 .bss.DeviceDataPrv__DEFAULT_RTOS_ALLOC
                0x1ffff638        0x4 ./Generated_Code/BitIoLdd7.o
 .bss.DeviceDataPrv__DEFAULT_RTOS_ALLOC
                0x1ffff63c        0x4 ./Generated_Code/BitIoLdd8.o
 .bss.DeviceDataPrv__DEFAULT_RTOS_ALLOC
                0x1ffff640        0x4 ./Generated_Code/BitIoLdd9.o
 .bss.DeviceDataPrv__DEFAULT_RTOS_ALLOC
                0x1ffff644       0x24 ./Generated_Code/CAN1.o
 .bss.INT_MSCAN_TX__DEFAULT_RTOS_ISRPARAM
                0x1ffff668        0x4 ./Generated_Code/CAN1.o
 .bss.INT_MSCAN_RX__DEFAULT_RTOS_ISRPARAM
                0x1ffff66c        0x4 ./Generated_Code/CAN1.o
 .bss.SerFlag   0x1ffff670        0x2 ./Generated_Code/Inhr1.o
 .bss.Inhr1_InpLen
                0x1ffff672        0x2 ./Generated_Code/Inhr1.o
 .bss.InpIndexR
                0x1ffff674        0x2 ./Generated_Code/Inhr1.o
 .bss.InpIndexW
                0x1ffff676        0x2 ./Generated_Code/Inhr1.o
 .bss.InpBuffer
                0x1ffff678       0x10 ./Generated_Code/Inhr1.o
 .bss.BufferRead
                0x1ffff688        0x1 ./Generated_Code/Inhr1.o
 *fill*         0x1ffff689        0x1 
 .bss.Inhr1_OutLen
                0x1ffff68a        0x2 ./Generated_Code/Inhr1.o
 .bss.OutIndexR
                0x1ffff68c        0x2 ./Generated_Code/Inhr1.o
 .bss.OutIndexW
                0x1ffff68e        0x2 ./Generated_Code/Inhr1.o
 .bss.OutBuffer
                0x1ffff690       0x10 ./Generated_Code/Inhr1.o
 .bss.PE_LDD_DeviceDataList
                0x1ffff6a0       0x30 ./Generated_Code/PE_LDD.o
                0x1ffff6a0                PE_LDD_DeviceDataList
 .bss.DeviceDataPrv__DEFAULT_RTOS_ALLOC
                0x1ffff6d0        0x4 ./Generated_Code/TU1.o
 .bss.INT_SysTick__DEFAULT_RTOS_ISRPARAM
                0x1ffff6d4        0x4 ./Generated_Code/TU1.o
 .bss.__malloc_sbrk_start
                0x1ffff6d8        0x4 c:/freescale/kds_v3/toolchain/bin/../lib/gcc/arm-none-eabi/4.8.4/../../../../arm-none-eabi/lib/armv6-m\libg_s.a(lib_a-nano-mallocr.o)
                0x1ffff6d8                __malloc_sbrk_start
 .bss.__malloc_free_list
                0x1ffff6dc        0x4 c:/freescale/kds_v3/toolchain/bin/../lib/gcc/arm-none-eabi/4.8.4/../../../../arm-none-eabi/lib/armv6-m\libg_s.a(lib_a-nano-mallocr.o)
                0x1ffff6dc                __malloc_free_list
 .bss.heap_end.4246
                0x1ffff6e0        0x4 c:/freescale/kds_v3/toolchain/bin/../lib/gcc/arm-none-eabi/4.8.4/../../../../arm-none-eabi/lib/armv6-m\libnosys.a(sbrk.o)
 *(COMMON)
 COMMON         0x1ffff6e4        0x8 ./modules/terminal/terminal.o
                0x1ffff6e4                terminal_tx_queue
                0x1ffff6e8                terminal_rx_queue
 COMMON         0x1ffff6ec       0x14 ./modules/can_t/can_t.o
                0x1ffff6ec                cant_timer
                0x1ffff6f8                can_inst
                0x1ffff6fc                can_rx_queue
 COMMON         0x1ffff700        0x1 ./Static_Code/System/CPU_Init.o
                0x1ffff700                SR_reg
 *fill*         0x1ffff701        0x3 
 COMMON         0x1ffff704       0x1b ./Sources/vmain.o
                0x1ffff704                napis6
                0x1ffff708                napis5
                0x1ffff70c                napis3
                0x1ffff710                napis7
                0x1ffff714                napis1
                0x1ffff718                napis4
                0x1ffff71c                napis2
 *fill*         0x1ffff71f        0x1 
 COMMON         0x1ffff720        0x4 ./Generated_Code/Inhr1.o
                0x1ffff720                ASerialLdd1_DeviceDataPtr
 COMMON         0x1ffff724        0x4 c:/freescale/kds_v3/toolchain/bin/../lib/gcc/arm-none-eabi/4.8.4/../../../../arm-none-eabi/lib/armv6-m\libg_s.a(lib_a-reent.o)
                0x1ffff724                errno
                0x1ffff728                . = ALIGN (0x4)
                0x1ffff728                __END_BSS = .
                0x1ffff728                PROVIDE (__bss_end__, __END_BSS)
                0x00005984                _romp_at = (___ROM_AT + SIZEOF (.data))

.romp           0x1ffff728       0x18 load address 0x00005984
                0x00005984                __S_romp = _romp_at
                0x1ffff728        0x4 LONG 0x55e8 ___ROM_AT
                0x1ffff72c        0x4 LONG 0x1ffff000 _sdata
                0x1ffff730        0x4 LONG 0x39c ___data_size
                0x1ffff734        0x4 LONG 0x0
                0x1ffff738        0x4 LONG 0x0
                0x1ffff73c        0x4 LONG 0x0
                0x00020000                text_end = (ORIGIN (m_text) + 0x1fbf0)
                0x0000599c                data_init_end = ((___ROM_AT + SIZEOF (.data)) + SIZEOF (.romp))
                0x00000001                ASSERT ((data_init_end <= text_end), region m_text overflowed with text and data)

._user_heap_stack
                0x1ffff740      0x400 load address 0x0000599c
                0x1ffff740                . = ALIGN (0x4)
                0x1ffff740                PROVIDE (end, .)
                0x1ffff740                PROVIDE (_end, .)
                0x1ffff740                PROVIDE (__end__, .)
                0x1ffff740                __heap_addr = .
                0x1ffff740                __HeapBase = .
                0x1ffff740                . = (. + __heap_size)
                0x1ffff740                __HeapLimit = .
                0x1ffffb40                . = (. + __stack_size)
 *fill*         0x1ffff740      0x400 
                0x1ffffb40                . = ALIGN (0x4)

.ARM.attributes
                0x00000000       0x28
 *(.ARM.attributes)
 .ARM.attributes
                0x00000000       0x1e c:/freescale/kds_v3/toolchain/bin/../lib/gcc/arm-none-eabi/4.8.4/armv6-m/crti.o
 .ARM.attributes
                0x0000001e       0x2c c:/freescale/kds_v3/toolchain/bin/../lib/gcc/arm-none-eabi/4.8.4/armv6-m/crtbegin.o
 .ARM.attributes
                0x0000004a       0x1b c:/freescale/kds_v3/toolchain/bin/../lib/gcc/arm-none-eabi/4.8.4/../../../../arm-none-eabi/lib/armv6-m/crt0.o
 .ARM.attributes
                0x00000065       0x32 ./modules/timer_timeout/timer_timeout.o
 .ARM.attributes
                0x00000097       0x32 ./modules/terminal/terminal.o
 .ARM.attributes
                0x000000c9       0x32 ./modules/shell/shell.o
 .ARM.attributes
                0x000000fb       0x32 ./modules/queue/queue.o
 .ARM.attributes
                0x0000012d       0x32 ./modules/hd44780/hd44780.o
 .ARM.attributes
                0x0000015f       0x32 ./modules/can_t/can_t.o
 .ARM.attributes
                0x00000191       0x32 ./Static_Code/System/CPU_Init.o
 .ARM.attributes
                0x000001c3       0x32 ./Static_Code/System/Vectors.o
 .ARM.attributes
                0x000001f5       0x32 ./Sources/Events.o
 .ARM.attributes
                0x00000227       0x32 ./Sources/main.o
 .ARM.attributes
                0x00000259       0x32 ./Sources/vmain.o
 .ARM.attributes
                0x0000028b       0x32 ./Project_Settings/Startup_Code/startup.o
 .ARM.attributes
                0x000002bd       0x32 ./Generated_Code/ASerialLdd1.o
 .ARM.attributes
                0x000002ef       0x32 ./Generated_Code/BitIoLdd1.o
 .ARM.attributes
                0x00000321       0x32 ./Generated_Code/BitIoLdd2.o
 .ARM.attributes
                0x00000353       0x32 ./Generated_Code/BitIoLdd3.o
 .ARM.attributes
                0x00000385       0x32 ./Generated_Code/BitIoLdd4.o
 .ARM.attributes
                0x000003b7       0x32 ./Generated_Code/BitIoLdd5.o
 .ARM.attributes
                0x000003e9       0x32 ./Generated_Code/BitIoLdd6.o
 .ARM.attributes
                0x0000041b       0x32 ./Generated_Code/BitIoLdd7.o
 .ARM.attributes
                0x0000044d       0x32 ./Generated_Code/BitIoLdd8.o
 .ARM.attributes
                0x0000047f       0x32 ./Generated_Code/BitIoLdd9.o
 .ARM.attributes
                0x000004b1       0x32 ./Generated_Code/CAN1.o
 .ARM.attributes
                0x000004e3       0x32 ./Generated_Code/Cpu.o
 .ARM.attributes
                0x00000515       0x32 ./Generated_Code/DbgTerminal.o
 .ARM.attributes
                0x00000547       0x32 ./Generated_Code/Inhr1.o
 .ARM.attributes
                0x00000579       0x32 ./Generated_Code/PE_LDD.o
 .ARM.attributes
                0x000005ab       0x32 ./Generated_Code/TU1.o
 .ARM.attributes
                0x000005dd       0x1e c:/freescale/kds_v3/toolchain/bin/../lib/gcc/arm-none-eabi/4.8.4/armv6-m\libgcc.a(_udivsi3.o)
 .ARM.attributes
                0x000005fb       0x1e c:/freescale/kds_v3/toolchain/bin/../lib/gcc/arm-none-eabi/4.8.4/armv6-m\libgcc.a(_dvmd_tls.o)
 .ARM.attributes
                0x00000619       0x2c c:/freescale/kds_v3/toolchain/bin/../lib/gcc/arm-none-eabi/4.8.4/../../../../arm-none-eabi/lib/armv6-m\libg_s.a(lib_a-assert.o)
 .ARM.attributes
                0x00000645       0x2c c:/freescale/kds_v3/toolchain/bin/../lib/gcc/arm-none-eabi/4.8.4/../../../../arm-none-eabi/lib/armv6-m\libg_s.a(lib_a-exit.o)
 .ARM.attributes
                0x00000671       0x2c c:/freescale/kds_v3/toolchain/bin/../lib/gcc/arm-none-eabi/4.8.4/../../../../arm-none-eabi/lib/armv6-m\libg_s.a(lib_a-fprintf.o)
 .ARM.attributes
                0x0000069d       0x2c c:/freescale/kds_v3/toolchain/bin/../lib/gcc/arm-none-eabi/4.8.4/../../../../arm-none-eabi/lib/armv6-m\libg_s.a(lib_a-impure.o)
 .ARM.attributes
                0x000006c9       0x2c c:/freescale/kds_v3/toolchain/bin/../lib/gcc/arm-none-eabi/4.8.4/../../../../arm-none-eabi/lib/armv6-m\libg_s.a(lib_a-init.o)
 .ARM.attributes
                0x000006f5       0x2c c:/freescale/kds_v3/toolchain/bin/../lib/gcc/arm-none-eabi/4.8.4/../../../../arm-none-eabi/lib/armv6-m\libg_s.a(lib_a-malloc.o)
 .ARM.attributes
                0x00000721       0x2c c:/freescale/kds_v3/toolchain/bin/../lib/gcc/arm-none-eabi/4.8.4/../../../../arm-none-eabi/lib/armv6-m\libg_s.a(lib_a-memcpy-stub.o)
 .ARM.attributes
                0x0000074d       0x2c c:/freescale/kds_v3/toolchain/bin/../lib/gcc/arm-none-eabi/4.8.4/../../../../arm-none-eabi/lib/armv6-m\libg_s.a(lib_a-memset.o)
 .ARM.attributes
                0x00000779       0x2c c:/freescale/kds_v3/toolchain/bin/../lib/gcc/arm-none-eabi/4.8.4/../../../../arm-none-eabi/lib/armv6-m\libg_s.a(lib_a-nano-freer.o)
 .ARM.attributes
                0x000007a5       0x2c c:/freescale/kds_v3/toolchain/bin/../lib/gcc/arm-none-eabi/4.8.4/../../../../arm-none-eabi/lib/armv6-m\libg_s.a(lib_a-nano-mallocr.o)
 .ARM.attributes
                0x000007d1       0x2c c:/freescale/kds_v3/toolchain/bin/../lib/gcc/arm-none-eabi/4.8.4/../../../../arm-none-eabi/lib/armv6-m\libg_s.a(lib_a-sbrkr.o)
 .ARM.attributes
                0x000007fd       0x2c c:/freescale/kds_v3/toolchain/bin/../lib/gcc/arm-none-eabi/4.8.4/../../../../arm-none-eabi/lib/armv6-m\libg_s.a(lib_a-sprintf.o)
 .ARM.attributes
                0x00000829       0x2c c:/freescale/kds_v3/toolchain/bin/../lib/gcc/arm-none-eabi/4.8.4/../../../../arm-none-eabi/lib/armv6-m\libg_s.a(lib_a-strlen.o)
 .ARM.attributes
                0x00000855       0x2c c:/freescale/kds_v3/toolchain/bin/../lib/gcc/arm-none-eabi/4.8.4/../../../../arm-none-eabi/lib/armv6-m\libg_s.a(lib_a-svfprintf.o)
 .ARM.attributes
                0x00000881       0x2c c:/freescale/kds_v3/toolchain/bin/../lib/gcc/arm-none-eabi/4.8.4/../../../../arm-none-eabi/lib/armv6-m\libg_s.a(lib_a-vfprintf.o)
 .ARM.attributes
                0x000008ad       0x2c c:/freescale/kds_v3/toolchain/bin/../lib/gcc/arm-none-eabi/4.8.4/../../../../arm-none-eabi/lib/armv6-m\libg_s.a(lib_a-vfprintf_i.o)
 .ARM.attributes
                0x000008d9       0x2c c:/freescale/kds_v3/toolchain/bin/../lib/gcc/arm-none-eabi/4.8.4/../../../../arm-none-eabi/lib/armv6-m\libg_s.a(lib_a-wbuf.o)
 .ARM.attributes
                0x00000905       0x2c c:/freescale/kds_v3/toolchain/bin/../lib/gcc/arm-none-eabi/4.8.4/../../../../arm-none-eabi/lib/armv6-m\libg_s.a(lib_a-wsetup.o)
 .ARM.attributes
                0x00000931       0x2c c:/freescale/kds_v3/toolchain/bin/../lib/gcc/arm-none-eabi/4.8.4/../../../../arm-none-eabi/lib/armv6-m\libg_s.a(lib_a-abort.o)
 .ARM.attributes
                0x0000095d       0x2c c:/freescale/kds_v3/toolchain/bin/../lib/gcc/arm-none-eabi/4.8.4/../../../../arm-none-eabi/lib/armv6-m\libg_s.a(lib_a-fflush.o)
 .ARM.attributes
                0x00000989       0x2c c:/freescale/kds_v3/toolchain/bin/../lib/gcc/arm-none-eabi/4.8.4/../../../../arm-none-eabi/lib/armv6-m\libg_s.a(lib_a-findfp.o)
 .ARM.attributes
                0x000009b5       0x2c c:/freescale/kds_v3/toolchain/bin/../lib/gcc/arm-none-eabi/4.8.4/../../../../arm-none-eabi/lib/armv6-m\libg_s.a(lib_a-makebuf.o)
 .ARM.attributes
                0x000009e1       0x2c c:/freescale/kds_v3/toolchain/bin/../lib/gcc/arm-none-eabi/4.8.4/../../../../arm-none-eabi/lib/armv6-m\libg_s.a(lib_a-memchr-stub.o)
 .ARM.attributes
                0x00000a0d       0x2c c:/freescale/kds_v3/toolchain/bin/../lib/gcc/arm-none-eabi/4.8.4/../../../../arm-none-eabi/lib/armv6-m\libg_s.a(lib_a-memmove.o)
 .ARM.attributes
                0x00000a39       0x2c c:/freescale/kds_v3/toolchain/bin/../lib/gcc/arm-none-eabi/4.8.4/../../../../arm-none-eabi/lib/armv6-m\libg_s.a(lib_a-nano-reallocr.o)
 .ARM.attributes
                0x00000a65       0x2c c:/freescale/kds_v3/toolchain/bin/../lib/gcc/arm-none-eabi/4.8.4/../../../../arm-none-eabi/lib/armv6-m\libg_s.a(lib_a-reent.o)
 .ARM.attributes
                0x00000a91       0x2c c:/freescale/kds_v3/toolchain/bin/../lib/gcc/arm-none-eabi/4.8.4/../../../../arm-none-eabi/lib/armv6-m\libg_s.a(lib_a-signal.o)
 .ARM.attributes
                0x00000abd       0x2c c:/freescale/kds_v3/toolchain/bin/../lib/gcc/arm-none-eabi/4.8.4/../../../../arm-none-eabi/lib/armv6-m\libg_s.a(lib_a-signalr.o)
 .ARM.attributes
                0x00000ae9       0x2c c:/freescale/kds_v3/toolchain/bin/../lib/gcc/arm-none-eabi/4.8.4/../../../../arm-none-eabi/lib/armv6-m\libg_s.a(lib_a-stdio.o)
 .ARM.attributes
                0x00000b15       0x2c c:/freescale/kds_v3/toolchain/bin/../lib/gcc/arm-none-eabi/4.8.4/../../../../arm-none-eabi/lib/armv6-m\libg_s.a(lib_a-writer.o)
 .ARM.attributes
                0x00000b41       0x2c c:/freescale/kds_v3/toolchain/bin/../lib/gcc/arm-none-eabi/4.8.4/../../../../arm-none-eabi/lib/armv6-m\libg_s.a(lib_a-closer.o)
 .ARM.attributes
                0x00000b6d       0x2c c:/freescale/kds_v3/toolchain/bin/../lib/gcc/arm-none-eabi/4.8.4/../../../../arm-none-eabi/lib/armv6-m\libg_s.a(lib_a-fstatr.o)
 .ARM.attributes
                0x00000b99       0x2c c:/freescale/kds_v3/toolchain/bin/../lib/gcc/arm-none-eabi/4.8.4/../../../../arm-none-eabi/lib/armv6-m\libg_s.a(lib_a-isattyr.o)
 .ARM.attributes
                0x00000bc5       0x2c c:/freescale/kds_v3/toolchain/bin/../lib/gcc/arm-none-eabi/4.8.4/../../../../arm-none-eabi/lib/armv6-m\libg_s.a(lib_a-lseekr.o)
 .ARM.attributes
                0x00000bf1       0x2c c:/freescale/kds_v3/toolchain/bin/../lib/gcc/arm-none-eabi/4.8.4/../../../../arm-none-eabi/lib/armv6-m\libg_s.a(lib_a-nano-msizer.o)
 .ARM.attributes
                0x00000c1d       0x2c c:/freescale/kds_v3/toolchain/bin/../lib/gcc/arm-none-eabi/4.8.4/../../../../arm-none-eabi/lib/armv6-m\libg_s.a(lib_a-readr.o)
 .ARM.attributes
                0x00000c49       0x2c c:/freescale/kds_v3/toolchain/bin/../lib/gcc/arm-none-eabi/4.8.4/../../../../arm-none-eabi/lib/armv6-m\libnosys.a(close.o)
 .ARM.attributes
                0x00000c75       0x2c c:/freescale/kds_v3/toolchain/bin/../lib/gcc/arm-none-eabi/4.8.4/../../../../arm-none-eabi/lib/armv6-m\libnosys.a(fstat.o)
 .ARM.attributes
                0x00000ca1       0x2c c:/freescale/kds_v3/toolchain/bin/../lib/gcc/arm-none-eabi/4.8.4/../../../../arm-none-eabi/lib/armv6-m\libnosys.a(getpid.o)
 .ARM.attributes
                0x00000ccd       0x2c c:/freescale/kds_v3/toolchain/bin/../lib/gcc/arm-none-eabi/4.8.4/../../../../arm-none-eabi/lib/armv6-m\libnosys.a(isatty.o)
 .ARM.attributes
                0x00000cf9       0x2c c:/freescale/kds_v3/toolchain/bin/../lib/gcc/arm-none-eabi/4.8.4/../../../../arm-none-eabi/lib/armv6-m\libnosys.a(kill.o)
 .ARM.attributes
                0x00000d25       0x2c c:/freescale/kds_v3/toolchain/bin/../lib/gcc/arm-none-eabi/4.8.4/../../../../arm-none-eabi/lib/armv6-m\libnosys.a(lseek.o)
 .ARM.attributes
                0x00000d51       0x2c c:/freescale/kds_v3/toolchain/bin/../lib/gcc/arm-none-eabi/4.8.4/../../../../arm-none-eabi/lib/armv6-m\libnosys.a(read.o)
 .ARM.attributes
                0x00000d7d       0x2c c:/freescale/kds_v3/toolchain/bin/../lib/gcc/arm-none-eabi/4.8.4/../../../../arm-none-eabi/lib/armv6-m\libnosys.a(sbrk.o)
 .ARM.attributes
                0x00000da9       0x2c c:/freescale/kds_v3/toolchain/bin/../lib/gcc/arm-none-eabi/4.8.4/../../../../arm-none-eabi/lib/armv6-m\libnosys.a(write.o)
 .ARM.attributes
                0x00000dd5       0x2c c:/freescale/kds_v3/toolchain/bin/../lib/gcc/arm-none-eabi/4.8.4/../../../../arm-none-eabi/lib/armv6-m\libnosys.a(_exit.o)
 .ARM.attributes
                0x00000e01       0x1e c:/freescale/kds_v3/toolchain/bin/../lib/gcc/arm-none-eabi/4.8.4/armv6-m/crtn.o
OUTPUT(CAN_FreeRTOS.elf elf32-littlearm)

.debug_info     0x00000000     0x6797
 .debug_info    0x00000000      0x3de ./modules/timer_timeout/timer_timeout.o
 .debug_info    0x000003de      0x46e ./modules/terminal/terminal.o
 .debug_info    0x0000084c      0x669 ./modules/shell/shell.o
 .debug_info    0x00000eb5      0x2e9 ./modules/queue/queue.o
 .debug_info    0x0000119e      0x372 ./modules/hd44780/hd44780.o
 .debug_info    0x00001510      0x4fa ./modules/can_t/can_t.o
 .debug_info    0x00001a0a      0x774 ./Static_Code/System/CPU_Init.o
 .debug_info    0x0000217e      0x459 ./Static_Code/System/Vectors.o
 .debug_info    0x000025d7      0x35e ./Sources/Events.o
 .debug_info    0x00002935       0xb8 ./Sources/main.o
 .debug_info    0x000029ed      0x3f9 ./Sources/vmain.o
 .debug_info    0x00002de6      0x20a ./Project_Settings/Startup_Code/startup.o
 .debug_info    0x00002ff0      0x6b9 ./Generated_Code/ASerialLdd1.o
 .debug_info    0x000036a9      0x2a4 ./Generated_Code/BitIoLdd1.o
 .debug_info    0x0000394d      0x2a4 ./Generated_Code/BitIoLdd2.o
 .debug_info    0x00003bf1      0x27e ./Generated_Code/BitIoLdd3.o
 .debug_info    0x00003e6f      0x27e ./Generated_Code/BitIoLdd4.o
 .debug_info    0x000040ed      0x2b2 ./Generated_Code/BitIoLdd5.o
 .debug_info    0x0000439f      0x2b2 ./Generated_Code/BitIoLdd6.o
 .debug_info    0x00004651      0x2b2 ./Generated_Code/BitIoLdd7.o
 .debug_info    0x00004903      0x2b2 ./Generated_Code/BitIoLdd8.o
 .debug_info    0x00004bb5      0x2b2 ./Generated_Code/BitIoLdd9.o
 .debug_info    0x00004e67      0x99f ./Generated_Code/CAN1.o
 .debug_info    0x00005806       0xda ./Generated_Code/Cpu.o
 .debug_info    0x000058e0      0x4ff ./Generated_Code/DbgTerminal.o
 .debug_info    0x00005ddf      0x45a ./Generated_Code/Inhr1.o
 .debug_info    0x00006239      0x251 ./Generated_Code/PE_LDD.o
 .debug_info    0x0000648a      0x30d ./Generated_Code/TU1.o

.debug_abbrev   0x00000000     0x2450
 .debug_abbrev  0x00000000      0x111 ./modules/timer_timeout/timer_timeout.o
 .debug_abbrev  0x00000111      0x16b ./modules/terminal/terminal.o
 .debug_abbrev  0x0000027c      0x163 ./modules/shell/shell.o
 .debug_abbrev  0x000003df      0x131 ./modules/queue/queue.o
 .debug_abbrev  0x00000510      0x19f ./modules/hd44780/hd44780.o
 .debug_abbrev  0x000006af      0x180 ./modules/can_t/can_t.o
 .debug_abbrev  0x0000082f      0x1ed ./Static_Code/System/CPU_Init.o
 .debug_abbrev  0x00000a1c       0xd8 ./Static_Code/System/Vectors.o
 .debug_abbrev  0x00000af4      0x14e ./Sources/Events.o
 .debug_abbrev  0x00000c42       0x6c ./Sources/main.o
 .debug_abbrev  0x00000cae      0x174 ./Sources/vmain.o
 .debug_abbrev  0x00000e22      0x11e ./Project_Settings/Startup_Code/startup.o
 .debug_abbrev  0x00000f40      0x1d2 ./Generated_Code/ASerialLdd1.o
 .debug_abbrev  0x00001112      0x147 ./Generated_Code/BitIoLdd1.o
 .debug_abbrev  0x00001259      0x147 ./Generated_Code/BitIoLdd2.o
 .debug_abbrev  0x000013a0      0x11e ./Generated_Code/BitIoLdd3.o
 .debug_abbrev  0x000014be      0x11e ./Generated_Code/BitIoLdd4.o
 .debug_abbrev  0x000015dc      0x147 ./Generated_Code/BitIoLdd5.o
 .debug_abbrev  0x00001723      0x147 ./Generated_Code/BitIoLdd6.o
 .debug_abbrev  0x0000186a      0x147 ./Generated_Code/BitIoLdd7.o
 .debug_abbrev  0x000019b1      0x147 ./Generated_Code/BitIoLdd8.o
 .debug_abbrev  0x00001af8      0x147 ./Generated_Code/BitIoLdd9.o
 .debug_abbrev  0x00001c3f      0x1e5 ./Generated_Code/CAN1.o
 .debug_abbrev  0x00001e24       0x45 ./Generated_Code/Cpu.o
 .debug_abbrev  0x00001e69      0x1a7 ./Generated_Code/DbgTerminal.o
 .debug_abbrev  0x00002010      0x1d6 ./Generated_Code/Inhr1.o
 .debug_abbrev  0x000021e6      0x10d ./Generated_Code/PE_LDD.o
 .debug_abbrev  0x000022f3      0x15d ./Generated_Code/TU1.o

.debug_aranges  0x00000000      0xa20
 .debug_aranges
                0x00000000       0x90 ./modules/timer_timeout/timer_timeout.o
 .debug_aranges
                0x00000090       0x40 ./modules/terminal/terminal.o
 .debug_aranges
                0x000000d0       0x60 ./modules/shell/shell.o
 .debug_aranges
                0x00000130       0x68 ./modules/queue/queue.o
 .debug_aranges
                0x00000198       0x58 ./modules/hd44780/hd44780.o
 .debug_aranges
                0x000001f0       0x50 ./modules/can_t/can_t.o
 .debug_aranges
                0x00000240       0x48 ./Static_Code/System/CPU_Init.o
 .debug_aranges
                0x00000288      0x190 ./Static_Code/System/Vectors.o
 .debug_aranges
                0x00000418       0x58 ./Sources/Events.o
 .debug_aranges
                0x00000470       0x20 ./Sources/main.o
 .debug_aranges
                0x00000490       0x30 ./Sources/vmain.o
 .debug_aranges
                0x000004c0       0x50 ./Project_Settings/Startup_Code/startup.o
 .debug_aranges
                0x00000510       0x70 ./Generated_Code/ASerialLdd1.o
 .debug_aranges
                0x00000580       0x48 ./Generated_Code/BitIoLdd1.o
 .debug_aranges
                0x000005c8       0x48 ./Generated_Code/BitIoLdd2.o
 .debug_aranges
                0x00000610       0x40 ./Generated_Code/BitIoLdd3.o
 .debug_aranges
                0x00000650       0x40 ./Generated_Code/BitIoLdd4.o
 .debug_aranges
                0x00000690       0x48 ./Generated_Code/BitIoLdd5.o
 .debug_aranges
                0x000006d8       0x48 ./Generated_Code/BitIoLdd6.o
 .debug_aranges
                0x00000720       0x48 ./Generated_Code/BitIoLdd7.o
 .debug_aranges
                0x00000768       0x48 ./Generated_Code/BitIoLdd8.o
 .debug_aranges
                0x000007b0       0x48 ./Generated_Code/BitIoLdd9.o
 .debug_aranges
                0x000007f8       0x48 ./Generated_Code/CAN1.o
 .debug_aranges
                0x00000840       0x40 ./Generated_Code/Cpu.o
 .debug_aranges
                0x00000880       0xb0 ./Generated_Code/DbgTerminal.o
 .debug_aranges
                0x00000930       0x98 ./Generated_Code/Inhr1.o
 .debug_aranges
                0x000009c8       0x30 ./Generated_Code/PE_LDD.o
 .debug_aranges
                0x000009f8       0x28 ./Generated_Code/TU1.o

.debug_ranges   0x00000000      0x860
 .debug_ranges  0x00000000       0x80 ./modules/timer_timeout/timer_timeout.o
 .debug_ranges  0x00000080       0x30 ./modules/terminal/terminal.o
 .debug_ranges  0x000000b0       0x50 ./modules/shell/shell.o
 .debug_ranges  0x00000100       0x58 ./modules/queue/queue.o
 .debug_ranges  0x00000158       0x48 ./modules/hd44780/hd44780.o
 .debug_ranges  0x000001a0       0x40 ./modules/can_t/can_t.o
 .debug_ranges  0x000001e0       0x38 ./Static_Code/System/CPU_Init.o
 .debug_ranges  0x00000218      0x180 ./Static_Code/System/Vectors.o
 .debug_ranges  0x00000398       0x48 ./Sources/Events.o
 .debug_ranges  0x000003e0       0x10 ./Sources/main.o
 .debug_ranges  0x000003f0       0x20 ./Sources/vmain.o
 .debug_ranges  0x00000410       0x40 ./Project_Settings/Startup_Code/startup.o
 .debug_ranges  0x00000450       0x60 ./Generated_Code/ASerialLdd1.o
 .debug_ranges  0x000004b0       0x38 ./Generated_Code/BitIoLdd1.o
 .debug_ranges  0x000004e8       0x38 ./Generated_Code/BitIoLdd2.o
 .debug_ranges  0x00000520       0x30 ./Generated_Code/BitIoLdd3.o
 .debug_ranges  0x00000550       0x30 ./Generated_Code/BitIoLdd4.o
 .debug_ranges  0x00000580       0x38 ./Generated_Code/BitIoLdd5.o
 .debug_ranges  0x000005b8       0x38 ./Generated_Code/BitIoLdd6.o
 .debug_ranges  0x000005f0       0x38 ./Generated_Code/BitIoLdd7.o
 .debug_ranges  0x00000628       0x38 ./Generated_Code/BitIoLdd8.o
 .debug_ranges  0x00000660       0x38 ./Generated_Code/BitIoLdd9.o
 .debug_ranges  0x00000698       0x38 ./Generated_Code/CAN1.o
 .debug_ranges  0x000006d0       0x30 ./Generated_Code/Cpu.o
 .debug_ranges  0x00000700       0xa0 ./Generated_Code/DbgTerminal.o
 .debug_ranges  0x000007a0       0x88 ./Generated_Code/Inhr1.o
 .debug_ranges  0x00000828       0x20 ./Generated_Code/PE_LDD.o
 .debug_ranges  0x00000848       0x18 ./Generated_Code/TU1.o

.debug_macro    0x00000000    0x1b5af
 .debug_macro   0x00000000       0x95 ./modules/timer_timeout/timer_timeout.o
 .debug_macro   0x00000095      0x7f6 ./modules/timer_timeout/timer_timeout.o
 .debug_macro   0x0000088b       0x16 ./modules/timer_timeout/timer_timeout.o
 .debug_macro   0x000008a1       0x44 ./modules/timer_timeout/timer_timeout.o
 .debug_macro   0x000008e5      0x209 ./modules/timer_timeout/timer_timeout.o
 .debug_macro   0x00000aee     0x15de ./modules/timer_timeout/timer_timeout.o
 .debug_macro   0x000020cc       0x58 ./modules/timer_timeout/timer_timeout.o
 .debug_macro   0x00002124       0x35 ./modules/timer_timeout/timer_timeout.o
 .debug_macro   0x00002159       0xa2 ./modules/timer_timeout/timer_timeout.o
 .debug_macro   0x000021fb       0x16 ./modules/timer_timeout/timer_timeout.o
 .debug_macro   0x00002211      0x1e4 ./modules/terminal/terminal.o
 .debug_macro   0x000023f5       0x16 ./modules/terminal/terminal.o
 .debug_macro   0x0000240b       0x97 ./modules/terminal/terminal.o
 .debug_macro   0x000024a2       0x10 ./modules/terminal/terminal.o
 .debug_macro   0x000024b2       0xef ./modules/terminal/terminal.o
 .debug_macro   0x000025a1       0x4a ./modules/terminal/terminal.o
 .debug_macro   0x000025eb       0x52 ./modules/terminal/terminal.o
 .debug_macro   0x0000263d       0x16 ./modules/terminal/terminal.o
 .debug_macro   0x00002653       0x43 ./modules/terminal/terminal.o
 .debug_macro   0x00002696      0x180 ./modules/terminal/terminal.o
 .debug_macro   0x00002816       0x10 ./modules/terminal/terminal.o
 .debug_macro   0x00002826       0x22 ./modules/terminal/terminal.o
 .debug_macro   0x00002848       0xbd ./modules/terminal/terminal.o
 .debug_macro   0x00002905       0x16 ./modules/terminal/terminal.o
 .debug_macro   0x0000291b      0x16c ./modules/terminal/terminal.o
 .debug_macro   0x00002a87       0x16 ./modules/terminal/terminal.o
 .debug_macro   0x00002a9d       0x35 ./modules/terminal/terminal.o
 .debug_macro   0x00002ad2       0x16 ./modules/terminal/terminal.o
 .debug_macro   0x00002ae8       0x29 ./modules/terminal/terminal.o
 .debug_macro   0x00002b11      0x20f ./modules/terminal/terminal.o
 .debug_macro   0x00002d20     0x15d8 ./modules/terminal/terminal.o
 .debug_macro   0x000042f8      0x14e ./modules/terminal/terminal.o
 .debug_macro   0x00004446       0x5e ./modules/terminal/terminal.o
 .debug_macro   0x000044a4     0x539e ./modules/terminal/terminal.o
 .debug_macro   0x00009842      0x2dd ./modules/terminal/terminal.o
 .debug_macro   0x00009b1f       0x16 ./modules/terminal/terminal.o
 .debug_macro   0x00009b35       0x34 ./modules/terminal/terminal.o
 .debug_macro   0x00009b69       0x10 ./modules/terminal/terminal.o
 .debug_macro   0x00009b79       0x10 ./modules/terminal/terminal.o
 .debug_macro   0x00009b89      0x149 ./modules/shell/shell.o
 .debug_macro   0x00009cd2      0x166 ./modules/shell/shell.o
 .debug_macro   0x00009e38      0x2a6 ./modules/shell/shell.o
 .debug_macro   0x0000a0de       0x10 ./modules/shell/shell.o
 .debug_macro   0x0000a0ee       0x1f ./modules/shell/shell.o
 .debug_macro   0x0000a10d      0x177 ./modules/queue/queue.o
 .debug_macro   0x0000a284      0x260 ./modules/hd44780/hd44780.o
 .debug_macro   0x0000a4e4     0x15d8 ./modules/hd44780/hd44780.o
 .debug_macro   0x0000babc       0x94 ./modules/hd44780/hd44780.o
 .debug_macro   0x0000bb50      0x12c ./modules/hd44780/hd44780.o
 .debug_macro   0x0000bc7c       0x46 ./modules/hd44780/hd44780.o
 .debug_macro   0x0000bcc2       0x26 ./modules/hd44780/hd44780.o
 .debug_macro   0x0000bce8       0x4c ./modules/hd44780/hd44780.o
 .debug_macro   0x0000bd34       0x26 ./modules/hd44780/hd44780.o
 .debug_macro   0x0000bd5a       0x4c ./modules/hd44780/hd44780.o
 .debug_macro   0x0000bda6       0x26 ./modules/hd44780/hd44780.o
 .debug_macro   0x0000bdcc       0x4c ./modules/hd44780/hd44780.o
 .debug_macro   0x0000be18       0x26 ./modules/hd44780/hd44780.o
 .debug_macro   0x0000be3e       0x46 ./modules/hd44780/hd44780.o
 .debug_macro   0x0000be84       0x1f ./modules/hd44780/hd44780.o
 .debug_macro   0x0000bea3       0x46 ./modules/hd44780/hd44780.o
 .debug_macro   0x0000bee9       0x1f ./modules/hd44780/hd44780.o
 .debug_macro   0x0000bf08       0x4c ./modules/hd44780/hd44780.o
 .debug_macro   0x0000bf54       0x26 ./modules/hd44780/hd44780.o
 .debug_macro   0x0000bf7a       0xdc ./modules/hd44780/hd44780.o
 .debug_macro   0x0000c056      0x243 ./modules/can_t/can_t.o
 .debug_macro   0x0000c299       0x1c ./modules/can_t/can_t.o
 .debug_macro   0x0000c2b5       0x10 ./modules/can_t/can_t.o
 .debug_macro   0x0000c2c5       0x46 ./modules/can_t/can_t.o
 .debug_macro   0x0000c30b       0x26 ./modules/can_t/can_t.o
 .debug_macro   0x0000c331      0x284 ./Static_Code/System/CPU_Init.o
 .debug_macro   0x0000c5b5       0x46 ./Static_Code/System/CPU_Init.o
 .debug_macro   0x0000c5fb       0x26 ./Static_Code/System/CPU_Init.o
 .debug_macro   0x0000c621       0x86 ./Static_Code/System/CPU_Init.o
 .debug_macro   0x0000c6a7       0x52 ./Static_Code/System/CPU_Init.o
 .debug_macro   0x0000c6f9       0x12 ./Static_Code/System/CPU_Init.o
 .debug_macro   0x0000c70b       0x4c ./Static_Code/System/CPU_Init.o
 .debug_macro   0x0000c757       0x3a ./Static_Code/System/CPU_Init.o
 .debug_macro   0x0000c791       0x81 ./Static_Code/System/CPU_Init.o
 .debug_macro   0x0000c812       0x20 ./Static_Code/System/CPU_Init.o
 .debug_macro   0x0000c832       0x4c ./Static_Code/System/CPU_Init.o
 .debug_macro   0x0000c87e      0x2b5 ./Static_Code/System/Vectors.o
 .debug_macro   0x0000cb33      0x12f ./Static_Code/System/Vectors.o
 .debug_macro   0x0000cc62      0x43d ./Sources/Events.o
 .debug_macro   0x0000d09f      0x5cf ./Sources/Events.o
 .debug_macro   0x0000d66e      0x2d3 ./Sources/Events.o
 .debug_macro   0x0000d941      0x109 ./Sources/Events.o
 .debug_macro   0x0000da4a      0x6a6 ./Sources/Events.o
 .debug_macro   0x0000e0f0      0x223 ./Sources/Events.o
 .debug_macro   0x0000e313      0x299 ./Sources/Events.o
 .debug_macro   0x0000e5ac       0x65 ./Sources/Events.o
 .debug_macro   0x0000e611      0x20f ./Sources/Events.o
 .debug_macro   0x0000e820      0x13f ./Sources/Events.o
 .debug_macro   0x0000e95f      0x63a ./Sources/Events.o
 .debug_macro   0x0000ef99     0x266f ./Sources/Events.o
 .debug_macro   0x00011608       0xbb ./Sources/Events.o
 .debug_macro   0x000116c3       0xe9 ./Sources/Events.o
 .debug_macro   0x000117ac      0x4ea ./Sources/Events.o
 .debug_macro   0x00011c96      0x13a ./Sources/Events.o
 .debug_macro   0x00011dd0       0xb8 ./Sources/Events.o
 .debug_macro   0x00011e88      0x179 ./Sources/Events.o
 .debug_macro   0x00012001      0x987 ./Sources/Events.o
 .debug_macro   0x00012988      0x648 ./Sources/Events.o
 .debug_macro   0x00012fd0      0x7b8 ./Sources/Events.o
 .debug_macro   0x00013788      0x162 ./Sources/Events.o
 .debug_macro   0x000138ea       0x1c ./Sources/Events.o
 .debug_macro   0x00013906      0x346 ./Sources/main.o
 .debug_macro   0x00013c4c      0x2ea ./Sources/vmain.o
 .debug_macro   0x00013f36      0x12f ./Project_Settings/Startup_Code/startup.o
 .debug_macro   0x00014065       0x10 ./Project_Settings/Startup_Code/startup.o
 .debug_macro   0x00014075     0x5392 ./Project_Settings/Startup_Code/startup.o
 .debug_macro   0x00019407      0x116 ./Generated_Code/ASerialLdd1.o
 .debug_macro   0x0001951d       0x7b ./Generated_Code/ASerialLdd1.o
 .debug_macro   0x00019598       0x26 ./Generated_Code/ASerialLdd1.o
 .debug_macro   0x000195be      0x7b2 ./Generated_Code/ASerialLdd1.o
 .debug_macro   0x00019d70       0xf9 ./Generated_Code/BitIoLdd1.o
 .debug_macro   0x00019e69       0xf9 ./Generated_Code/BitIoLdd2.o
 .debug_macro   0x00019f62       0xf9 ./Generated_Code/BitIoLdd3.o
 .debug_macro   0x0001a05b       0x40 ./Generated_Code/BitIoLdd3.o
 .debug_macro   0x0001a09b       0xf9 ./Generated_Code/BitIoLdd4.o
 .debug_macro   0x0001a194       0x40 ./Generated_Code/BitIoLdd4.o
 .debug_macro   0x0001a1d4       0xf9 ./Generated_Code/BitIoLdd5.o
 .debug_macro   0x0001a2cd       0x46 ./Generated_Code/BitIoLdd5.o
 .debug_macro   0x0001a313       0xf9 ./Generated_Code/BitIoLdd6.o
 .debug_macro   0x0001a40c       0x46 ./Generated_Code/BitIoLdd6.o
 .debug_macro   0x0001a452       0xf9 ./Generated_Code/BitIoLdd7.o
 .debug_macro   0x0001a54b       0x46 ./Generated_Code/BitIoLdd7.o
 .debug_macro   0x0001a591       0xf9 ./Generated_Code/BitIoLdd8.o
 .debug_macro   0x0001a68a       0x46 ./Generated_Code/BitIoLdd8.o
 .debug_macro   0x0001a6d0       0xf9 ./Generated_Code/BitIoLdd9.o
 .debug_macro   0x0001a7c9      0x2ae ./Generated_Code/CAN1.o
 .debug_macro   0x0001aa77      0x286 ./Generated_Code/Cpu.o
 .debug_macro   0x0001acfd      0x105 ./Generated_Code/DbgTerminal.o
 .debug_macro   0x0001ae02      0x2fc ./Generated_Code/Inhr1.o
 .debug_macro   0x0001b0fe      0x235 ./Generated_Code/PE_LDD.o
 .debug_macro   0x0001b333      0x27c ./Generated_Code/TU1.o

.debug_line     0x00000000     0x7e05
 .debug_line    0x00000000      0x328 ./modules/timer_timeout/timer_timeout.o
 .debug_line    0x00000328      0x41c ./modules/terminal/terminal.o
 .debug_line    0x00000744      0x403 ./modules/shell/shell.o
 .debug_line    0x00000b47      0x36b ./modules/queue/queue.o
 .debug_line    0x00000eb2      0x65e ./modules/hd44780/hd44780.o
 .debug_line    0x00001510      0x544 ./modules/can_t/can_t.o
 .debug_line    0x00001a54      0x54f ./Static_Code/System/CPU_Init.o
 .debug_line    0x00001fa3      0x7a1 ./Static_Code/System/Vectors.o
 .debug_line    0x00002744      0x737 ./Sources/Events.o
 .debug_line    0x00002e7b      0x566 ./Sources/main.o
 .debug_line    0x000033e1      0x5b0 ./Sources/vmain.o
 .debug_line    0x00003991      0x3a2 ./Project_Settings/Startup_Code/startup.o
 .debug_line    0x00003d33      0x433 ./Generated_Code/ASerialLdd1.o
 .debug_line    0x00004166      0x338 ./Generated_Code/BitIoLdd1.o
 .debug_line    0x0000449e      0x338 ./Generated_Code/BitIoLdd2.o
 .debug_line    0x000047d6      0x326 ./Generated_Code/BitIoLdd3.o
 .debug_line    0x00004afc      0x326 ./Generated_Code/BitIoLdd4.o
 .debug_line    0x00004e22      0x33c ./Generated_Code/BitIoLdd5.o
 .debug_line    0x0000515e      0x33c ./Generated_Code/BitIoLdd6.o
 .debug_line    0x0000549a      0x33c ./Generated_Code/BitIoLdd7.o
 .debug_line    0x000057d6      0x33c ./Generated_Code/BitIoLdd8.o
 .debug_line    0x00005b12      0x33c ./Generated_Code/BitIoLdd9.o
 .debug_line    0x00005e4e      0x5cf ./Generated_Code/CAN1.o
 .debug_line    0x0000641d      0x4eb ./Generated_Code/Cpu.o
 .debug_line    0x00006908      0x592 ./Generated_Code/DbgTerminal.o
 .debug_line    0x00006e9a      0x678 ./Generated_Code/Inhr1.o
 .debug_line    0x00007512      0x479 ./Generated_Code/PE_LDD.o
 .debug_line    0x0000798b      0x47a ./Generated_Code/TU1.o

.debug_str      0x00000000    0x8dd2f
 .debug_str     0x00000000     0x99ad ./modules/timer_timeout/timer_timeout.o
                               0x9b62 (size before relaxing)
 .debug_str     0x000099ad    0x1eb28 ./modules/terminal/terminal.o
                              0x287ca (size before relaxing)
 .debug_str     0x000284d5     0x1167 ./modules/shell/shell.o
                               0x5796 (size before relaxing)
 .debug_str     0x0002963c       0xc9 ./modules/queue/queue.o
                               0x6000 (size before relaxing)
 .debug_str     0x00029705     0x2817 ./modules/hd44780/hd44780.o
                              0x2b04e (size before relaxing)
 .debug_str     0x0002bf1c      0x557 ./modules/can_t/can_t.o
                              0x2a781 (size before relaxing)
 .debug_str     0x0002c473     0x13fd ./Static_Code/System/CPU_Init.o
                              0x2a0ae (size before relaxing)
 .debug_str     0x0002d870      0x94e ./Static_Code/System/Vectors.o
                              0x2a995 (size before relaxing)
 .debug_str     0x0002e1be    0x5e583 ./Sources/Events.o
                              0x8a204 (size before relaxing)
 .debug_str     0x0008c741       0x12 ./Sources/main.o
                              0x88165 (size before relaxing)
 .debug_str     0x0008c753       0x7a ./Sources/vmain.o
                              0x2b441 (size before relaxing)
 .debug_str     0x0008c7cd       0xe6 ./Project_Settings/Startup_Code/startup.o
                              0x20eae (size before relaxing)
 .debug_str     0x0008c8b3      0x2f5 ./Generated_Code/ASerialLdd1.o
                              0x350fe (size before relaxing)
 .debug_str     0x0008cba8       0xfd ./Generated_Code/BitIoLdd1.o
                              0x27769 (size before relaxing)
 .debug_str     0x0008cca5       0xb1 ./Generated_Code/BitIoLdd2.o
                              0x27769 (size before relaxing)
 .debug_str     0x0008cd56       0xa0 ./Generated_Code/BitIoLdd3.o
                              0x27731 (size before relaxing)
 .debug_str     0x0008cdf6       0xa0 ./Generated_Code/BitIoLdd4.o
                              0x27731 (size before relaxing)
 .debug_str     0x0008ce96       0xb1 ./Generated_Code/BitIoLdd5.o
                              0x27763 (size before relaxing)
 .debug_str     0x0008cf47       0xb1 ./Generated_Code/BitIoLdd6.o
                              0x27763 (size before relaxing)
 .debug_str     0x0008cff8       0xb1 ./Generated_Code/BitIoLdd7.o
                              0x27763 (size before relaxing)
 .debug_str     0x0008d0a9       0xb1 ./Generated_Code/BitIoLdd8.o
                              0x27763 (size before relaxing)
 .debug_str     0x0008d15a       0xb1 ./Generated_Code/BitIoLdd9.o
                              0x27763 (size before relaxing)
 .debug_str     0x0008d20b      0x3dd ./Generated_Code/CAN1.o
                              0x30b2a (size before relaxing)
 .debug_str     0x0008d5e8       0x28 ./Generated_Code/Cpu.o
                              0x29d0b (size before relaxing)
 .debug_str     0x0008d610      0x211 ./Generated_Code/DbgTerminal.o
                              0x26be7 (size before relaxing)
 .debug_str     0x0008d821      0x2d8 ./Generated_Code/Inhr1.o
                              0x2a010 (size before relaxing)
 .debug_str     0x0008daf9      0x15f ./Generated_Code/PE_LDD.o
                              0x29e50 (size before relaxing)
 .debug_str     0x0008dc58       0xd7 ./Generated_Code/TU1.o
                              0x29e6d (size before relaxing)

.comment        0x00000000       0x70
 .comment       0x00000000       0x70 ./modules/timer_timeout/timer_timeout.o
                                 0x71 (size before relaxing)
 .comment       0x00000000       0x71 ./modules/terminal/terminal.o
 .comment       0x00000000       0x71 ./modules/shell/shell.o
 .comment       0x00000000       0x71 ./modules/queue/queue.o
 .comment       0x00000000       0x71 ./modules/hd44780/hd44780.o